Archive member included to satisfy reference by file (symbol)

C:/Users/emgar/Documents/GitHub/Crab-Stab/nflib/lib\libnflib.a(nf_2d.o)
                              main.o (NF_Set2D)
C:/Users/emgar/Documents/GitHub/Crab-Stab/nflib/lib\libnflib.a(nf_basic.o)
                              C:/Users/emgar/Documents/GitHub/Crab-Stab/nflib/lib\libnflib.a(nf_2d.o) (NF_Error)
C:/Users/emgar/Documents/GitHub/Crab-Stab/nflib/lib\libnflib.a(nf_bitmapbg.o)
                              main.o (NF_Init16bitsBgBuffers)
C:/Users/emgar/Documents/GitHub/Crab-Stab/nflib/lib\libnflib.a(nf_sound.o)
                              main.o (NF_InitRawSoundBuffers)
C:/Users/emgar/Documents/GitHub/Crab-Stab/nflib/lib\libnflib.a(nf_sprite256.o)
                              main.o (NF_InitSpriteBuffers)
C:/Users/emgar/Documents/GitHub/Crab-Stab/nflib/lib\libnflib.a(nf_text.o)
                              main.o (NF_InitTextSys)
C:/Users/emgar/Documents/GitHub/Crab-Stab/nflib/lib\libnflib.a(nf_tiledbg.o)
                              main.o (NF_InitTiledBgBuffers)
C:/devkitPro/libnds/lib\libfilesystem.a(nitrofs.o)
                              main.o (nitroFSInit)
C:/devkitPro/libnds/lib\libfat.a(libfat.o)
                              C:/Users/emgar/Documents/GitHub/Crab-Stab/nflib/lib\libnflib.a(nf_basic.o) (fatInitDefault)
C:/devkitPro/libnds/lib\libfat.a(disc.o)
                              C:/devkitPro/libnds/lib\libfat.a(libfat.o) (_FAT_disc_interfaces)
C:/devkitPro/libnds/lib\libfat.a(fatfile.o)
                              C:/devkitPro/libnds/lib\libfat.a(libfat.o) (_FAT_open_r)
C:/devkitPro/libnds/lib\libfat.a(cache.o)
                              C:/devkitPro/libnds/lib\libfat.a(fatfile.o) (_FAT_cache_readSectors)
C:/devkitPro/libnds/lib\libfat.a(fatdir.o)
                              C:/devkitPro/libnds/lib\libfat.a(libfat.o) (_FAT_stat_r)
C:/devkitPro/libnds/lib\libfat.a(directory.o)
                              C:/devkitPro/libnds/lib\libfat.a(fatfile.o) (_FAT_directory_entryGetCluster)
C:/devkitPro/libnds/lib\libfat.a(partition.o)
                              C:/devkitPro/libnds/lib\libfat.a(libfat.o) (_FAT_partition_destructor)
C:/devkitPro/libnds/lib\libfat.a(lock.o)
                              C:/devkitPro/libnds/lib\libfat.a(partition.o) (_FAT_lock_init)
C:/devkitPro/libnds/lib\libfat.a(filetime.o)
                              C:/devkitPro/libnds/lib\libfat.a(fatfile.o) (_FAT_filetime_getTimeFromRTC)
C:/devkitPro/libnds/lib\libfat.a(file_allocation_table.o)
                              C:/devkitPro/libnds/lib\libfat.a(fatfile.o) (_FAT_fat_nextCluster)
C:/devkitPro/libnds/lib\libmm9.a(mm_comms.o)
                              main.o (mmLockChannels)
C:/devkitPro/libnds/lib\libmm9.a(mm_memory.o)
                              main.o (mmLoad)
C:/devkitPro/libnds/lib\libmm9.a(mm_main9.o)
                              C:/devkitPro/libnds/lib\libmm9.a(mm_memory.o) (mmcbMemory)
C:/devkitPro/libnds/lib\libmm9.a(mm_soundbank.o)
                              C:/devkitPro/libnds/lib\libmm9.a(mm_main9.o) (mmSoundBankInMemory)
C:/devkitPro/libnds/lib\libmm9.a(mm_flusher.o)
                              C:/devkitPro/libnds/lib\libmm9.a(mm_memory.o) (mmFlushBank)
C:/devkitPro/libnds/lib\libnds9.a(video.o)
                              C:/Users/emgar/Documents/GitHub/Crab-Stab/nflib/lib\libnflib.a(nf_basic.o) (setBrightness)
C:/devkitPro/libnds/lib\libnds9.a(touch.o)
                              main.o (touchRead)
C:/devkitPro/libnds/lib\libnds9.a(console.o)
                              C:/Users/emgar/Documents/GitHub/Crab-Stab/nflib/lib\libnflib.a(nf_basic.o) (consoleDemoInit)
C:/devkitPro/libnds/lib\libnds9.a(sound.o)
                              main.o (soundEnable)
C:/devkitPro/libnds/lib\libnds9.a(sprite.o)
                              C:/Users/emgar/Documents/GitHub/Crab-Stab/nflib/lib\libnflib.a(nf_sprite256.o) (oamInit)
C:/devkitPro/libnds/lib\libnds9.a(keys.o)
                              main.o (scanKeys)
C:/devkitPro/libnds/lib\libnds9.a(dldi.o)
                              C:/devkitPro/libnds/lib\libfat.a(disc.o) (dldiGetInternal)
C:/devkitPro/libnds/lib\libnds9.a(initSystem.o)
                              C:/devkitPro/devkitARM/bin/../lib/gcc/arm-none-eabi/13.2.0/../../../../arm-none-eabi/lib/thumb/ds_arm9_crt0.o (initSystem)
C:/devkitPro/libnds/lib\libnds9.a(securearea.o)
                              C:/devkitPro/devkitARM/bin/../lib/gcc/arm-none-eabi/13.2.0/../../../../arm-none-eabi/lib/thumb/ds_arm9_crt0.o (__secure_area__)
C:/devkitPro/libnds/lib\libnds9.a(timers.o)
                              main.o (timerStart)
C:/devkitPro/libnds/lib\libnds9.a(interrupts.o)
                              C:/devkitPro/libnds/lib\libnds9.a(timers.o) (irqSet)
C:/devkitPro/libnds/lib\libnds9.a(libnds_exit.arm.o)
                              C:/devkitPro/devkitARM/bin/../lib/gcc/arm-none-eabi/13.2.0/../../../../arm-none-eabi/lib/thumb/ds_arm9_crt0.o (__libnds_exit)
C:/devkitPro/libnds/lib\libnds9.a(card.o)
[...]
Memory Configuration

Name             Origin             Length             Attributes
ewram            0x02000000         0x00380000
dtcm             0x02ff0000         0x00004000
vectors          0x01000000         0x00000100
itcm             0x01000100         0x00007f00
*default*        0x00000000         0xffffffff

Linker script and memory map

                0x02380000                        __ewram_end = (ORIGIN (ewram) + LENGTH (ewram))
                0x02380000                        __eheap_end = (ORIGIN (ewram) + LENGTH (ewram))
                0x02ff4000                        __dtcm_top = (ORIGIN (dtcm) + LENGTH (dtcm))
                0x02ff3ff8                        __irq_flags = (__dtcm_top - 0x8)
                0x02ff3ffc                        __irq_vector = (__dtcm_top - 0x4)
                0x02ff3f00                        __sp_svc = (__dtcm_top - 0x100)
                0x02ff3e00                        __sp_irq = (__sp_svc - 0x100)
                0x02ff3d00                        __sp_usr = (__sp_irq - 0x100)

.secure         0x02000000      0x800
 *(.secure)
 .secure        0x02000000      0x800 C:/devkitPro/libnds/lib\libnds9.a(securearea.o)
                0x02000000                __secure_area__

.crt0           0x02000800      0x300
                0x02000800                        __text_start = .
 *(.crt0)
 .crt0          0x02000800      0x300 C:/devkitPro/devkitARM/bin/../lib/gcc/arm-none-eabi/13.2.0/../../../../arm-none-eabi/lib/thumb/ds_arm9_crt0.o
                0x02000800                _start
                0x02000b00                        . = ALIGN (0x4)

.plt
 *(.plt)

.init           0x02000b00        0xc
 *(SORT_NONE(.init))
 .init          0x02000b00        0x4 C:/devkitPro/devkitARM/bin/../lib/gcc/arm-none-eabi/13.2.0/thumb/crti.o
                0x02000b00                _init
 .init          0x02000b04        0x8 C:/devkitPro/devkitARM/bin/../lib/gcc/arm-none-eabi/13.2.0/thumb/crtn.o

.text           0x02000b40    0x22a28
 *(EXCLUDE_FILE(*.twl* *.vectors* *.itcm*) .text)
 .text          0x02000b40       0xd0 Action.o
                0x02000b40                Action::Action()
                0x02000b40                Action::Action()
                0x02000b48                Action::SetStart()
                0x02000b50                Action::SetTouch()
                0x02000b58                Action::IsStart()
                0x02000b64                Action::IsTouch()
                0x02000b70                Action::SetUp()
                0x02000b78                Action::SetDown()
                0x02000b80                Action::SetLeft()
                0x02000b88                Action::SetRight()
                0x02000b90                Action::IsUp()
                0x02000b9c                Action::IsDown()
                0x02000ba8                Action::IsLeft()
                0x02000bb4                Action::IsRight()
                0x02000bc0                Action::SetA()
                0x02000bc8                Action::SetB()
                0x02000bd0                Action::SetY()
                0x02000bd8                Action::SetX()
                0x02000be0                Action::IsA()
                0x02000bec                Action::IsB()
                0x02000bf8                Action::IsY()
                0x02000c04                Action::IsX()
 .text          0x02000c10       0x90 ForwardModel.o
                0x02000c10                ForwardModel::ForwardModel()
                0x02000c10                ForwardModel::ForwardModel()
                0x02000c14                ForwardModel::ChangeLvl(GameState&, Action&)
                0x02000c34                ForwardModel::MarceloMoves(GameState&, Action&)
                0x02000c88                ForwardModel::Flexing(GameState&, Action&)
 .text          0x02000ca0       0x18 GameState.o
                0x02000ca0                GameState::GameState()
                0x02000ca0                GameState::GameState()
                0x02000ca4                GameState::Reset()
 .text          0x02000cb8      0x8f8 main.o
                0x02000e3c                InitBuffers()
                0x02000f10                Update(GameState&, ForwardModel&)
                0x02001084                CinematicManager(GameState&)
                0x02001094                Drawscene(GameState&)
                0x0200149c                TextMaker(GameState&)
                0x0200153c                LevelClear(GameState&)
 .text          0x020015b0      0x808 C:/Users/emgar/Documents/GitHub/Crab-Stab/nflib/lib\libnflib.a(nf_2d.o)
                0x020015b0                NF_Set2D
                0x02001614                NF_ShowBg
                0x02001688                NF_HideBg
                0x02001724                NF_ScrollBg
                0x02001a68                NF_MoveSprite
                0x02001a88                NF_SpriteLayer
                0x02001aa4                NF_ShowSprite
                0x02001ac4                NF_HflipSprite
                0x02001ae0                NF_GetSpriteHflip
                0x02001afc                NF_VflipSprite
                0x02001b18                NF_GetSpriteVflip
                0x02001b34                NF_SpriteFrame
                0x02001c00                NF_EnableSpriteRotScale
                0x02001ca0                NF_DisableSpriteRotScale
                0x02001d14                NF_SpriteRotScale
 .text          0x02001db8      0x498 C:/Users/emgar/Documents/GitHub/Crab-Stab/nflib/lib\libnflib.a(nf_basic.o)
                0x02001db8                NF_Error
                0x02002064                NF_SetRootFolder
                0x020021bc                NF_DmaMemCopy
                0x02002240                NF_GetLanguage
 .text          0x02002250      0x9b4 C:/Users/emgar/Documents/GitHub/Crab-Stab/nflib/lib\libnflib.a(nf_bitmapbg.o)
                0x02002250                NF_Init16bitsBgBuffers
                0x0200226c                NF_Reset16bitsBgBuffers
                0x02002298                NF_Init16bitsBackBuffer
                0x020022b0                NF_Enable16bitsBackBuffer
                0x020022ec                NF_Disble16bitsBackBuffer
                0x0200230c                NF_Flip16bitsBackBuffer
                0x02002338                NF_InitBitmapBgSys
                0x02002518                NF_Load16bImgData
                0x02002658                NF_Load16bitsBg
                0x02002670                NF_Load16bitsImage
                0x02002680                NF_Unload16bitsBg
                0x020026b4                NF_Copy16bitsBuffer
                0x02002714                NF_Draw16bitsImage
                0x0200282c                NF_Init8bitsBgBuffers
                0x0200284c                NF_Reset8bitsBgBuffers
                0x02002884                NF_Load8bitsBg
                0x02002a10                NF_Unload8bitsBg
                0x02002a58                NF_Copy8bitsBuffer
                0x02002b08                NF_Init8bitsBackBuffer
                0x02002b24                NF_Enable8bitsBackBuffer
                0x02002b8c                NF_Disble8bitsBackBuffer
                0x02002bb8                NF_Flip8bitsBackBuffer
 .text          0x02002c04      0x2b0 C:/Users/emgar/Documents/GitHub/Crab-Stab/nflib/lib\libnflib.a(nf_sound.o)
                0x02002c04                NF_InitRawSoundBuffers
                0x02002c38                NF_ResetRawSoundBuffers
                0x02002c7c                NF_LoadRawSound
                0x02002db0                NF_UnloadRawSound
                0x02002e20                NF_PlayRawSound
 .text          0x02002eb4     0x1354 C:/Users/emgar/Documents/GitHub/Crab-Stab/nflib/lib\libnflib.a(nf_sprite256.o)
                0x02002eb4                NF_InitSpriteBuffers
                0x02002f10                NF_ResetSpriteBuffers
                0x02002f44                NF_InitSpriteSys
                0x02003144                NF_LoadSpriteGfx
                0x0200326c                NF_UnloadSpriteGfx
                0x020032e8                NF_LoadSpritePal
                0x020033dc                NF_UnloadSpritePal
                0x02003438                NF_VramSpriteGfx
                0x0200375c                NF_VramSpriteGfxDefrag
                0x0200397c                NF_FreeSpriteGfx
                0x02003a6c                NF_VramSpritePal
                0x02003b50                NF_CreateSprite
                0x02003e94                NF_DeleteSprite
                0x02003f2c                NF_SpriteOamSet
                0x02003ff0                NF_SpriteSetPalColor
                0x02004088                NF_SpriteEditPalColor
                0x02004104                NF_SpriteUpdatePalette
                0x02004198                NF_SpriteGetPalColor
 .text          0x02004208      0x848 C:/Users/emgar/Documents/GitHub/Crab-Stab/nflib/lib\libnflib.a(nf_text.o)
                0x02004208                NF_InitTextSys
                0x02004240                NF_LoadTextFont
                0x020044a4                NF_UnloadTextFont
                0x020044ac                NF_CreateTextLayer
                0x02004538                NF_DeleteTextLayer
                0x02004590                NF_WriteText
                0x020048d4                NF_UpdateTextLayers
                0x02004928                NF_ClearTextLayer
                0x02004990                NF_DefineTextColor
                0x02004a34                NF_SetTextColor
 .text          0x02004a50     0x1994 C:/Users/emgar/Documents/GitHub/Crab-Stab/nflib/lib\libnflib.a(nf_tiledbg.o)
                0x02004a50                NF_InitTiledBgBuffers
                0x02004ae4                NF_ResetTiledBgBuffers
                0x02004b40                NF_InitTiledBgSys
                0x02004c60                NF_LoadTiledBg
                0x02004ef0                NF_LoadTilesForBg
                0x02005178                NF_UnloadTiledBg
                0x02005238                NF_DeleteTiledBg
                0x020053ec                NF_CreateTiledBg
                0x020059dc                NF_GetTileMapAddress
                0x02005a90                NF_GetTileOfMap
                0x02005ac8                NF_SetTileOfMap
                0x02005b0c                NF_UpdateVramMap
                0x02005c24                NF_BgSetPalColor
                0x02005cd0                NF_BgEditPalColor
                0x02005d74                NF_BgUpdatePalette
                0x02005e34                NF_BgGetPalColor
                0x02005ecc                NF_GetTilePal
                0x02005f00                NF_SetTilePal
                0x02005f44                NF_LoadExBgPal
                0x0200602c                NF_UnloadExBgPal
                0x0200607c                NF_VramExBgPal
                0x02006124                NF_SetExBgPal
                0x0200620c                NF_SetTileHflip
                0x02006244                NF_SetTileVflip
                0x0200627c                NF_RotateTileGfx
 .text          0x020063e4      0x24c C:/devkitPro/libnds/lib\libmm9.a(mm_comms.o)
                0x020063e4                mmSetupComms
                0x02006436                mmSendBank
                0x02006440                mmLockChannels
                0x02006446                mmUnlockChannels
                0x0200644c                mmStart
                0x02006456                mmPause
                0x0200645a                mmResume
                0x0200645e                mmStop
                0x02006462                mmPosition
                0x02006466                mmJingle
                0x0200646a                mmSetModuleVolume
                0x0200646e                mmSetJingleVolume
                0x02006472                mmSetModuleTempo
                0x02006476                mmSetModulePitch
                0x0200647a                mmSetEffectsVolume
                0x0200647e                mmSelectMode
                0x02006482                mmStreamBegin
                0x02006496                mmStreamEnd
                0x020064ec                mmEffect
                0x02006510                mmEffectVolume
                0x02006514                mmEffectPanning
                0x02006518                mmEffectRate
                0x02006522                mmEffectScaleRate
                0x0200652c                mmEffectRelease
                0x02006532                mmEffectCancel
                0x02006538                mmEffectEx
                0x02006576                mmEffectCancelAll
                0x0200657a                mmReverbEnable
                0x0200657e                mmReverbDisable
                0x02006582                mmReverbConfigure
                0x020065de                mmReverbStart
                0x020065e2                mmReverbStop
 .text          0x02006630      0x120 C:/devkitPro/libnds/lib\libmm9.a(mm_memory.o)
                0x02006630                mmLoad
                0x02006680                mmUnload
                0x020066d8                mmLoadEffect
                0x02006710                mmUnloadEffect
 .text          0x02006750      0x108 C:/devkitPro/libnds/lib\libmm9.a(mm_main9.o)
                0x02006750                mmActive
                0x02006756                mmSetEventHandler
                0x0200675c                mmInit
                0x02006786                mmInitDefault
                0x020067d0                mmInitDefaultMem
                0x020067f2                mmSuspendIRQ_t
                0x02006810                mmRestoreIRQ_t
 .text          0x02006858      0x100 C:/devkitPro/libnds/lib\libmm9.a(mm_soundbank.o)
                0x02006858                mmSoundBankInMemory
                0x02006860                mmSoundBankInFiles
                0x02006872                mmSetCustomSoundBankHandler
                0x0200689e                mmsHandleFileOp
 .text          0x02006958       0x3c C:/devkitPro/libnds/lib\libmm9.a(mm_flusher.o)
                0x02006958                mmFlushBank
 *fill*         0x02006994       0x2c ff
 .text          0x020069c0     0x4000 C:/devkitPro/libnds/lib\libnds9.a(dldi_stub.o)
                0x020069c0                _io_dldi_stub
 .text          0x0200a9c0      0x11c C:/devkitPro/devkitARM/bin/../lib/gcc/arm-none-eabi/13.2.0/thumb\libgcc.a(_udivsi3.o)
                0x0200a9c0                __aeabi_uidiv
                0x0200a9c0                __udivsi3
                0x0200aabc                __aeabi_uidivmod
 .text          0x0200aadc      0x150 C:/devkitPro/devkitARM/bin/../lib/gcc/arm-none-eabi/13.2.0/thumb\libgcc.a(_divsi3.o)
                0x0200aadc                __divsi3
                0x0200aadc                __aeabi_idiv
                0x0200ac0c                __aeabi_idivmod
 .text          0x0200ac2c        0x4 C:/devkitPro/devkitARM/bin/../lib/gcc/arm-none-eabi/13.2.0/thumb\libgcc.a(_dvmd_tls.o)
                0x0200ac2c                __aeabi_idiv0
                0x0200ac2c                __aeabi_ldiv0
 .text          0x0200ac30       0xd4 C:/devkitPro/devkitARM/bin/../lib/gcc/arm-none-eabi/13.2.0/thumb\libgcc.a(_aeabi_ldivmod.o)
                0x0200ac30                __aeabi_ldivmod
 .text          0x0200ad04      0x1d8 C:/devkitPro/devkitARM/bin/../lib/gcc/arm-none-eabi/13.2.0/thumb\libgcc.a(libunwind.o)
                0x0200ad04                __restore_core_regs
                0x0200ad04                restore_core_regs
                0x0200ad20                __gnu_Unwind_Restore_VFP
                0x0200ad28                __gnu_Unwind_Save_VFP
                0x0200ad30                __gnu_Unwind_Restore_VFP_D
                0x0200ad38                __gnu_Unwind_Save_VFP_D
                0x0200ad40                __gnu_Unwind_Restore_VFP_D_16_to_31
                0x0200ad48                __gnu_Unwind_Save_VFP_D_16_to_31
                0x0200ad50                __gnu_Unwind_Restore_WMMXD
                0x0200ad94                __gnu_Unwind_Save_WMMXD
                0x0200add8                __gnu_Unwind_Restore_WMMXC
                0x0200adec                __gnu_Unwind_Save_WMMXC
                0x0200ae00                ___Unwind_RaiseException
                0x0200ae00                _Unwind_RaiseException
                0x0200ae2c                _Unwind_Resume
                0x0200ae2c                ___Unwind_Resume
                0x0200ae58                _Unwind_Resume_or_Rethrow
                0x0200ae58                ___Unwind_Resume_or_Rethrow
                0x0200ae84                _Unwind_ForcedUnwind
                0x0200ae84                ___Unwind_ForcedUnwind
                0x0200aeb0                ___Unwind_Backtrace
                0x0200aeb0                _Unwind_Backtrace
 .text          0x0200aedc       0x28 C:/devkitPro/devkitARM/bin/../lib/gcc/arm-none-eabi/13.2.0/thumb\libgcc.a(_clzdi2.o)
                0x0200aedc                __clzdi2
 .text          0x0200af04       0x48 C:/devkitPro/devkitARM/bin/../lib/gcc/arm-none-eabi/13.2.0/thumb\libgcc.a(_clzsi2.o)
                0x0200af04                __clzsi2
 .text          0x0200af4c      0x224 C:/devkitPro/devkitARM/bin/../lib/gcc/arm-none-eabi/13.2.0/../../../../arm-none-eabi/lib/thumb\libg.a(libc_a-strcmp.o)
                0x0200af4c                strcmp
 .text          0x0200b170       0x14 C:/devkitPro/devkitARM/bin/../lib/gcc/arm-none-eabi/13.2.0/thumb\libgcc.a(_thumb1_case_uqi.o)
                0x0200b170                __gnu_thumb1_case_uqi
 .text          0x0200b184       0x14 C:/devkitPro/devkitARM/bin/../lib/gcc/arm-none-eabi/13.2.0/thumb\libgcc.a(_thumb1_case_uhi.o)
                0x0200b184                __gnu_thumb1_case_uhi
 .text          0x0200b198      0x424 C:/devkitPro/devkitARM/bin/../lib/gcc/arm-none-eabi/13.2.0/thumb\libgcc.a(_arm_addsubdf3.o)
                0x0200b198                __aeabi_drsub
                0x0200b1a0                __aeabi_dsub
                0x0200b1a0                __subdf3
                0x0200b1a4                __aeabi_dadd
                0x0200b1a4                __adddf3
                0x0200b4b4                __floatunsidf
                0x0200b4b4                __aeabi_ui2d
                0x0200b4d8                __floatsidf
                0x0200b4d8                __aeabi_i2d
                0x0200b500                __aeabi_f2d
                0x0200b500                __extendsfdf2
                0x0200b548                __floatundidf
                0x0200b548                __aeabi_ul2d
                0x0200b55c                __floatdidf
                0x0200b55c                __aeabi_l2d
 .text          0x0200b5bc      0x49c C:/devkitPro/devkitARM/bin/../lib/gcc/arm-none-eabi/13.2.0/thumb\libgcc.a(_arm_muldivdf3.o)
                0x0200b5bc                __aeabi_dmul
                0x0200b5bc                __muldf3
                0x0200b84c                __divdf3
                0x0200b84c                __aeabi_ddiv
 .text          0x0200ba58      0x144 C:/devkitPro/devkitARM/bin/../lib/gcc/arm-none-eabi/13.2.0/thumb\libgcc.a(_arm_cmpdf2.o)
                0x0200ba58                __gtdf2
                0x0200ba58                __gedf2
                0x0200ba60                __ltdf2
                0x0200ba60                __ledf2
                0x0200ba68                __nedf2
                0x0200ba68                __eqdf2
                0x0200ba68                __cmpdf2
                0x0200baf0                __aeabi_cdrcmple
                0x0200bb0c                __aeabi_cdcmpeq
                0x0200bb0c                __aeabi_cdcmple
                0x0200bb24                __aeabi_dcmpeq
                0x0200bb3c                __aeabi_dcmplt
                0x0200bb54                __aeabi_dcmple
                0x0200bb6c                __aeabi_dcmpge
                0x0200bb84                __aeabi_dcmpgt
 .text          0x0200bb9c       0x38 C:/devkitPro/devkitARM/bin/../lib/gcc/arm-none-eabi/13.2.0/thumb\libgcc.a(_arm_unorddf2.o)
                0x0200bb9c                __unorddf2
                0x0200bb9c                __aeabi_dcmpun
 .text          0x0200bbd4       0x5c C:/devkitPro/devkitARM/bin/../lib/gcc/arm-none-eabi/13.2.0/thumb\libgcc.a(_arm_fixdfsi.o)
                0x0200bbd4                __aeabi_d2iz
                0x0200bbd4                __fixdfsi
 .text          0x0200bc30       0x3c C:/devkitPro/devkitARM/bin/../lib/gcc/arm-none-eabi/13.2.0/thumb\libgcc.a(_aeabi_uldivmod.o)
                0x0200bc30                __aeabi_uldivmod
 *(EXCLUDE_FILE(*.twl* *.vectors* *.itcm*) .stub)
 *(EXCLUDE_FILE(*.twl* *.vectors* *.itcm*) .text.*)
 .text.__do_global_dtors_aux
                0x0200bc6c       0x2c C:/devkitPro/devkitARM/bin/../lib/gcc/arm-none-eabi/13.2.0/thumb/crtbegin.o
 .text.frame_dummy
                0x0200bc98       0x24 C:/devkitPro/devkitARM/bin/../lib/gcc/arm-none-eabi/13.2.0/thumb/crtbegin.o
 .text.startup  0x0200bcbc       0xa0 main.o
                0x0200bcbc                main
 .text.nitroFSDirClose
                0x0200bd5c        0x4 C:/devkitPro/libnds/lib\libfilesystem.a(nitrofs.o)
 .text.nitroFSSeek
                0x0200bd60       0x78 C:/devkitPro/libnds/lib\libfilesystem.a(nitrofs.o)
 .text.nitroFSFstat
                0x0200bdd8       0x10 C:/devkitPro/libnds/lib\libfilesystem.a(nitrofs.o)
 .text.nitroSubReadBlock
                0x0200bde8       0x54 C:/devkitPro/libnds/lib\libfilesystem.a(nitrofs.o)
 .text.nitroSubReadCard
                0x0200be3c       0xb0 C:/devkitPro/libnds/lib\libfilesystem.a(nitrofs.o)
 .text.nitroFSClose
                0x0200beec        0x4 C:/devkitPro/libnds/lib\libfilesystem.a(nitrofs.o)
 .text.nitroDirReset
                0x0200bef0       0x9c C:/devkitPro/libnds/lib\libfilesystem.a(nitrofs.o)
 .text.nitroFSRead
                0x0200bf8c       0xbc C:/devkitPro/libnds/lib\libfilesystem.a(nitrofs.o)
 .text.nitroFSDirNext
                0x0200c048      0x30c C:/devkitPro/libnds/lib\libfilesystem.a(nitrofs.o)
 .text.nitroFSDirOpen
                0x0200c354       0xe0 C:/devkitPro/libnds/lib\libfilesystem.a(nitrofs.o)
 .text.nitroFSChdir
                0x0200c434       0x30 C:/devkitPro/libnds/lib\libfilesystem.a(nitrofs.o)
 .text.nitroFSOpen
                0x0200c464       0xc4 C:/devkitPro/libnds/lib\libfilesystem.a(nitrofs.o)
 .text.nitroFSstat
                0x0200c528       0x68 C:/devkitPro/libnds/lib\libfilesystem.a(nitrofs.o)
 .text.nitroFSInit
                0x0200c590      0x12c C:/devkitPro/libnds/lib\libfilesystem.a(nitrofs.o)
                0x0200c590                nitroFSInit
 .text.fatMount.part.0
                0x0200c6bc       0xa0 C:/devkitPro/libnds/lib\libfat.a(libfat.o)
 .text.fatMount
                0x0200c75c       0x3c C:/devkitPro/libnds/lib\libfat.a(libfat.o)
                0x0200c75c                fatMount
 .text.fatInit  0x0200c798      0x130 C:/devkitPro/libnds/lib\libfat.a(libfat.o)
                0x0200c798                fatInit
 .text.fatInitDefault
                0x0200c8c8        0xc C:/devkitPro/libnds/lib\libfat.a(libfat.o)
                0x0200c8c8                fatInitDefault
 .text._FAT_check_position_for_next_cluster.part.0
                0x0200c8d4       0x68 C:/devkitPro/libnds/lib\libfat.a(fatfile.o)
 .text._FAT_syncToDisc.part.0
                0x0200c93c       0xd4 C:/devkitPro/libnds/lib\libfat.a(fatfile.o)
 .text._FAT_file_extend_r
                0x0200ca10      0x208 C:/devkitPro/libnds/lib\libfat.a(fatfile.o)
 .text._FAT_open_r
                0x0200cc18      0x2d4 C:/devkitPro/libnds/lib\libfat.a(fatfile.o)
                0x0200cc18                _FAT_open_r
 .text._FAT_close_r
                0x0200ceec       0x74 C:/devkitPro/libnds/lib\libfat.a(fatfile.o)
                0x0200ceec                _FAT_close_r
 .text._FAT_read_r
                0x0200cf60      0x398 C:/devkitPro/libnds/lib\libfat.a(fatfile.o)
                0x0200cf60                _FAT_read_r
 .text._FAT_write_r
                0x0200d2f8      0x53c C:/devkitPro/libnds/lib\libfat.a(fatfile.o)
                0x0200d2f8                _FAT_write_r
 .text._FAT_seek_r
                0x0200d834      0x194 C:/devkitPro/libnds/lib\libfat.a(fatfile.o)
                0x0200d834                _FAT_seek_r
 .text._FAT_fstat_r
                0x0200d9c8       0x8c C:/devkitPro/libnds/lib\libfat.a(fatfile.o)
                0x0200d9c8                _FAT_fstat_r
 .text._FAT_ftruncate_r
                0x0200da54      0x16c C:/devkitPro/libnds/lib\libfat.a(fatfile.o)
                0x0200da54                _FAT_ftruncate_r
 .text._FAT_fsync_r
                0x0200dbc0       0x44 C:/devkitPro/libnds/lib\libfat.a(fatfile.o)
                0x0200dbc0                _FAT_fsync_r
 .text._FAT_cache_getPage
                0x0200dc04       0xf0 C:/devkitPro/libnds/lib\libfat.a(cache.o)
 .text._FAT_cache_constructor
                0x0200dcf4       0x90 C:/devkitPro/libnds/lib\libfat.a(cache.o)
                0x0200dcf4                _FAT_cache_constructor
 .text._FAT_cache_readSectors
                0x0200dd84       0x60 C:/devkitPro/libnds/lib\libfat.a(cache.o)
                0x0200dd84                _FAT_cache_readSectors
 .text._FAT_cache_readPartialSector
                0x0200dde4       0x3c C:/devkitPro/libnds/lib\libfat.a(cache.o)
                0x0200dde4                _FAT_cache_readPartialSector
 .text._FAT_cache_readLittleEndianValue
                0x0200de20       0x70 C:/devkitPro/libnds/lib\libfat.a(cache.o)
                0x0200de20                _FAT_cache_readLittleEndianValue
 .text._FAT_cache_writePartialSector
                0x0200de90       0x4c C:/devkitPro/libnds/lib\libfat.a(cache.o)
                0x0200de90                _FAT_cache_writePartialSector
 .text._FAT_cache_writeLittleEndianValue
                0x0200dedc       0x8c C:/devkitPro/libnds/lib\libfat.a(cache.o)
                0x0200dedc                _FAT_cache_writeLittleEndianValue
 .text._FAT_cache_eraseWritePartialSector
                0x0200df68       0x60 C:/devkitPro/libnds/lib\libfat.a(cache.o)
                0x0200df68                _FAT_cache_eraseWritePartialSector
 .text._FAT_cache_writeSectors
                0x0200dfc8       0x80 C:/devkitPro/libnds/lib\libfat.a(cache.o)
                0x0200dfc8                _FAT_cache_writeSectors
 .text._FAT_cache_flush
                0x0200e048       0x40 C:/devkitPro/libnds/lib\libfat.a(cache.o)
                0x0200e048                _FAT_cache_flush
 .text._FAT_stat_r
                0x0200e088       0x90 C:/devkitPro/libnds/lib\libfat.a(fatdir.o)
                0x0200e088                _FAT_stat_r
 .text._FAT_link_r
                0x0200e118        0xc C:/devkitPro/libnds/lib\libfat.a(fatdir.o)
                0x0200e118                _FAT_link_r
 .text._FAT_unlink_r
                0x0200e124      0x184 C:/devkitPro/libnds/lib\libfat.a(fatdir.o)
                0x0200e124                _FAT_unlink_r
 .text._FAT_chdir_r
                0x0200e2a8       0x70 C:/devkitPro/libnds/lib\libfat.a(fatdir.o)
                0x0200e2a8                _FAT_chdir_r
 .text._FAT_rename_r
                0x0200e318      0x1c4 C:/devkitPro/libnds/lib\libfat.a(fatdir.o)
                0x0200e318                _FAT_rename_r
 .text._FAT_mkdir_r
                0x0200e4dc      0x244 C:/devkitPro/libnds/lib\libfat.a(fatdir.o)
                0x0200e4dc                _FAT_mkdir_r
 .text._FAT_statvfs_r
                0x0200e720       0x78 C:/devkitPro/libnds/lib\libfat.a(fatdir.o)
                0x0200e720                _FAT_statvfs_r
 .text._FAT_diropen_r
                0x0200e798       0xb0 C:/devkitPro/libnds/lib\libfat.a(fatdir.o)
                0x0200e798                _FAT_diropen_r
 .text._FAT_dirreset_r
                0x0200e848       0x4c C:/devkitPro/libnds/lib\libfat.a(fatdir.o)
                0x0200e848                _FAT_dirreset_r
 .text._FAT_dirnext_r
                0x0200e894       0x7c C:/devkitPro/libnds/lib\libfat.a(fatdir.o)
                0x0200e894                _FAT_dirnext_r
 .text._FAT_dirclose_r
                0x0200e910       0x20 C:/devkitPro/libnds/lib\libfat.a(fatdir.o)
                0x0200e910                _FAT_dirclose_r
 .text._FAT_directory_entryGetAlias
                0x0200e930       0xc8 C:/devkitPro/libnds/lib\libfat.a(directory.o)
 .text._FAT_directory_incrementDirEntryPosition
                0x0200e9f8       0x80 C:/devkitPro/libnds/lib\libfat.a(directory.o)
 .text._FAT_directory_mbsncasecmp
                0x0200ea78       0xa8 C:/devkitPro/libnds/lib\libfat.a(directory.o)
 .text._FAT_directory_ucs2tombs.constprop.0
                0x0200eb20       0x90 C:/devkitPro/libnds/lib\libfat.a(directory.o)
 .text._FAT_directory_entryGetCluster
                0x0200ebb0       0x20 C:/devkitPro/libnds/lib\libfat.a(directory.o)
                0x0200ebb0                _FAT_directory_entryGetCluster
 .text._FAT_directory_getNextEntry
                0x0200ebd0      0x23c C:/devkitPro/libnds/lib\libfat.a(directory.o)
                0x0200ebd0                _FAT_directory_getNextEntry
 .text._FAT_directory_entryExists
                0x0200ee0c       0x80 C:/devkitPro/libnds/lib\libfat.a(directory.o)
 .text._FAT_directory_getFirstEntry
                0x0200ee8c       0x20 C:/devkitPro/libnds/lib\libfat.a(directory.o)
                0x0200ee8c                _FAT_directory_getFirstEntry
 .text._FAT_directory_getRootEntry
                0x0200eeac       0x60 C:/devkitPro/libnds/lib\libfat.a(directory.o)
                0x0200eeac                _FAT_directory_getRootEntry
 .text._FAT_directory_entryFromPosition
                0x0200ef0c      0x150 C:/devkitPro/libnds/lib\libfat.a(directory.o)
                0x0200ef0c                _FAT_directory_entryFromPosition
 .text._FAT_directory_entryFromPath
                0x0200f05c      0x248 C:/devkitPro/libnds/lib\libfat.a(directory.o)
                0x0200f05c                _FAT_directory_entryFromPath
 .text._FAT_directory_removeEntry
                0x0200f2a4       0xd8 C:/devkitPro/libnds/lib\libfat.a(directory.o)
                0x0200f2a4                _FAT_directory_removeEntry
 .text._FAT_directory_addEntry
                0x0200f37c      0x808 C:/devkitPro/libnds/lib\libfat.a(directory.o)
                0x0200f37c                _FAT_directory_addEntry
 .text._FAT_directory_chdir
                0x0200fb84       0x3c C:/devkitPro/libnds/lib\libfat.a(directory.o)
                0x0200fb84                _FAT_directory_chdir
 .text._FAT_directory_entryStat
                0x0200fbc0       0xe4 C:/devkitPro/libnds/lib\libfat.a(directory.o)
                0x0200fbc0                _FAT_directory_entryStat
 .text.isValidMBR
                0x0200fca4       0x5c C:/devkitPro/libnds/lib\libfat.a(partition.o)
 .text._FAT_updateFS_INFO
                0x0200fd00       0x54 C:/devkitPro/libnds/lib\libfat.a(partition.o)
 .text.FindFirstValidPartition_buf.part.0
                0x0200fd54      0x11c C:/devkitPro/libnds/lib\libfat.a(partition.o)
 .text._FAT_partition_getPartitionFromPath
                0x0200fe70       0x10 C:/devkitPro/libnds/lib\libfat.a(partition.o)
                0x0200fe70                _FAT_partition_getPartitionFromPath
 .text._FAT_partition_createFSinfo
                0x0200fe80       0x50 C:/devkitPro/libnds/lib\libfat.a(partition.o)
                0x0200fe80                _FAT_partition_createFSinfo
 .text._FAT_partition_readFSinfo.part.0
                0x0200fed0       0x74 C:/devkitPro/libnds/lib\libfat.a(partition.o)
 .text._FAT_partition_constructor_buf
                0x0200ff44      0x2e8 C:/devkitPro/libnds/lib\libfat.a(partition.o)
                0x0200ff44                _FAT_partition_constructor_buf
 .text._FAT_partition_constructor
                0x0201022c       0x40 C:/devkitPro/libnds/lib\libfat.a(partition.o)
                0x0201022c                _FAT_partition_constructor
 .text._FAT_partition_readFSinfo
                0x0201026c       0x10 C:/devkitPro/libnds/lib\libfat.a(partition.o)
                0x0201026c                _FAT_partition_readFSinfo
 .text._FAT_lock_init
                0x0201027c        0x4 C:/devkitPro/libnds/lib\libfat.a(lock.o)
                0x0201027c                _FAT_lock_init
 .text._FAT_lock
                0x02010280        0x4 C:/devkitPro/libnds/lib\libfat.a(lock.o)
                0x02010280                _FAT_lock
 .text._FAT_unlock
                0x02010284        0x4 C:/devkitPro/libnds/lib\libfat.a(lock.o)
                0x02010284                _FAT_unlock
 .text._FAT_filetime_getTimeFromRTC
                0x02010288       0x44 C:/devkitPro/libnds/lib\libfat.a(filetime.o)
                0x02010288                _FAT_filetime_getTimeFromRTC
 .text._FAT_filetime_getDateFromRTC
                0x020102cc       0x44 C:/devkitPro/libnds/lib\libfat.a(filetime.o)
                0x020102cc                _FAT_filetime_getDateFromRTC
 .text._FAT_filetime_to_time_t
                0x02010310       0x38 C:/devkitPro/libnds/lib\libfat.a(filetime.o)
                0x02010310                _FAT_filetime_to_time_t
 .text._FAT_fat_writeFatEntry.part.0.isra.0
                0x02010348      0x12c C:/devkitPro/libnds/lib\libfat.a(file_allocation_table.o)
 .text._FAT_fat_nextCluster
                0x02010474      0x108 C:/devkitPro/libnds/lib\libfat.a(file_allocation_table.o)
                0x02010474                _FAT_fat_nextCluster
 .text._FAT_fat_linkFreeCluster
                0x0201057c       0xac C:/devkitPro/libnds/lib\libfat.a(file_allocation_table.o)
                0x0201057c                _FAT_fat_linkFreeCluster
 .text._FAT_fat_linkFreeClusterCleared
                0x02010628       0x68 C:/devkitPro/libnds/lib\libfat.a(file_allocation_table.o)
                0x02010628                _FAT_fat_linkFreeClusterCleared
 .text._FAT_fat_clearLinks
                0x02010690       0x7c C:/devkitPro/libnds/lib\libfat.a(file_allocation_table.o)
                0x02010690                _FAT_fat_clearLinks
 .text._FAT_fat_trimChain
                0x0201070c       0x80 C:/devkitPro/libnds/lib\libfat.a(file_allocation_table.o)
                0x0201070c                _FAT_fat_trimChain
 .text._FAT_fat_lastCluster
                0x0201078c       0x34 C:/devkitPro/libnds/lib\libfat.a(file_allocation_table.o)
                0x0201078c                _FAT_fat_lastCluster
 .text._FAT_fat_freeClusterCount
                0x020107c0       0x2c C:/devkitPro/libnds/lib\libfat.a(file_allocation_table.o)
                0x020107c0                _FAT_fat_freeClusterCount
 .text.setBrightness
                0x020107ec       0x40 C:/devkitPro/libnds/lib\libnds9.a(video.o)
                0x020107ec                setBrightness
 .text.vramDefault
                0x0201082c       0xd0 C:/devkitPro/libnds/lib\libnds9.a(video.o)
                0x0201082c                vramDefault
 .text.touchRead
                0x020108fc       0x24 C:/devkitPro/libnds/lib\libnds9.a(touch.o)
                0x020108fc                touchRead
 .text.newRow   0x02010920       0xa8 C:/devkitPro/libnds/lib\libnds9.a(console.o)
 .text.consolePrintChar
                0x020109c8       0xe0 C:/devkitPro/libnds/lib\libnds9.a(console.o)
                0x020109c8                consolePrintChar
 .text.con_write
                0x02010aa8      0x36c C:/devkitPro/libnds/lib\libnds9.a(console.o)
                0x02010aa8                con_write
 .text.consoleLoadFont
                0x02010e14      0x2a0 C:/devkitPro/libnds/lib\libnds9.a(console.o)
                0x02010e14                consoleLoadFont
 .text.consoleInit
                0x020110b4      0x18c C:/devkitPro/libnds/lib\libnds9.a(console.o)
                0x020110b4                consoleInit
 .text.consoleDemoInit
                0x02011240       0x40 C:/devkitPro/libnds/lib\libnds9.a(console.o)
                0x02011240                consoleDemoInit
 .text.consoleClear
                0x02011280       0x10 C:/devkitPro/libnds/lib\libnds9.a(console.o)
                0x02011280                consoleClear
 .text.soundEnable
                0x02011290       0x10 C:/devkitPro/libnds/lib\libnds9.a(sound.o)
                0x02011290                soundEnable
 .text.soundPlaySample
                0x020112a0       0x68 C:/devkitPro/libnds/lib\libnds9.a(sound.o)
                0x020112a0                soundPlaySample
 .text.oamInit  0x02011308      0x114 C:/devkitPro/libnds/lib\libnds9.a(sprite.o)
                0x02011308                oamInit
 .text.oamGfxPtrToOffset
                0x0201141c       0x34 C:/devkitPro/libnds/lib\libnds9.a(sprite.o)
                0x0201141c                oamGfxPtrToOffset
 .text.oamSet   0x02011450      0x104 C:/devkitPro/libnds/lib\libnds9.a(sprite.o)
                0x02011450                oamSet
 .text.oamUpdate
                0x02011554       0x60 C:/devkitPro/libnds/lib\libnds9.a(sprite.o)
                0x02011554                oamUpdate
 .text.oamRotateScale
                0x020115b4       0x4c C:/devkitPro/libnds/lib\libnds9.a(sprite.o)
                0x020115b4                oamRotateScale
 .text.scanKeys
                0x02011600       0x8c C:/devkitPro/libnds/lib\libnds9.a(keys.o)
                0x02011600                scanKeys
 .text.keysHeld
                0x0201168c        0xc C:/devkitPro/libnds/lib\libnds9.a(keys.o)
                0x0201168c                keysHeld
 .text.keysDown
                0x02011698       0x14 C:/devkitPro/libnds/lib\libnds9.a(keys.o)
                0x02011698                keysDown
 .text.dldiGetInternal
                0x020116ac       0x34 C:/devkitPro/libnds/lib\libnds9.a(dldi.o)
                0x020116ac                dldiGetInternal
 .text.get_io_dsisd
                0x020116e0       0x24 C:/devkitPro/libnds/lib\libnds9.a(dldi.o)
                0x020116e0                get_io_dsisd
 .text.__syscall_gettod_r
                0x02011704       0x28 C:/devkitPro/libnds/lib\libnds9.a(initSystem.o)
                0x02011704                __syscall_gettod_r
 .text.__syscall_exit
                0x0201172c        0x8 C:/devkitPro/libnds/lib\libnds9.a(initSystem.o)
                0x0201172c                __syscall_exit
 .text.initSystem
                0x02011734      0x180 C:/devkitPro/libnds/lib\libnds9.a(initSystem.o)
                0x02011734                initSystem
 .text.timerStart
                0x020118b4       0x40 C:/devkitPro/libnds/lib\libnds9.a(timers.o)
                0x020118b4                timerStart
 .text.timerElapsed
                0x020118f4       0x30 C:/devkitPro/libnds/lib\libnds9.a(timers.o)
                0x020118f4                timerElapsed
 .text.timerStop
                0x02011924       0x3c C:/devkitPro/libnds/lib\libnds9.a(timers.o)
                0x02011924                timerStop
 .text.irqDummy
                0x02011960        0x4 C:/devkitPro/libnds/lib\libnds9.a(interrupts.o)
                0x02011960                irqDummy
 .text.irqSet   0x02011964       0x6c C:/devkitPro/libnds/lib\libnds9.a(interrupts.o)
                0x02011964                irqSet
 .text.irqInit  0x020119d0       0x50 C:/devkitPro/libnds/lib\libnds9.a(interrupts.o)
                0x020119d0                irqInit
 .text.irqEnable
                0x02011a20       0x64 C:/devkitPro/libnds/lib\libnds9.a(interrupts.o)
                0x02011a20                irqEnable
 .text.systemErrorExit
                0x02011a84        0x4 C:/devkitPro/libnds/lib\libnds9.a(libnds_exit.arm.o)
                0x02011a84                systemErrorExit
 .text.__libnds_exit
                0x02011a88       0x5c C:/devkitPro/libnds/lib\libnds9.a(libnds_exit.arm.o)
                0x02011a88                __libnds_exit
 .text.cardPolledTransfer
                0x02011ae4       0x54 C:/devkitPro/libnds/lib\libnds9.a(card.o)
                0x02011ae4                cardPolledTransfer
 .text.cardParamCommand
                0x02011b38       0x34 C:/devkitPro/libnds/lib\libnds9.a(card.o)
                0x02011b38                cardParamCommand
 .text.fifo_queueBlock
                0x02011b6c       0x44 C:/devkitPro/libnds/lib\libnds9.a(fifosystem.o)
 .text.fifo_waitBlock
                0x02011bb0       0x80 C:/devkitPro/libnds/lib\libnds9.a(fifosystem.o)
 .text.fifoInternalSend.part.0
                0x02011c30       0xd4 C:/devkitPro/libnds/lib\libnds9.a(fifosystem.o)
 .text.fifoInternalSendInterrupt
                0x02011d04       0xb0 C:/devkitPro/libnds/lib\libnds9.a(fifosystem.o)
 .text.fifoSetValue32Handler
                0x02011db4       0xd4 C:/devkitPro/libnds/lib\libnds9.a(fifosystem.o)
                0x02011db4                fifoSetValue32Handler
 .text.fifoSendValue32
                0x02011e88       0x4c C:/devkitPro/libnds/lib\libnds9.a(fifosystem.o)
                0x02011e88                fifoSendValue32
 .text.fifoSendDatamsg
                0x02011ed4       0x90 C:/devkitPro/libnds/lib\libnds9.a(fifosystem.o)
                0x02011ed4                fifoSendDatamsg
 .text.fifoGetValue32
                0x02011f64       0x70 C:/devkitPro/libnds/lib\libnds9.a(fifosystem.o)
                0x02011f64                fifoGetValue32
 .text.fifoGetDatamsg
                0x02011fd4       0xf4 C:/devkitPro/libnds/lib\libnds9.a(fifosystem.o)
                0x02011fd4                fifoGetDatamsg
 .text.fifoInternalRecvInterrupt
                0x020120c8      0x37c C:/devkitPro/libnds/lib\libnds9.a(fifosystem.o)
 .text.fifoSetDatamsgHandler
                0x02012444       0x9c C:/devkitPro/libnds/lib\libnds9.a(fifosystem.o)
                0x02012444                fifoSetDatamsgHandler
 .text.fifoCheckValue32
                0x020124e0       0x24 C:/devkitPro/libnds/lib\libnds9.a(fifosystem.o)
                0x020124e0                fifoCheckValue32
 .text.fifoInit
                0x02012504      0x108 C:/devkitPro/libnds/lib\libnds9.a(fifosystem.o)
                0x02012504                fifoInit
 .text.DC_FlushRange
                0x0201260c       0x24 C:/devkitPro/libnds/lib\libnds9.a(dcache.o)
                0x0201260c                DC_FlushRange
 .text.DC_InvalidateRange
                0x02012630       0x2c C:/devkitPro/libnds/lib\libnds9.a(dcache.o)
                0x02012630                DC_InvalidateRange
 .text.__libnds_mpu_setup
                0x0201265c      0x174 C:/devkitPro/libnds/lib\libnds9.a(mpu_setup.o)
                0x0201265c                __libnds_mpu_setup
 .text.memUncached
                0x020127d0       0x20 C:/devkitPro/libnds/lib\libnds9.a(mpu_setup.o)
                0x020127d0                memUncached
 .text.swiWaitForVBlank
                0x020127f0        0x8 C:/devkitPro/libnds/lib\libnds9.a(IntrWait.o)
                0x020127f0                swiWaitForVBlank
 .text.swiIntrWait
                0x020127f8       0x70 C:/devkitPro/libnds/lib\libnds9.a(IntrWait.o)
                0x020127f8                swiIntrWait
 .text.setCpuClock
                0x02012868       0x50 C:/devkitPro/libnds/lib\libnds9.a(cpu_clock.o)
                0x02012868                setCpuClock
 .text.swiDelay
                0x020128b8        0x4 C:/devkitPro/libnds/lib\libnds9.a(biosCalls.o)
                0x020128b8                swiDelay
 .text.swiSoftReset
                0x020128bc       0x2c C:/devkitPro/libnds/lib\libnds9.a(swiSoftReset.o)
                0x020128bc                swiSoftReset
 .text.checkIfText
                0x020128e8       0x5c C:/devkitPro/libnds/lib\libnds9.a(background.o)
                0x020128e8                checkIfText
 .text.bgUpdate
                0x02012944       0xf4 C:/devkitPro/libnds/lib\libnds9.a(background.o)
                0x02012944                bgUpdate
 .text.bgInit_call
                0x02012a38       0xc4 C:/devkitPro/libnds/lib\libnds9.a(background.o)
                0x02012a38                bgInit_call
 .text.bgInitSub_call
                0x02012afc       0xcc C:/devkitPro/libnds/lib\libnds9.a(background.o)
                0x02012afc                bgInitSub_call
 .text.sinLutLookup
                0x02012bc8       0x4c C:/devkitPro/libnds/lib\libnds9.a(trig.o)
                0x02012bc8                sinLutLookup
 .text.sinLerp  0x02012c14       0x40 C:/devkitPro/libnds/lib\libnds9.a(trig.o)
                0x02012c14                sinLerp
 .text.cosLerp  0x02012c54       0x4c C:/devkitPro/libnds/lib\libnds9.a(trig.o)
                0x02012c54                cosLerp
 .text.oamAllocReset
                0x02012ca0       0x1c C:/devkitPro/libnds/lib\libnds9.a(sprite_alloc.o)
                0x02012ca0                oamAllocReset
 .text.systemValueHandler
                0x02012cbc       0x48 C:/devkitPro/libnds/lib\libnds9.a(system.o)
                0x02012cbc                systemValueHandler
 .text.systemMsgHandler
                0x02012d04       0x60 C:/devkitPro/libnds/lib\libnds9.a(system.o)
                0x02012d04                systemMsgHandler
 .text.powerOn  0x02012d64       0x2c C:/devkitPro/libnds/lib\libnds9.a(system.o)
                0x02012d64                powerOn
 .text._ZdlPvj  0x02012d90        0xc C:/devkitPro/devkitARM/bin/../lib/gcc/arm-none-eabi/13.2.0/../../../../arm-none-eabi/lib/thumb\libstdc++.a(del_ops.o)
                0x02012d90                operator delete(void*, unsigned int)
 .text._ZNSt7__cxx1112basic_stringIcSt11char_traitsIcESaIcEE9_M_createERjj
                0x02012d9c       0x40 C:/devkitPro/devkitARM/bin/../lib/gcc/arm-none-eabi/13.2.0/../../../../arm-none-eabi/lib/thumb\libstdc++.a(string-inst.o)
                0x02012d9c                std::__cxx11::basic_string<char, std::char_traits<char>, std::allocator<char> >::_M_create(unsigned int&, unsigned int)
 .text._ZNSt7__cxx1112basic_stringIcSt11char_traitsIcESaIcEE12_M_constructEjc
                0x02012ddc       0x4c C:/devkitPro/devkitARM/bin/../lib/gcc/arm-none-eabi/13.2.0/../../../../arm-none-eabi/lib/thumb\libstdc++.a(string-inst.o)
                0x02012ddc                std::__cxx11::basic_string<char, std::char_traits<char>, std::allocator<char> >::_M_construct(unsigned int, char)
 .text._ZNSt7__cxx1112basic_stringIcSt11char_traitsIcESaIcEE9_M_mutateEjjPKcj
                0x02012e28       0xb8 C:/devkitPro/devkitARM/bin/../lib/gcc/arm-none-eabi/13.2.0/../../../../arm-none-eabi/lib/thumb\libstdc++.a(string-inst.o)
                0x02012e28                std::__cxx11::basic_string<char, std::char_traits<char>, std::allocator<char> >::_M_mutate(unsigned int, unsigned int, char const*, unsigned int)
 .text.unlikely._ZNSt7__cxx1112basic_stringIcSt11char_traitsIcESaIcEE15_M_replace_coldEPcjPKcjj
                0x02012ee0       0xb4 C:/devkitPro/devkitARM/bin/../lib/gcc/arm-none-eabi/13.2.0/../../../../arm-none-eabi/lib/thumb\libstdc++.a(string-inst.o)
                0x02012ee0                std::__cxx11::basic_string<char, std::char_traits<char>, std::allocator<char> >::_M_replace_cold(char*, unsigned int, char const*, unsigned int, unsigned int)
 .text._ZNSt7__cxx1112basic_stringIcSt11char_traitsIcESaIcEE10_M_replaceEjjPKcj
                0x02012f94       0xd8 C:/devkitPro/devkitARM/bin/../lib/gcc/arm-none-eabi/13.2.0/../../../../arm-none-eabi/lib/thumb\libstdc++.a(string-inst.o)
                0x02012f94                std::__cxx11::basic_string<char, std::char_traits<char>, std::allocator<char> >::_M_replace(unsigned int, unsigned int, char const*, unsigned int)
 .text._ZdlPv   0x0201306c        0xc C:/devkitPro/devkitARM/bin/../lib/gcc/arm-none-eabi/13.2.0/../../../../arm-none-eabi/lib/thumb\libstdc++.a(del_op.o)
                0x0201306c                operator delete(void*)
 .text.__cxa_end_cleanup
                0x02013078        0xc C:/devkitPro/devkitARM/bin/../lib/gcc/arm-none-eabi/13.2.0/../../../../arm-none-eabi/lib/thumb\libstdc++.a(eh_arm.o)
                0x02013078                __cxa_end_cleanup
 .text.__cxa_type_match
                0x02013084       0xcc C:/devkitPro/devkitARM/bin/../lib/gcc/arm-none-eabi/13.2.0/../../../../arm-none-eabi/lib/thumb\libstdc++.a(eh_arm.o)
                0x02013084                __cxa_type_match
 .text.__cxa_begin_cleanup
                0x02013150       0x64 C:/devkitPro/devkitARM/bin/../lib/gcc/arm-none-eabi/13.2.0/../../../../arm-none-eabi/lib/thumb\libstdc++.a(eh_arm.o)
                0x02013150                __cxa_begin_cleanup
 .text.__gnu_end_cleanup
                0x020131b4       0x74 C:/devkitPro/devkitARM/bin/../lib/gcc/arm-none-eabi/13.2.0/../../../../arm-none-eabi/lib/thumb\libstdc++.a(eh_arm.o)
                0x020131b4                __gnu_end_cleanup
 .text.__cxa_begin_catch
                0x02013228       0x78 C:/devkitPro/devkitARM/bin/../lib/gcc/arm-none-eabi/13.2.0/../../../../arm-none-eabi/lib/thumb\libstdc++.a(eh_catch.o)
                0x02013228                __cxa_begin_catch
 .text.__cxa_end_catch
                0x020132a0       0x94 C:/devkitPro/devkitARM/bin/../lib/gcc/arm-none-eabi/13.2.0/../../../../arm-none-eabi/lib/thumb\libstdc++.a(eh_catch.o)
                0x020132a0                __cxa_end_catch
 .text._ZNSt9exceptionD2Ev
                0x02013334        0x4 C:/devkitPro/devkitARM/bin/../lib/gcc/arm-none-eabi/13.2.0/../../../../arm-none-eabi/lib/thumb\libstdc++.a(eh_exception.o)
                0x02013334                std::exception::~exception()
                0x02013334                std::exception::~exception()
 .text._ZNSt13bad_exceptionD2Ev
                0x02013338        0x4 C:/devkitPro/devkitARM/bin/../lib/gcc/arm-none-eabi/13.2.0/../../../../arm-none-eabi/lib/thumb\libstdc++.a(eh_exception.o)
                0x02013338                std::bad_exception::~bad_exception()
                0x02013338                std::bad_exception::~bad_exception()
 .text._ZNKSt9exception4whatEv
                0x0201333c        0x8 C:/devkitPro/devkitARM/bin/../lib/gcc/arm-none-eabi/13.2.0/../../../../arm-none-eabi/lib/thumb\libstdc++.a(eh_exception.o)
                0x0201333c                std::exception::what() const
                0x0201333c                transaction clone for std::exception::what() const
 .text._ZNKSt13bad_exception4whatEv
                0x02013344        0x8 C:/devkitPro/devkitARM/bin/../lib/gcc/arm-none-eabi/13.2.0/../../../../arm-none-eabi/lib/thumb\libstdc++.a(eh_exception.o)
                0x02013344                std::bad_exception::what() const
                0x02013344                transaction clone for std::bad_exception::what() const
 .text._ZNSt13bad_exceptionD0Ev
                0x0201334c       0x14 C:/devkitPro/devkitARM/bin/../lib/gcc/arm-none-eabi/13.2.0/../../../../arm-none-eabi/lib/thumb\libstdc++.a(eh_exception.o)
                0x0201334c                std::bad_exception::~bad_exception()
 .text._ZL15eh_globals_dtorPv
                0x02013360       0x28 C:/devkitPro/devkitARM/bin/../lib/gcc/arm-none-eabi/13.2.0/../../../../arm-none-eabi/lib/thumb\libstdc++.a(eh_globals.o)
 .text.__cxa_get_globals_fast
                0x02013388       0x28 C:/devkitPro/devkitARM/bin/../lib/gcc/arm-none-eabi/13.2.0/../../../../arm-none-eabi/lib/thumb\libstdc++.a(eh_globals.o)
                0x02013388                __cxa_get_globals_fast
 .text.__cxa_get_globals
                0x020133b0       0x50 C:/devkitPro/devkitARM/bin/../lib/gcc/arm-none-eabi/13.2.0/../../../../arm-none-eabi/lib/thumb\libstdc++.a(eh_globals.o)
                0x020133b0                __cxa_get_globals
 .text.startup._GLOBAL__sub_I__ZN17__eh_globals_init7_S_initE
                0x02013400       0x30 C:/devkitPro/devkitARM/bin/../lib/gcc/arm-none-eabi/13.2.0/../../../../arm-none-eabi/lib/thumb\libstdc++.a(eh_globals.o)
 .text.exit._GLOBAL__sub_D__ZN17__eh_globals_init7_S_initE
                0x02013430       0x28 C:/devkitPro/devkitARM/bin/../lib/gcc/arm-none-eabi/13.2.0/../../../../arm-none-eabi/lib/thumb\libstdc++.a(eh_globals.o)
 .text._ZL28read_encoded_value_with_basehjPKhPj
                0x02013458      0x104 C:/devkitPro/devkitARM/bin/../lib/gcc/arm-none-eabi/13.2.0/../../../../arm-none-eabi/lib/thumb\libstdc++.a(eh_personality.o)
 .text._ZL21base_of_encoded_valuehP15_Unwind_Context
                0x0201355c       0x44 C:/devkitPro/devkitARM/bin/../lib/gcc/arm-none-eabi/13.2.0/../../../../arm-none-eabi/lib/thumb\libstdc++.a(eh_personality.o)
 .text._ZL17parse_lsda_headerP15_Unwind_ContextPKhP16lsda_header_info
                0x020135a0       0x94 C:/devkitPro/devkitARM/bin/../lib/gcc/arm-none-eabi/13.2.0/../../../../arm-none-eabi/lib/thumb\libstdc++.a(eh_personality.o)
 .text.__gxx_personality_v0
                0x02013634      0x490 C:/devkitPro/devkitARM/bin/../lib/gcc/arm-none-eabi/13.2.0/../../../../arm-none-eabi/lib/thumb\libstdc++.a(eh_personality.o)
                0x02013634                __gxx_personality_v0
 .text._ZNK9__gnu_cxx24__concurrence_lock_error4whatEv
                0x02013ac4        0x8 C:/devkitPro/devkitARM/bin/../lib/gcc/arm-none-eabi/13.2.0/../../../../arm-none-eabi/lib/thumb\libstdc++.a(eh_terminate.o)
                0x02013ac4                __gnu_cxx::__concurrence_lock_error::what() const
 .text._ZNK9__gnu_cxx26__concurrence_unlock_error4whatEv
                0x02013acc        0x8 C:/devkitPro/devkitARM/bin/../lib/gcc/arm-none-eabi/13.2.0/../../../../arm-none-eabi/lib/thumb\libstdc++.a(eh_terminate.o)
                0x02013acc                __gnu_cxx::__concurrence_unlock_error::what() const
 .text._ZN9__gnu_cxx24__concurrence_lock_errorD2Ev
                0x02013ad4       0x18 C:/devkitPro/devkitARM/bin/../lib/gcc/arm-none-eabi/13.2.0/../../../../arm-none-eabi/lib/thumb\libstdc++.a(eh_terminate.o)
                0x02013ad4                __gnu_cxx::__concurrence_lock_error::~__concurrence_lock_error()
                0x02013ad4                __gnu_cxx::__concurrence_lock_error::~__concurrence_lock_error()
 .text._ZN9__gnu_cxx24__concurrence_lock_errorD0Ev
                0x02013aec       0x20 C:/devkitPro/devkitARM/bin/../lib/gcc/arm-none-eabi/13.2.0/../../../../arm-none-eabi/lib/thumb\libstdc++.a(eh_terminate.o)
                0x02013aec                __gnu_cxx::__concurrence_lock_error::~__concurrence_lock_error()
 .text._ZN9__gnu_cxx26__concurrence_unlock_errorD2Ev
                0x02013b0c       0x18 C:/devkitPro/devkitARM/bin/../lib/gcc/arm-none-eabi/13.2.0/../../../../arm-none-eabi/lib/thumb\libstdc++.a(eh_terminate.o)
                0x02013b0c                __gnu_cxx::__concurrence_unlock_error::~__concurrence_unlock_error()
                0x02013b0c                __gnu_cxx::__concurrence_unlock_error::~__concurrence_unlock_error()
 .text._ZN9__gnu_cxx26__concurrence_unlock_errorD0Ev
                0x02013b24       0x20 C:/devkitPro/devkitARM/bin/../lib/gcc/arm-none-eabi/13.2.0/../../../../arm-none-eabi/lib/thumb\libstdc++.a(eh_terminate.o)
                0x02013b24                __gnu_cxx::__concurrence_unlock_error::~__concurrence_unlock_error()
 .text.unlikely._ZN9__gnu_cxx30__throw_concurrence_lock_errorEv
                0x02013b44       0x20 C:/devkitPro/devkitARM/bin/../lib/gcc/arm-none-eabi/13.2.0/../../../../arm-none-eabi/lib/thumb\libstdc++.a(eh_terminate.o)
                0x02013b44                __gnu_cxx::__throw_concurrence_lock_error()
 .text.unlikely._ZN9__gnu_cxx32__throw_concurrence_unlock_errorEv
                0x02013b64       0x20 C:/devkitPro/devkitARM/bin/../lib/gcc/arm-none-eabi/13.2.0/../../../../arm-none-eabi/lib/thumb\libstdc++.a(eh_terminate.o)
                0x02013b64                __gnu_cxx::__throw_concurrence_unlock_error()
 .text._ZN10__cxxabiv111__terminateEPFvvE
                0x02013b84       0x14 C:/devkitPro/devkitARM/bin/../lib/gcc/arm-none-eabi/13.2.0/../../../../arm-none-eabi/lib/thumb\libstdc++.a(eh_terminate.o)
                0x02013b84                __cxxabiv1::__terminate(void (*)())
 .text._ZSt13get_terminatev
                0x02013b98       0x40 C:/devkitPro/devkitARM/bin/../lib/gcc/arm-none-eabi/13.2.0/../../../../arm-none-eabi/lib/thumb\libstdc++.a(eh_terminate.o)
                0x02013b98                std::get_terminate()
 .text._ZSt9terminatev
                0x02013bd8        0xc C:/devkitPro/devkitARM/bin/../lib/gcc/arm-none-eabi/13.2.0/../../../../arm-none-eabi/lib/thumb\libstdc++.a(eh_terminate.o)
                0x02013bd8                std::terminate()
 .text._ZN10__cxxabiv112__unexpectedEPFvvE
                0x02013be4        0xc C:/devkitPro/devkitARM/bin/../lib/gcc/arm-none-eabi/13.2.0/../../../../arm-none-eabi/lib/thumb\libstdc++.a(eh_terminate.o)
                0x02013be4                __cxxabiv1::__unexpected(void (*)())
 .text._ZSt14get_unexpectedv
                0x02013bf0       0x40 C:/devkitPro/devkitARM/bin/../lib/gcc/arm-none-eabi/13.2.0/../../../../arm-none-eabi/lib/thumb\libstdc++.a(eh_terminate.o)
                0x02013bf0                std::get_unexpected()
 .text._ZSt10unexpectedv
                0x02013c30        0xc C:/devkitPro/devkitARM/bin/../lib/gcc/arm-none-eabi/13.2.0/../../../../arm-none-eabi/lib/thumb\libstdc++.a(eh_terminate.o)
                0x02013c30                std::unexpected()
 .text.startup._GLOBAL__sub_I__ZN10__cxxabiv111__terminateEPFvvE
                0x02013c3c       0x18 C:/devkitPro/devkitARM/bin/../lib/gcc/arm-none-eabi/13.2.0/../../../../arm-none-eabi/lib/thumb\libstdc++.a(eh_terminate.o)
 .text._ZL23__gxx_exception_cleanup19_Unwind_Reason_CodeP21_Unwind_Control_Block
                0x02013c54       0x58 C:/devkitPro/devkitARM/bin/../lib/gcc/arm-none-eabi/13.2.0/../../../../arm-none-eabi/lib/thumb\libstdc++.a(eh_throw.o)
 .text.__cxa_init_primary_exception
                0x02013cac       0x50 C:/devkitPro/devkitARM/bin/../lib/gcc/arm-none-eabi/13.2.0/../../../../arm-none-eabi/lib/thumb\libstdc++.a(eh_throw.o)
                0x02013cac                __cxa_init_primary_exception
 .text.__cxa_throw
                0x02013cfc       0x34 C:/devkitPro/devkitARM/bin/../lib/gcc/arm-none-eabi/13.2.0/../../../../arm-none-eabi/lib/thumb\libstdc++.a(eh_throw.o)
                0x02013cfc                __cxa_throw
 .text.__cxa_rethrow
                0x02013d30       0x70 C:/devkitPro/devkitARM/bin/../lib/gcc/arm-none-eabi/13.2.0/../../../../arm-none-eabi/lib/thumb\libstdc++.a(eh_throw.o)
                0x02013d30                __cxa_rethrow
 .text._Znwj    0x02013da0       0x48 C:/devkitPro/devkitARM/bin/../lib/gcc/arm-none-eabi/13.2.0/../../../../arm-none-eabi/lib/thumb\libstdc++.a(new_op.o)
                0x02013da0                operator new(unsigned int)
 .text._ZN10__cxxabiv120__si_class_type_infoD2Ev
                0x02013de8       0x18 C:/devkitPro/devkitARM/bin/../lib/gcc/arm-none-eabi/13.2.0/../../../../arm-none-eabi/lib/thumb\libstdc++.a(si_class_type_info.o)
                0x02013de8                __cxxabiv1::__si_class_type_info::~__si_class_type_info()
                0x02013de8                __cxxabiv1::__si_class_type_info::~__si_class_type_info()
 .text._ZN10__cxxabiv120__si_class_type_infoD0Ev
                0x02013e00       0x20 C:/devkitPro/devkitARM/bin/../lib/gcc/arm-none-eabi/13.2.0/../../../../arm-none-eabi/lib/thumb\libstdc++.a(si_class_type_info.o)
                0x02013e00                __cxxabiv1::__si_class_type_info::~__si_class_type_info()
 .text._ZNK10__cxxabiv120__si_class_type_info12__do_dyncastEiNS_17__class_type_info10__sub_kindEPKS1_PKvS4_S6_RNS1_16__dyncast_resultE
                0x02013e20       0xd8 C:/devkitPro/devkitARM/bin/../lib/gcc/arm-none-eabi/13.2.0/../../../../arm-none-eabi/lib/thumb\libstdc++.a(si_class_type_info.o)
                0x02013e20                __cxxabiv1::__si_class_type_info::__do_dyncast(int, __cxxabiv1::__class_type_info::__sub_kind, __cxxabiv1::__class_type_info const*, void const*, __cxxabiv1::__class_type_info const*, void const*, __cxxabiv1::__class_type_info::__dyncast_result&) const
 .text._ZNK10__cxxabiv120__si_class_type_info20__do_find_public_srcEiPKvPKNS_17__class_type_infoES2_
                0x02013ef8       0x5c C:/devkitPro/devkitARM/bin/../lib/gcc/arm-none-eabi/13.2.0/../../../../arm-none-eabi/lib/thumb\libstdc++.a(si_class_type_info.o)
                0x02013ef8                __cxxabiv1::__si_class_type_info::__do_find_public_src(int, void const*, __cxxabiv1::__class_type_info const*, void const*) const
 .text._ZNK10__cxxabiv120__si_class_type_info11__do_upcastEPKNS_17__class_type_infoEPKvRNS1_15__upcast_resultE
                0x02013f54       0x2c C:/devkitPro/devkitARM/bin/../lib/gcc/arm-none-eabi/13.2.0/../../../../arm-none-eabi/lib/thumb\libstdc++.a(si_class_type_info.o)
                0x02013f54                __cxxabiv1::__si_class_type_info::__do_upcast(__cxxabiv1::__class_type_info const*, void const*, __cxxabiv1::__class_type_info::__upcast_result&) const
 .text._ZNSt9type_infoD2Ev
                0x02013f80        0x4 C:/devkitPro/devkitARM/bin/../lib/gcc/arm-none-eabi/13.2.0/../../../../arm-none-eabi/lib/thumb\libstdc++.a(tinfo.o)
                0x02013f80                std::type_info::~type_info()
                0x02013f80                std::type_info::~type_info()
 .text._ZNKSt9type_info14__is_pointer_pEv
                0x02013f84        0x4 C:/devkitPro/devkitARM/bin/../lib/gcc/arm-none-eabi/13.2.0/../../../../arm-none-eabi/lib/thumb\libstdc++.a(tinfo.o)
                0x02013f84                std::type_info::__is_pointer_p() const
                0x02013f84                std::type_info::__is_function_p() const
 .text.unlikely._ZSt19__throw_logic_errorPKc
                0x02013f88       0x30 C:/devkitPro/devkitARM/bin/../lib/gcc/arm-none-eabi/13.2.0/../../../../arm-none-eabi/lib/thumb\libstdc++.a(functexcept.o)
                0x02013f88                std::__throw_logic_error(char const*)
 .text.unlikely._ZSt20__throw_length_errorPKc
                0x02013fb8       0x30 C:/devkitPro/devkitARM/bin/../lib/gcc/arm-none-eabi/13.2.0/../../../../arm-none-eabi/lib/thumb\libstdc++.a(functexcept.o)
                0x02013fb8                std::__throw_length_error(char const*)
 .text._ZN9__gnu_cxx18__exchange_and_addEPVii
                0x02013fe8       0x9c C:/devkitPro/devkitARM/bin/../lib/gcc/arm-none-eabi/13.2.0/../../../../arm-none-eabi/lib/thumb\libstdc++.a(atomicity.o)
                0x02013fe8                __gnu_cxx::__exchange_and_add(int volatile*, int)
 .text._ZNKSt9bad_alloc4whatEv
                0x02014084        0x8 C:/devkitPro/devkitARM/bin/../lib/gcc/arm-none-eabi/13.2.0/../../../../arm-none-eabi/lib/thumb\libstdc++.a(bad_alloc.o)
                0x02014084                std::bad_alloc::what() const
 .text._ZNSt9bad_allocD2Ev
                0x0201408c       0x18 C:/devkitPro/devkitARM/bin/../lib/gcc/arm-none-eabi/13.2.0/../../../../arm-none-eabi/lib/thumb\libstdc++.a(bad_alloc.o)
                0x0201408c                std::bad_alloc::~bad_alloc()
                0x0201408c                std::bad_alloc::~bad_alloc()
 .text._ZNSt9bad_allocD0Ev
                0x020140a4       0x20 C:/devkitPro/devkitARM/bin/../lib/gcc/arm-none-eabi/13.2.0/../../../../arm-none-eabi/lib/thumb\libstdc++.a(bad_alloc.o)
                0x020140a4                std::bad_alloc::~bad_alloc()
 .text._ZNK10__cxxabiv117__class_type_info11__do_upcastEPKS0_PPv
                0x020140c4       0x3c C:/devkitPro/devkitARM/bin/../lib/gcc/arm-none-eabi/13.2.0/../../../../arm-none-eabi/lib/thumb\libstdc++.a(class_type_info.o)
                0x020140c4                __cxxabiv1::__class_type_info::__do_upcast(__cxxabiv1::__class_type_info const*, void**) const
 .text._ZNK10__cxxabiv117__class_type_info20__do_find_public_srcEiPKvPKS0_S2_
                0x02014100       0x14 C:/devkitPro/devkitARM/bin/../lib/gcc/arm-none-eabi/13.2.0/../../../../arm-none-eabi/lib/thumb\libstdc++.a(class_type_info.o)
                0x02014100                __cxxabiv1::__class_type_info::__do_find_public_src(int, void const*, __cxxabiv1::__class_type_info const*, void const*) const
 .text._ZN10__cxxabiv117__class_type_infoD2Ev
                0x02014114       0x18 C:/devkitPro/devkitARM/bin/../lib/gcc/arm-none-eabi/13.2.0/../../../../arm-none-eabi/lib/thumb\libstdc++.a(class_type_info.o)
                0x02014114                __cxxabiv1::__class_type_info::~__class_type_info()
                0x02014114                __cxxabiv1::__class_type_info::~__class_type_info()
 .text._ZN10__cxxabiv117__class_type_infoD0Ev
                0x0201412c       0x20 C:/devkitPro/devkitARM/bin/../lib/gcc/arm-none-eabi/13.2.0/../../../../arm-none-eabi/lib/thumb\libstdc++.a(class_type_info.o)
                0x0201412c                __cxxabiv1::__class_type_info::~__class_type_info()
 .text._ZNK10__cxxabiv117__class_type_info11__do_upcastEPKS0_PKvRNS0_15__upcast_resultE
                0x0201414c       0x3c C:/devkitPro/devkitARM/bin/../lib/gcc/arm-none-eabi/13.2.0/../../../../arm-none-eabi/lib/thumb\libstdc++.a(class_type_info.o)
                0x0201414c                __cxxabiv1::__class_type_info::__do_upcast(__cxxabiv1::__class_type_info const*, void const*, __cxxabiv1::__class_type_info::__upcast_result&) const
 .text._ZNK10__cxxabiv117__class_type_info10__do_catchEPKSt9type_infoPPvj
                0x02014188       0x54 C:/devkitPro/devkitARM/bin/../lib/gcc/arm-none-eabi/13.2.0/../../../../arm-none-eabi/lib/thumb\libstdc++.a(class_type_info.o)
                0x02014188                __cxxabiv1::__class_type_info::__do_catch(std::type_info const*, void**, unsigned int) const
 .text._ZNK10__cxxabiv117__class_type_info12__do_dyncastEiNS0_10__sub_kindEPKS0_PKvS3_S5_RNS0_16__dyncast_resultE
                0x020141dc       0x80 C:/devkitPro/devkitARM/bin/../lib/gcc/arm-none-eabi/13.2.0/../../../../arm-none-eabi/lib/thumb\libstdc++.a(class_type_info.o)
                0x020141dc                __cxxabiv1::__class_type_info::__do_dyncast(int, __cxxabiv1::__class_type_info::__sub_kind, __cxxabiv1::__class_type_info const*, void const*, __cxxabiv1::__class_type_info const*, void const*, __cxxabiv1::__class_type_info::__dyncast_result&) const
 .text._ZN12_GLOBAL__N_14pool4freeEPv.constprop.0
                0x0201425c       0xa8 C:/devkitPro/devkitARM/bin/../lib/gcc/arm-none-eabi/13.2.0/../../../../arm-none-eabi/lib/thumb\libstdc++.a(eh_alloc.o)
 .text._ZN12_GLOBAL__N_14pool8allocateEj.constprop.0
                0x02014304       0x84 C:/devkitPro/devkitARM/bin/../lib/gcc/arm-none-eabi/13.2.0/../../../../arm-none-eabi/lib/thumb\libstdc++.a(eh_alloc.o)
 .text.__cxa_allocate_exception
                0x02014388       0x30 C:/devkitPro/devkitARM/bin/../lib/gcc/arm-none-eabi/13.2.0/../../../../arm-none-eabi/lib/thumb\libstdc++.a(eh_alloc.o)
                0x02014388                __cxa_allocate_exception
 .text.__cxa_free_exception
                0x020143b8       0x28 C:/devkitPro/devkitARM/bin/../lib/gcc/arm-none-eabi/13.2.0/../../../../arm-none-eabi/lib/thumb\libstdc++.a(eh_alloc.o)
                0x020143b8                __cxa_free_exception
 .text.startup._GLOBAL__sub_I__ZN9__gnu_cxx9__freeresEv
                0x020143e0      0x120 C:/devkitPro/devkitARM/bin/../lib/gcc/arm-none-eabi/13.2.0/../../../../arm-none-eabi/lib/thumb\libstdc++.a(eh_alloc.o)
 .text._ZN10__cxxabiv1L24__is_gxx_exception_classEPc
                0x02014500       0x3c C:/devkitPro/devkitARM/bin/../lib/gcc/arm-none-eabi/13.2.0/../../../../arm-none-eabi/lib/thumb\libstdc++.a(eh_call.o)
 .text.__cxa_call_terminate
                0x0201453c       0x20 C:/devkitPro/devkitARM/bin/../lib/gcc/arm-none-eabi/13.2.0/../../../../arm-none-eabi/lib/thumb\libstdc++.a(eh_call.o)
                0x0201453c                __cxa_call_terminate
 .text.unlikely.__cxa_call_unexpected
                0x0201455c      0x104 C:/devkitPro/devkitARM/bin/../lib/gcc/arm-none-eabi/13.2.0/../../../../arm-none-eabi/lib/thumb\libstdc++.a(eh_call.o)
                0x0201455c                __cxa_call_unexpected
 .text._ZNK9__gnu_cxx29__concurrence_broadcast_error4whatEv
                0x02014660        0x8 C:/devkitPro/devkitARM/bin/../lib/gcc/arm-none-eabi/13.2.0/../../../../arm-none-eabi/lib/thumb\libstdc++.a(guard.o)
                0x02014660                __gnu_cxx::__concurrence_broadcast_error::what() const
 .text._ZNK9__gnu_cxx24__concurrence_wait_error4whatEv
                0x02014668        0x8 C:/devkitPro/devkitARM/bin/../lib/gcc/arm-none-eabi/13.2.0/../../../../arm-none-eabi/lib/thumb\libstdc++.a(guard.o)
                0x02014668                __gnu_cxx::__concurrence_wait_error::what() const
 .text._ZN12_GLOBAL__N_1L4initEv
                0x02014670       0x20 C:/devkitPro/devkitARM/bin/../lib/gcc/arm-none-eabi/13.2.0/../../../../arm-none-eabi/lib/thumb\libstdc++.a(guard.o)
 .text._ZN12_GLOBAL__N_1L16init_static_condEv
                0x02014690       0x18 C:/devkitPro/devkitARM/bin/../lib/gcc/arm-none-eabi/13.2.0/../../../../arm-none-eabi/lib/thumb\libstdc++.a(guard.o)
 .text._ZN9__gnu_cxx24__concurrence_wait_errorD2Ev
                0x020146a8       0x18 C:/devkitPro/devkitARM/bin/../lib/gcc/arm-none-eabi/13.2.0/../../../../arm-none-eabi/lib/thumb\libstdc++.a(guard.o)
                0x020146a8                __gnu_cxx::__concurrence_wait_error::~__concurrence_wait_error()
                0x020146a8                __gnu_cxx::__concurrence_wait_error::~__concurrence_wait_error()
 .text._ZN9__gnu_cxx24__concurrence_wait_errorD0Ev
                0x020146c0       0x20 C:/devkitPro/devkitARM/bin/../lib/gcc/arm-none-eabi/13.2.0/../../../../arm-none-eabi/lib/thumb\libstdc++.a(guard.o)
                0x020146c0                __gnu_cxx::__concurrence_wait_error::~__concurrence_wait_error()
 .text._ZN9__gnu_cxx29__concurrence_broadcast_errorD2Ev
                0x020146e0       0x18 C:/devkitPro/devkitARM/bin/../lib/gcc/arm-none-eabi/13.2.0/../../../../arm-none-eabi/lib/thumb\libstdc++.a(guard.o)
                0x020146e0                __gnu_cxx::__concurrence_broadcast_error::~__concurrence_broadcast_error()
                0x020146e0                __gnu_cxx::__concurrence_broadcast_error::~__concurrence_broadcast_error()
 .text._ZN9__gnu_cxx29__concurrence_broadcast_errorD0Ev
                0x020146f8       0x20 C:/devkitPro/devkitARM/bin/../lib/gcc/arm-none-eabi/13.2.0/../../../../arm-none-eabi/lib/thumb\libstdc++.a(guard.o)
                0x020146f8                __gnu_cxx::__concurrence_broadcast_error::~__concurrence_broadcast_error()
 .text.unlikely._ZN9__gnu_cxx35__throw_concurrence_broadcast_errorEv
                0x02014718       0x20 C:/devkitPro/devkitARM/bin/../lib/gcc/arm-none-eabi/13.2.0/../../../../arm-none-eabi/lib/thumb\libstdc++.a(guard.o)
                0x02014718                __gnu_cxx::__throw_concurrence_broadcast_error()
 .text.__cxa_guard_acquire
                0x02014738      0x12c C:/devkitPro/devkitARM/bin/../lib/gcc/arm-none-eabi/13.2.0/../../../../arm-none-eabi/lib/thumb\libstdc++.a(guard.o)
                0x02014738                __cxa_guard_acquire
 .text.__cxa_guard_release
                0x02014864       0x80 C:/devkitPro/devkitARM/bin/../lib/gcc/arm-none-eabi/13.2.0/../../../../arm-none-eabi/lib/thumb\libstdc++.a(guard.o)
                0x02014864                __cxa_guard_release
 .text._ZN9__gnu_cxx20recursive_init_errorD2Ev
                0x020148e4       0x18 C:/devkitPro/devkitARM/bin/../lib/gcc/arm-none-eabi/13.2.0/../../../../arm-none-eabi/lib/thumb\libstdc++.a(guard_error.o)
                0x020148e4                __gnu_cxx::recursive_init_error::~recursive_init_error()
                0x020148e4                __gnu_cxx::recursive_init_error::~recursive_init_error()
 .text._ZN9__gnu_cxx20recursive_init_errorD0Ev
                0x020148fc       0x20 C:/devkitPro/devkitARM/bin/../lib/gcc/arm-none-eabi/13.2.0/../../../../arm-none-eabi/lib/thumb\libstdc++.a(guard_error.o)
                0x020148fc                __gnu_cxx::recursive_init_error::~recursive_init_error()
 .text._ZN9__gnu_cxx20recursive_init_errorC2Ev
                0x0201491c        0xc C:/devkitPro/devkitARM/bin/../lib/gcc/arm-none-eabi/13.2.0/../../../../arm-none-eabi/lib/thumb\libstdc++.a(guard_error.o)
                0x0201491c                __gnu_cxx::recursive_init_error::recursive_init_error()
                0x0201491c                __gnu_cxx::recursive_init_error::recursive_init_error()
 .text._ZSt15get_new_handlerv
                0x02014928       0x40 C:/devkitPro/devkitARM/bin/../lib/gcc/arm-none-eabi/13.2.0/../../../../arm-none-eabi/lib/thumb\libstdc++.a(new_handler.o)
                0x02014928                std::get_new_handler()
 .text.startup._GLOBAL__sub_I__ZSt7nothrow
                0x02014968       0x18 C:/devkitPro/devkitARM/bin/../lib/gcc/arm-none-eabi/13.2.0/../../../../arm-none-eabi/lib/thumb\libstdc++.a(new_handler.o)
 .text._ZNKSt11logic_error4whatEv
                0x02014980        0x4 C:/devkitPro/devkitARM/bin/../lib/gcc/arm-none-eabi/13.2.0/../../../../arm-none-eabi/lib/thumb\libstdc++.a(stdexcept.o)
                0x02014980                std::logic_error::what() const
                0x02014980                std::runtime_error::what() const
 .text._ZNSt11logic_errorD2Ev
                0x02014984       0x5c C:/devkitPro/devkitARM/bin/../lib/gcc/arm-none-eabi/13.2.0/../../../../arm-none-eabi/lib/thumb\libstdc++.a(stdexcept.o)
                0x02014984                std::logic_error::~logic_error()
                0x02014984                std::logic_error::~logic_error()
 .text._ZNSt12length_errorD2Ev
                0x020149e0       0x5c C:/devkitPro/devkitARM/bin/../lib/gcc/arm-none-eabi/13.2.0/../../../../arm-none-eabi/lib/thumb\libstdc++.a(stdexcept.o)
                0x020149e0                std::length_error::~length_error()
                0x020149e0                std::length_error::~length_error()
 .text._ZNSt11logic_errorD0Ev
                0x02014a3c       0x60 C:/devkitPro/devkitARM/bin/../lib/gcc/arm-none-eabi/13.2.0/../../../../arm-none-eabi/lib/thumb\libstdc++.a(stdexcept.o)
                0x02014a3c                std::logic_error::~logic_error()
 .text._ZNSt12length_errorD0Ev
                0x02014a9c       0x60 C:/devkitPro/devkitARM/bin/../lib/gcc/arm-none-eabi/13.2.0/../../../../arm-none-eabi/lib/thumb\libstdc++.a(stdexcept.o)
                0x02014a9c                std::length_error::~length_error()
 .text._ZNSt11logic_errorC2EPKc
                0x02014afc       0x8c C:/devkitPro/devkitARM/bin/../lib/gcc/arm-none-eabi/13.2.0/../../../../arm-none-eabi/lib/thumb\libstdc++.a(cow-stdexcept.o)
                0x02014afc                std::logic_error::logic_error(char const*)
                0x02014afc                std::logic_error::logic_error(char const*)
 .text._ZNSt12length_errorC2EPKc
                0x02014b88       0x18 C:/devkitPro/devkitARM/bin/../lib/gcc/arm-none-eabi/13.2.0/../../../../arm-none-eabi/lib/thumb\libstdc++.a(cow-stdexcept.o)
                0x02014b88                std::length_error::length_error(char const*)
                0x02014b88                std::length_error::length_error(char const*)
 .text._ZNSs4_Rep9_S_createEjjRKSaIcE
                0x02014ba0       0x60 C:/devkitPro/devkitARM/bin/../lib/gcc/arm-none-eabi/13.2.0/../../../../arm-none-eabi/lib/thumb\libstdc++.a(cow-string-inst.o)
                0x02014ba0                std::string::_Rep::_S_create(unsigned int, unsigned int, std::allocator<char> const&)
 .text._ZNSs4_Rep10_M_destroyERKSaIcE
                0x02014c00        0xc C:/devkitPro/devkitARM/bin/../lib/gcc/arm-none-eabi/13.2.0/../../../../arm-none-eabi/lib/thumb\libstdc++.a(cow-string-inst.o)
                0x02014c00                std::string::_Rep::_M_destroy(std::allocator<char> const&)
 .text.__muldi3
                0x02014c0c       0x64 C:/devkitPro/devkitARM/bin/../lib/gcc/arm-none-eabi/13.2.0/thumb\libgcc.a(_muldi3.o)
                0x02014c0c                __muldi3
                0x02014c0c                __aeabi_lmul
 .text.__udivmoddi4
                0x02014c70      0x19c C:/devkitPro/devkitARM/bin/../lib/gcc/arm-none-eabi/13.2.0/thumb\libgcc.a(_udivmoddi4.o)
                0x02014c70                __udivmoddi4
 .text.selfrel_offset31
                0x02014e0c       0x18 C:/devkitPro/devkitARM/bin/../lib/gcc/arm-none-eabi/13.2.0/thumb\libgcc.a(unwind-arm.o)
 .text.search_EIT_table
                0x02014e24       0x74 C:/devkitPro/devkitARM/bin/../lib/gcc/arm-none-eabi/13.2.0/thumb\libgcc.a(unwind-arm.o)
 .text.__gnu_unwind_get_pr_addr
                0x02014e98       0x28 C:/devkitPro/devkitARM/bin/../lib/gcc/arm-none-eabi/13.2.0/thumb\libgcc.a(unwind-arm.o)
 .text.get_eit_entry
                0x02014ec0       0x98 C:/devkitPro/devkitARM/bin/../lib/gcc/arm-none-eabi/13.2.0/thumb\libgcc.a(unwind-arm.o)
 .text.restore_non_core_regs
                0x02014f58       0x60 C:/devkitPro/devkitARM/bin/../lib/gcc/arm-none-eabi/13.2.0/thumb\libgcc.a(unwind-arm.o)
 .text._Unwind_decode_typeinfo_ptr.constprop.0
                0x02014fb8        0xc C:/devkitPro/devkitARM/bin/../lib/gcc/arm-none-eabi/13.2.0/thumb\libgcc.a(unwind-arm.o)
 .text._Unwind_DebugHook
                0x02014fc4        0x4 C:/devkitPro/devkitARM/bin/../lib/gcc/arm-none-eabi/13.2.0/thumb\libgcc.a(unwind-arm.o)
 .text.unwind_phase2
                0x02014fc8       0x40 C:/devkitPro/devkitARM/bin/../lib/gcc/arm-none-eabi/13.2.0/thumb\libgcc.a(unwind-arm.o)
 .text.unwind_phase2_forced
                0x02015008       0xd8 C:/devkitPro/devkitARM/bin/../lib/gcc/arm-none-eabi/13.2.0/thumb\libgcc.a(unwind-arm.o)
 .text.__gnu_Unwind_RaiseException
                0x020150e0       0x58 C:/devkitPro/devkitARM/bin/../lib/gcc/arm-none-eabi/13.2.0/thumb\libgcc.a(unwind-arm.o)
                0x020150e0                __gnu_Unwind_RaiseException
 .text.__gnu_Unwind_ForcedUnwind
                0x02015138       0x18 C:/devkitPro/devkitARM/bin/../lib/gcc/arm-none-eabi/13.2.0/thumb\libgcc.a(unwind-arm.o)
                0x02015138                __gnu_Unwind_ForcedUnwind
 .text.__gnu_Unwind_Resume
                0x02015150       0x4c C:/devkitPro/devkitARM/bin/../lib/gcc/arm-none-eabi/13.2.0/thumb\libgcc.a(unwind-arm.o)
                0x02015150                __gnu_Unwind_Resume
 .text.__gnu_Unwind_Resume_or_Rethrow
                0x0201519c       0x20 C:/devkitPro/devkitARM/bin/../lib/gcc/arm-none-eabi/13.2.0/thumb\libgcc.a(unwind-arm.o)
                0x0201519c                __gnu_Unwind_Resume_or_Rethrow
 .text._Unwind_Complete
                0x020151bc        0x4 C:/devkitPro/devkitARM/bin/../lib/gcc/arm-none-eabi/13.2.0/thumb\libgcc.a(unwind-arm.o)
                0x020151bc                _Unwind_Complete
 .text._Unwind_DeleteException
                0x020151c0       0x18 C:/devkitPro/devkitARM/bin/../lib/gcc/arm-none-eabi/13.2.0/thumb\libgcc.a(unwind-arm.o)
                0x020151c0                _Unwind_DeleteException
 .text._Unwind_VRS_Get
                0x020151d8       0x44 C:/devkitPro/devkitARM/bin/../lib/gcc/arm-none-eabi/13.2.0/thumb\libgcc.a(unwind-arm.o)
                0x020151d8                _Unwind_VRS_Get
 .text._Unwind_GetGR
                0x0201521c       0x1c C:/devkitPro/devkitARM/bin/../lib/gcc/arm-none-eabi/13.2.0/thumb\libgcc.a(unwind-arm.o)
 .text._Unwind_VRS_Set
                0x02015238       0x44 C:/devkitPro/devkitARM/bin/../lib/gcc/arm-none-eabi/13.2.0/thumb\libgcc.a(unwind-arm.o)
                0x02015238                _Unwind_VRS_Set
 .text._Unwind_SetGR
                0x0201527c       0x1c C:/devkitPro/devkitARM/bin/../lib/gcc/arm-none-eabi/13.2.0/thumb\libgcc.a(unwind-arm.o)
 .text.__gnu_Unwind_Backtrace
                0x02015298       0x78 C:/devkitPro/devkitARM/bin/../lib/gcc/arm-none-eabi/13.2.0/thumb\libgcc.a(unwind-arm.o)
                0x02015298                __gnu_Unwind_Backtrace
 .text.__gnu_unwind_pr_common
                0x02015310      0x2e8 C:/devkitPro/devkitARM/bin/../lib/gcc/arm-none-eabi/13.2.0/thumb\libgcc.a(unwind-arm.o)
 .text.__aeabi_unwind_cpp_pr0
                0x020155f8       0x10 C:/devkitPro/devkitARM/bin/../lib/gcc/arm-none-eabi/13.2.0/thumb\libgcc.a(unwind-arm.o)
                0x020155f8                __aeabi_unwind_cpp_pr0
 .text.__aeabi_unwind_cpp_pr1
                0x02015608       0x10 C:/devkitPro/devkitARM/bin/../lib/gcc/arm-none-eabi/13.2.0/thumb\libgcc.a(unwind-arm.o)
                0x02015608                __aeabi_unwind_cpp_pr1
 .text.__aeabi_unwind_cpp_pr2
                0x02015618       0x10 C:/devkitPro/devkitARM/bin/../lib/gcc/arm-none-eabi/13.2.0/thumb\libgcc.a(unwind-arm.o)
                0x02015618                __aeabi_unwind_cpp_pr2
 .text._Unwind_VRS_Pop
                0x02015628      0x2b4 C:/devkitPro/devkitARM/bin/../lib/gcc/arm-none-eabi/13.2.0/thumb\libgcc.a(unwind-arm.o)
                0x02015628                _Unwind_VRS_Pop
 .text.next_unwind_byte
                0x020158dc       0x34 C:/devkitPro/devkitARM/bin/../lib/gcc/arm-none-eabi/13.2.0/thumb\libgcc.a(pr-support.o)
 .text._Unwind_GetGR.constprop.0
                0x02015910       0x1c C:/devkitPro/devkitARM/bin/../lib/gcc/arm-none-eabi/13.2.0/thumb\libgcc.a(pr-support.o)
 .text.unwind_UCB_from_context
                0x0201592c        0xc C:/devkitPro/devkitARM/bin/../lib/gcc/arm-none-eabi/13.2.0/thumb\libgcc.a(pr-support.o)
 .text.__gnu_unwind_execute
                0x02015938      0x310 C:/devkitPro/devkitARM/bin/../lib/gcc/arm-none-eabi/13.2.0/thumb\libgcc.a(pr-support.o)
                0x02015938                __gnu_unwind_execute
 .text.__gnu_unwind_frame
                0x02015c48       0x2c C:/devkitPro/devkitARM/bin/../lib/gcc/arm-none-eabi/13.2.0/thumb\libgcc.a(pr-support.o)
                0x02015c48                __gnu_unwind_frame
 .text._Unwind_GetRegionStart
                0x02015c74       0x10 C:/devkitPro/devkitARM/bin/../lib/gcc/arm-none-eabi/13.2.0/thumb\libgcc.a(pr-support.o)
                0x02015c74                _Unwind_GetRegionStart
 .text._Unwind_GetLanguageSpecificData
                0x02015c84       0x18 C:/devkitPro/devkitARM/bin/../lib/gcc/arm-none-eabi/13.2.0/thumb\libgcc.a(pr-support.o)
                0x02015c84                _Unwind_GetLanguageSpecificData
 .text.unlikely._Unwind_GetDataRelBase
                0x02015c9c        0x6 C:/devkitPro/devkitARM/bin/../lib/gcc/arm-none-eabi/13.2.0/thumb\libgcc.a(pr-support.o)
                0x02015c9c                _Unwind_GetDataRelBase
 .text.unlikely._Unwind_GetTextRelBase
                0x02015ca2        0x6 C:/devkitPro/devkitARM/bin/../lib/gcc/arm-none-eabi/13.2.0/thumb\libgcc.a(pr-support.o)
                0x02015ca2                _Unwind_GetTextRelBase
 .text.towlower
                0x02015ca8       0x10 C:/devkitPro/devkitARM/bin/../lib/gcc/arm-none-eabi/13.2.0/../../../../arm-none-eabi/lib/thumb\libg.a(libc_a-towlower.o)
                0x02015ca8                towlower
 .text._mbrtowc_r
                0x02015cb8       0x90 C:/devkitPro/devkitARM/bin/../lib/gcc/arm-none-eabi/13.2.0/../../../../arm-none-eabi/lib/thumb\libg.a(libc_a-mbrtowc.o)
                0x02015cb8                _mbrtowc_r
 .text.mbrtowc  0x02015d48       0x94 C:/devkitPro/devkitARM/bin/../lib/gcc/arm-none-eabi/13.2.0/../../../../arm-none-eabi/lib/thumb\libg.a(libc_a-mbrtowc.o)
                0x02015d48                mbrtowc
 .text._wcrtomb_r
                0x02015ddc       0x84 C:/devkitPro/devkitARM/bin/../lib/gcc/arm-none-eabi/13.2.0/../../../../arm-none-eabi/lib/thumb\libg.a(libc_a-wcrtomb.o)
                0x02015ddc                _wcrtomb_r
 .text.wcrtomb  0x02015e60       0x88 C:/devkitPro/devkitARM/bin/../lib/gcc/arm-none-eabi/13.2.0/../../../../arm-none-eabi/lib/thumb\libg.a(libc_a-wcrtomb.o)
                0x02015e60                wcrtomb
 .text.towupper
                0x02015ee8       0x10 C:/devkitPro/devkitARM/bin/../lib/gcc/arm-none-eabi/13.2.0/../../../../arm-none-eabi/lib/thumb\libg.a(libc_a-towupper.o)
                0x02015ee8                towupper
 .text.mbsrtowcs
                0x02015ef8       0x28 C:/devkitPro/devkitARM/bin/../lib/gcc/arm-none-eabi/13.2.0/../../../../arm-none-eabi/lib/thumb\libg.a(libc_a-mbsrtowcs.o)
                0x02015ef8                mbsrtowcs
 .text.wctob    0x02015f20       0x58 C:/devkitPro/devkitARM/bin/../lib/gcc/arm-none-eabi/13.2.0/../../../../arm-none-eabi/lib/thumb\libg.a(libc_a-wctob.o)
                0x02015f20                wctob
 .text.rewind   0x02015f78       0x20 C:/devkitPro/devkitARM/bin/../lib/gcc/arm-none-eabi/13.2.0/../../../../arm-none-eabi/lib/thumb\libg.a(libc_a-rewind.o)
                0x02015f78                rewind
 .text.towctrans
                0x02015f98       0x28 C:/devkitPro/devkitARM/bin/../lib/gcc/arm-none-eabi/13.2.0/../../../../arm-none-eabi/lib/thumb\libg.a(libc_a-towctrans.o)
                0x02015f98                towctrans
 .text.snprintf
                0x02015fc0       0x80 C:/devkitPro/devkitARM/bin/../lib/gcc/arm-none-eabi/13.2.0/../../../../arm-none-eabi/lib/thumb\libg.a(libc_a-snprintf.o)
                0x02015fc0                snprintf
 .text.sprintf  0x02016040       0x40 C:/devkitPro/devkitARM/bin/../lib/gcc/arm-none-eabi/13.2.0/../../../../arm-none-eabi/lib/thumb\libg.a(libc_a-sprintf.o)
                0x02016040                sprintf
 .text.abort    0x02016080       0x10 C:/devkitPro/devkitARM/bin/../lib/gcc/arm-none-eabi/13.2.0/../../../../arm-none-eabi/lib/thumb\libg.a(libc_a-abort.o)
                0x02016080                abort
 .text.siscanf  0x02016090       0x4c C:/devkitPro/devkitARM/bin/../lib/gcc/arm-none-eabi/13.2.0/../../../../arm-none-eabi/lib/thumb\libg.a(libc_a-siscanf.o)
                0x02016090                siscanf
 .text.calloc   0x020160dc       0x18 C:/devkitPro/devkitARM/bin/../lib/gcc/arm-none-eabi/13.2.0/../../../../arm-none-eabi/lib/thumb\libg.a(libc_a-calloc.o)
                0x020160dc                calloc
 .text._calloc_r
                0x020160f4       0xb8 C:/devkitPro/devkitARM/bin/../lib/gcc/arm-none-eabi/13.2.0/../../../../arm-none-eabi/lib/thumb\libg.a(libc_a-callocr.o)
                0x020160f4                _calloc_r
 .text.setvbuf  0x020161ac      0x1a4 C:/devkitPro/devkitARM/bin/../lib/gcc/arm-none-eabi/13.2.0/../../../../arm-none-eabi/lib/thumb\libg.a(libc_a-setvbuf.o)
                0x020161ac                setvbuf
 .text.get_arg  0x02016350       0x3e C:/devkitPro/devkitARM/bin/../lib/gcc/arm-none-eabi/13.2.0/../../../../arm-none-eabi/lib/thumb\libg.a(libc_a-svfiscanf.o)
 .text._sungetc_r
                0x0201638e       0x7e C:/devkitPro/devkitARM/bin/../lib/gcc/arm-none-eabi/13.2.0/../../../../arm-none-eabi/lib/thumb\libg.a(libc_a-svfiscanf.o)
                0x0201638e                _sungetc_r
 .text.__ssrefill_r
                0x0201640c       0x42 C:/devkitPro/devkitARM/bin/../lib/gcc/arm-none-eabi/13.2.0/../../../../arm-none-eabi/lib/thumb\libg.a(libc_a-svfiscanf.o)
                0x0201640c                __ssrefill_r
 .text._sfread_r
                0x0201644e       0x88 C:/devkitPro/devkitARM/bin/../lib/gcc/arm-none-eabi/13.2.0/../../../../arm-none-eabi/lib/thumb\libg.a(libc_a-svfiscanf.o)
                0x0201644e                _sfread_r
 *fill*         0x020164d6        0x2 ff
 .text.__ssvfiscanf_r
                0x020164d8     0x1ac4 C:/devkitPro/devkitARM/bin/../lib/gcc/arm-none-eabi/13.2.0/../../../../arm-none-eabi/lib/thumb\libg.a(libc_a-svfiscanf.o)
                0x020164d8                __ssvfiscanf_r
 .text._malloc_trim_r
                0x02017f9c       0xac C:/devkitPro/devkitARM/bin/../lib/gcc/arm-none-eabi/13.2.0/../../../../arm-none-eabi/lib/thumb\libg.a(libc_a-freer.o)
                0x02017f9c                _malloc_trim_r
 .text._free_r  0x02018048      0x1d8 C:/devkitPro/devkitARM/bin/../lib/gcc/arm-none-eabi/13.2.0/../../../../arm-none-eabi/lib/thumb\libg.a(libc_a-freer.o)
                0x02018048                _free_r
 .text.iprintf  0x02018220       0x24 C:/devkitPro/devkitARM/bin/../lib/gcc/arm-none-eabi/13.2.0/../../../../arm-none-eabi/lib/thumb\libg.a(libc_a-iprintf.o)
                0x02018220                iprintf
 .text.strchr   0x02018244       0xc8 C:/devkitPro/devkitARM/bin/../lib/gcc/arm-none-eabi/13.2.0/../../../../arm-none-eabi/lib/thumb\libg.a(libc_a-strchr.o)
                0x02018244                strchr
 .text.memcmp   0x0201830c       0x4c C:/devkitPro/devkitARM/bin/../lib/gcc/arm-none-eabi/13.2.0/../../../../arm-none-eabi/lib/thumb\libg.a(libc_a-memcmp.o)
                0x0201830c                memcmp
 .text._fclose_r
                0x02018358       0xd8 C:/devkitPro/devkitARM/bin/../lib/gcc/arm-none-eabi/13.2.0/../../../../arm-none-eabi/lib/thumb\libg.a(libc_a-fclose.o)
                0x02018358                _fclose_r
 .text.fclose   0x02018430       0x14 C:/devkitPro/devkitARM/bin/../lib/gcc/arm-none-eabi/13.2.0/../../../../arm-none-eabi/lib/thumb\libg.a(libc_a-fclose.o)
                0x02018430                fclose
 .text.get_arg  0x02018444      0x434 C:/devkitPro/devkitARM/bin/../lib/gcc/arm-none-eabi/13.2.0/../../../../arm-none-eabi/lib/thumb\libg.a(libc_a-svfprintf.o)
 .text._svfprintf_r
                0x02018878     0x2314 C:/devkitPro/devkitARM/bin/../lib/gcc/arm-none-eabi/13.2.0/../../../../arm-none-eabi/lib/thumb\libg.a(libc_a-svfprintf.o)
                0x02018878                _svfprintf_r
 .text.malloc   0x0201ab8c       0x14 C:/devkitPro/devkitARM/bin/../lib/gcc/arm-none-eabi/13.2.0/../../../../arm-none-eabi/lib/thumb\libg.a(libc_a-malloc.o)
                0x0201ab8c                malloc
 .text.free     0x0201aba0       0x14 C:/devkitPro/devkitARM/bin/../lib/gcc/arm-none-eabi/13.2.0/../../../../arm-none-eabi/lib/thumb\libg.a(libc_a-malloc.o)
                0x0201aba0                free
 .text._malloc_r
                0x0201abb4      0x558 C:/devkitPro/devkitARM/bin/../lib/gcc/arm-none-eabi/13.2.0/../../../../arm-none-eabi/lib/thumb\libg.a(libc_a-mallocr.o)
                0x0201abb4                _malloc_r
 .text.getenv   0x0201b10c       0x1c C:/devkitPro/devkitARM/bin/../lib/gcc/arm-none-eabi/13.2.0/../../../../arm-none-eabi/lib/thumb\libg.a(libc_a-getenv.o)
                0x0201b10c                getenv
 .text.memmove  0x0201b128       0xbc C:/devkitPro/devkitARM/bin/../lib/gcc/arm-none-eabi/13.2.0/../../../../arm-none-eabi/lib/thumb\libg.a(libc_a-memmove.o)
                0x0201b128                memmove
 .text._findenv_r
                0x0201b1e4       0x94 C:/devkitPro/devkitARM/bin/../lib/gcc/arm-none-eabi/13.2.0/../../../../arm-none-eabi/lib/thumb\libg.a(libc_a-getenv_r.o)
                0x0201b1e4                _findenv_r
 .text._getenv_r
                0x0201b278       0x10 C:/devkitPro/devkitARM/bin/../lib/gcc/arm-none-eabi/13.2.0/../../../../arm-none-eabi/lib/thumb\libg.a(libc_a-getenv_r.o)
                0x0201b278                _getenv_r
 .text.memset   0x0201b288       0xb0 C:/devkitPro/devkitARM/bin/../lib/gcc/arm-none-eabi/13.2.0/../../../../arm-none-eabi/lib/thumb\libg.a(libc_a-memset.o)
                0x0201b288                memset
 .text.__malloc_lock
                0x0201b338       0x14 C:/devkitPro/devkitARM/bin/../lib/gcc/arm-none-eabi/13.2.0/../../../../arm-none-eabi/lib/thumb\libg.a(libc_a-mlock.o)
                0x0201b338                __malloc_lock
 .text.__malloc_unlock
                0x0201b34c       0x14 C:/devkitPro/devkitARM/bin/../lib/gcc/arm-none-eabi/13.2.0/../../../../arm-none-eabi/lib/thumb\libg.a(libc_a-mlock.o)
                0x0201b34c                __malloc_unlock
 .text._raise_r
                0x0201b360       0x60 C:/devkitPro/devkitARM/bin/../lib/gcc/arm-none-eabi/13.2.0/../../../../arm-none-eabi/lib/thumb\libg.a(libc_a-signal.o)
                0x0201b360                _raise_r
 .text.raise    0x0201b3c0       0x14 C:/devkitPro/devkitARM/bin/../lib/gcc/arm-none-eabi/13.2.0/../../../../arm-none-eabi/lib/thumb\libg.a(libc_a-signal.o)
                0x0201b3c0                raise
 .text.strlen   0x0201b3d4       0x60 C:/devkitPro/devkitARM/bin/../lib/gcc/arm-none-eabi/13.2.0/../../../../arm-none-eabi/lib/thumb\libg.a(libc_a-strlen.o)
                0x0201b3d4                strlen
 .text._fopen_r
                0x0201b434       0xb8 C:/devkitPro/devkitARM/bin/../lib/gcc/arm-none-eabi/13.2.0/../../../../arm-none-eabi/lib/thumb\libg.a(libc_a-fopen.o)
                0x0201b434                _fopen_r
 .text.fopen    0x0201b4ec       0x18 C:/devkitPro/devkitARM/bin/../lib/gcc/arm-none-eabi/13.2.0/../../../../arm-none-eabi/lib/thumb\libg.a(libc_a-fopen.o)
                0x0201b4ec                fopen
 .text.__sflush_r
                0x0201b504      0x188 C:/devkitPro/devkitARM/bin/../lib/gcc/arm-none-eabi/13.2.0/../../../../arm-none-eabi/lib/thumb\libg.a(libc_a-fflush.o)
                0x0201b504                __sflush_r
 .text._fflush_r
                0x0201b68c       0x70 C:/devkitPro/devkitARM/bin/../lib/gcc/arm-none-eabi/13.2.0/../../../../arm-none-eabi/lib/thumb\libg.a(libc_a-fflush.o)
                0x0201b68c                _fflush_r
 .text.strpbrk  0x0201b6fc       0x4c C:/devkitPro/devkitARM/bin/../lib/gcc/arm-none-eabi/13.2.0/../../../../arm-none-eabi/lib/thumb\libg.a(libc_a-strpbrk.o)
                0x0201b6fc                strpbrk
 .text.strdup   0x0201b748       0x14 C:/devkitPro/devkitARM/bin/../lib/gcc/arm-none-eabi/13.2.0/../../../../arm-none-eabi/lib/thumb\libg.a(libc_a-strdup.o)
                0x0201b748                strdup
 .text.strcasecmp
                0x0201b75c       0x48 C:/devkitPro/devkitARM/bin/../lib/gcc/arm-none-eabi/13.2.0/../../../../arm-none-eabi/lib/thumb\libg.a(libc_a-strcasecmp.o)
                0x0201b75c                strcasecmp
 .text.strrchr  0x0201b7a4       0x30 C:/devkitPro/devkitARM/bin/../lib/gcc/arm-none-eabi/13.2.0/../../../../arm-none-eabi/lib/thumb\libg.a(libc_a-strrchr.o)
                0x0201b7a4                strrchr
 .text.strncasecmp
                0x0201b7d4       0x54 C:/devkitPro/devkitARM/bin/../lib/gcc/arm-none-eabi/13.2.0/../../../../arm-none-eabi/lib/thumb\libg.a(libc_a-strncasecmp.o)
                0x0201b7d4                strncasecmp
 .text._strdup_r
                0x0201b828       0x2c C:/devkitPro/devkitARM/bin/../lib/gcc/arm-none-eabi/13.2.0/../../../../arm-none-eabi/lib/thumb\libg.a(libc_a-strdup_r.o)
                0x0201b828                _strdup_r