Archive member included to satisfy reference by file (symbol)

C:/devkitPro/nflib/lib\libnflib.a(nf_2d.o)
                              main.o (NF_Set2D)
C:/devkitPro/nflib/lib\libnflib.a(nf_basic.o)
                              C:/devkitPro/nflib/lib\libnflib.a(nf_2d.o) (NF_Error)
C:/devkitPro/nflib/lib\libnflib.a(nf_bitmapbg.o)
                              main.o (NF_Init16bitsBgBuffers)
C:/devkitPro/nflib/lib\libnflib.a(nf_sprite256.o)
                              main.o (NF_InitSpriteBuffers)
C:/devkitPro/nflib/lib\libnflib.a(nf_text.o)
                              main.o (NF_InitTextSys)
C:/devkitPro/nflib/lib\libnflib.a(nf_tiledbg.o)
                              main.o (NF_InitTiledBgBuffers)
C:/devkitPro/libnds/lib\libfilesystem.a(nitrofs.o)
                              main.o (nitroFSInit)
C:/devkitPro/libnds/lib\libfat.a(libfat.o)
                              C:/devkitPro/libnds/lib\libfilesystem.a(nitrofs.o) (fatInitDefault)
C:/devkitPro/libnds/lib\libfat.a(disc.o)
                              C:/devkitPro/libnds/lib\libfat.a(libfat.o) (_FAT_disc_interfaces)
C:/devkitPro/libnds/lib\libfat.a(fatfile.o)
                              C:/devkitPro/libnds/lib\libfat.a(libfat.o) (_FAT_open_r)
C:/devkitPro/libnds/lib\libfat.a(cache.o)
                              C:/devkitPro/libnds/lib\libfat.a(fatfile.o) (_FAT_cache_readSectors)
C:/devkitPro/libnds/lib\libfat.a(fatdir.o)
                              C:/devkitPro/libnds/lib\libfat.a(libfat.o) (_FAT_stat_r)
C:/devkitPro/libnds/lib\libfat.a(directory.o)
                              C:/devkitPro/libnds/lib\libfat.a(fatfile.o) (_FAT_directory_entryGetCluster)
C:/devkitPro/libnds/lib\libfat.a(partition.o)
                              C:/devkitPro/libnds/lib\libfat.a(libfat.o) (_FAT_partition_destructor)
C:/devkitPro/libnds/lib\libfat.a(lock.o)
                              C:/devkitPro/libnds/lib\libfat.a(partition.o) (_FAT_lock_init)
C:/devkitPro/libnds/lib\libfat.a(filetime.o)
                              C:/devkitPro/libnds/lib\libfat.a(fatfile.o) (_FAT_filetime_getTimeFromRTC)
C:/devkitPro/libnds/lib\libfat.a(file_allocation_table.o)
                              C:/devkitPro/libnds/lib\libfat.a(fatfile.o) (_FAT_fat_nextCluster)
C:/devkitPro/libnds/lib\libnds9.a(video.o)
                              C:/devkitPro/nflib/lib\libnflib.a(nf_basic.o) (setBrightness)
C:/devkitPro/libnds/lib\libnds9.a(touch.o)
                              main.o (touchRead)
C:/devkitPro/libnds/lib\libnds9.a(console.o)
                              C:/devkitPro/nflib/lib\libnflib.a(nf_basic.o) (consoleDemoInit)
C:/devkitPro/libnds/lib\libnds9.a(sprite.o)
                              C:/devkitPro/nflib/lib\libnflib.a(nf_sprite256.o) (oamInit)
C:/devkitPro/libnds/lib\libnds9.a(keys.o)
                              main.o (scanKeys)
C:/devkitPro/libnds/lib\libnds9.a(dldi.o)
                              C:/devkitPro/libnds/lib\libfat.a(disc.o) (dldiGetInternal)
C:/devkitPro/libnds/lib\libnds9.a(initSystem.o)
                              C:/devkitPro/devkitARM/bin/../lib/gcc/arm-none-eabi/13.2.0/../../../../arm-none-eabi/lib/ds_arm9_crt0.o (initSystem)
C:/devkitPro/libnds/lib\libnds9.a(securearea.o)
                              C:/devkitPro/devkitARM/bin/../lib/gcc/arm-none-eabi/13.2.0/../../../../arm-none-eabi/lib/ds_arm9_crt0.o (__secure_area__)
C:/devkitPro/libnds/lib\libnds9.a(timers.o)
                              main.o (timerStart)
C:/devkitPro/libnds/lib\libnds9.a(interrupts.o)
                              C:/devkitPro/libnds/lib\libnds9.a(timers.o) (irqSet)
C:/devkitPro/libnds/lib\libnds9.a(libnds_exit.arm.o)
                              C:/devkitPro/devkitARM/bin/../lib/gcc/arm-none-eabi/13.2.0/../../../../arm-none-eabi/lib/ds_arm9_crt0.o (__libnds_exit)
C:/devkitPro/libnds/lib\libnds9.a(card.o)
                              C:/devkitPro/libnds/lib\libfilesystem.a(nitrofs.o) (cardParamCommand)
C:/devkitPro/libnds/lib\libnds9.a(fifosystem.o)
                              C:/devkitPro/libnds/lib\libnds9.a(initSystem.o) (fifoSetValue32Handler)
C:/devkitPro/libnds/lib\libnds9.a(dcache.o)
                              C:/devkitPro/nflib/lib\libnflib.a(nf_basic.o) (DC_FlushRange)
C:/devkitPro/libnds/lib\libnds9.a(dldi_stub.o)
                              C:/devkitPro/libnds/lib\libnds9.a(dldi.o) (_io_dldi_stub)
C:/devkitPro/libnds/lib\libnds9.a(mpu_setup.o)
                              C:/devkitPro/devkitARM/bin/../lib/gcc/arm-none-eabi/13.2.0/../../../../arm-none-eabi/lib/ds_arm9_crt0.o (__libnds_mpu_setup)
C:/devkitPro/libnds/lib\libnds9.a(IntrWait.o)
                              main.o (swiWaitForVBlank)
C:/devkitPro/libnds/lib\libnds9.a(cpu_clock.o)
                              C:/devkitPro/libnds/lib\libnds9.a(initSystem.o) (setCpuClock)
C:/devkitPro/libnds/lib\libnds9.a(interruptDispatcher.o)
                              C:/devkitPro/libnds/lib\libnds9.a(interrupts.o) (IntrMain)
C:/devkitPro/libnds/lib\libnds9.a(biosCalls.o)
[...]
Memory Configuration

Name             Origin             Length             Attributes
ewram            0x02000000         0x00380000
dtcm             0x02ff0000         0x00004000
vectors          0x01000000         0x00000100
itcm             0x01000100         0x00007f00
*default*        0x00000000         0xffffffff

Linker script and memory map

                0x02380000                        __ewram_end = (ORIGIN (ewram) + LENGTH (ewram))
                0x02380000                        __eheap_end = (ORIGIN (ewram) + LENGTH (ewram))
                0x02ff4000                        __dtcm_top = (ORIGIN (dtcm) + LENGTH (dtcm))
                0x02ff3ff8                        __irq_flags = (__dtcm_top - 0x8)
                0x02ff3ffc                        __irq_vector = (__dtcm_top - 0x4)
                0x02ff3f00                        __sp_svc = (__dtcm_top - 0x100)
                0x02ff3e00                        __sp_irq = (__sp_svc - 0x100)
                0x02ff3d00                        __sp_usr = (__sp_irq - 0x100)

.secure         0x02000000      0x800
 *(.secure)
 .secure        0x02000000      0x800 C:/devkitPro/libnds/lib\libnds9.a(securearea.o)
                0x02000000                __secure_area__

.crt0           0x02000800      0x300
                0x02000800                        __text_start = .
 *(.crt0)
 .crt0          0x02000800      0x300 C:/devkitPro/devkitARM/bin/../lib/gcc/arm-none-eabi/13.2.0/../../../../arm-none-eabi/lib/ds_arm9_crt0.o
                0x02000800                _start
                0x02000b00                        . = ALIGN (0x4)

.plt
 *(.plt)

.init           0x02000b00       0x18
 *(SORT_NONE(.init))
 .init          0x02000b00        0xc C:/devkitPro/devkitARM/bin/../lib/gcc/arm-none-eabi/13.2.0/crti.o
                0x02000b00                _init
 .init          0x02000b0c        0xc C:/devkitPro/devkitARM/bin/../lib/gcc/arm-none-eabi/13.2.0/crtn.o

.text           0x02000b40    0x29ff8
 *(EXCLUDE_FILE(*.twl* *.vectors* *.itcm*) .text)
 .text          0x02000b40      0x14c Action.o
                0x02000b40                Action::Action()
                0x02000b40                Action::Action()
                0x02000b4c                Action::SetStart()
                0x02000b58                Action::SetTouch()
                0x02000b64                Action::IsStart()
                0x02000b78                Action::IsTouch()
                0x02000b8c                Action::SetUp()
                0x02000b98                Action::SetDown()
                0x02000ba4                Action::SetLeft()
                0x02000bb0                Action::SetRight()
                0x02000bbc                Action::IsUp()
                0x02000bd0                Action::IsDown()
                0x02000be4                Action::IsLeft()
                0x02000bf8                Action::IsRight()
                0x02000c0c                Action::SetA()
                0x02000c18                Action::SetB()
                0x02000c24                Action::SetY()
                0x02000c30                Action::SetX()
                0x02000c3c                Action::IsA()
                0x02000c50                Action::IsB()
                0x02000c64                Action::IsY()
                0x02000c78                Action::IsX()
 .text          0x02000c8c       0xf0 ForwardModel.o
                0x02000c8c                ForwardModel::ForwardModel()
                0x02000c8c                ForwardModel::ForwardModel()
                0x02000c90                ForwardModel::ChangeLvl(GameState&, Action&)
                0x02000cc0                ForwardModel::MarceloMoves(GameState&, Action&)
                0x02000d58                ForwardModel::Flexing(GameState&, Action&)
 .text          0x02000d7c       0x2c GameState.o
                0x02000d7c                GameState::GameState()
                0x02000d7c                GameState::GameState()
                0x02000d80                GameState::Reset()
 .text          0x02000da8      0xc84 main.o
                0x02000f98                InitBuffers()
                0x0200106c                Update(GameState&, ForwardModel&)
                0x020012b8                CinematicManager(GameState&)
                0x020012c8                Drawscene(GameState&)
                0x0200186c                TextMaker(GameState&)
                0x02001978                LevelClear(GameState&)
 .text          0x02001a2c      0x804 C:/devkitPro/nflib/lib\libnflib.a(nf_2d.o)
                0x02001a2c                NF_Set2D
                0x02001a90                NF_ShowBg
                0x02001b04                NF_HideBg
                0x02001ba0                NF_ScrollBg
                0x02001ee4                NF_MoveSprite
                0x02001f04                NF_SpriteLayer
                0x02001f20                NF_ShowSprite
                0x02001f40                NF_HflipSprite
                0x02001f5c                NF_GetSpriteHflip
                0x02001f78                NF_VflipSprite
                0x02001f94                NF_GetSpriteVflip
                0x02001fb0                NF_SpriteFrame
                0x0200207c                NF_EnableSpriteRotScale
                0x0200211c                NF_DisableSpriteRotScale
                0x02002190                NF_SpriteRotScale
 .text          0x02002230      0x51c C:/devkitPro/nflib/lib\libnflib.a(nf_basic.o)
                0x02002230                NF_Error
                0x020024dc                NF_SetRootFolder
                0x020026b8                NF_DmaMemCopy
                0x0200273c                NF_GetLanguage
 .text          0x0200274c      0x9c0 C:/devkitPro/nflib/lib\libnflib.a(nf_bitmapbg.o)
                0x0200274c                NF_Init16bitsBgBuffers
                0x02002768                NF_Reset16bitsBgBuffers
                0x02002794                NF_Init16bitsBackBuffer
                0x020027ac                NF_Enable16bitsBackBuffer
                0x020027e8                NF_Disble16bitsBackBuffer
                0x02002808                NF_Flip16bitsBackBuffer
                0x02002834                NF_InitBitmapBgSys
                0x02002a14                NF_Load16bImgData
                0x02002b58                NF_Load16bitsBg
                0x02002b70                NF_Load16bitsImage
                0x02002b80                NF_Unload16bitsBg
                0x02002bb4                NF_Copy16bitsBuffer
                0x02002c14                NF_Draw16bitsImage
                0x02002d28                NF_Init8bitsBgBuffers
                0x02002d48                NF_Reset8bitsBgBuffers
                0x02002d80                NF_Load8bitsBg
                0x02002f18                NF_Unload8bitsBg
                0x02002f60                NF_Copy8bitsBuffer
                0x02003010                NF_Init8bitsBackBuffer
                0x0200302c                NF_Enable8bitsBackBuffer
                0x02003094                NF_Disble8bitsBackBuffer
                0x020030c0                NF_Flip8bitsBackBuffer
 .text          0x0200310c     0x1360 C:/devkitPro/nflib/lib\libnflib.a(nf_sprite256.o)
                0x0200310c                NF_InitSpriteBuffers
                0x02003168                NF_ResetSpriteBuffers
                0x0200319c                NF_InitSpriteSys
                0x0200339c                NF_LoadSpriteGfx
                0x020034c8                NF_UnloadSpriteGfx
                0x02003544                NF_LoadSpritePal
                0x0200363c                NF_UnloadSpritePal
                0x02003698                NF_VramSpriteGfx
                0x020039bc                NF_VramSpriteGfxDefrag
                0x02003bdc                NF_FreeSpriteGfx
                0x02003ccc                NF_VramSpritePal
                0x02003db0                NF_CreateSprite
                0x020040f4                NF_DeleteSprite
                0x02004190                NF_SpriteOamSet
                0x02004254                NF_SpriteSetPalColor
                0x020042ec                NF_SpriteEditPalColor
                0x02004368                NF_SpriteUpdatePalette
                0x020043fc                NF_SpriteGetPalColor
 .text          0x0200446c      0x860 C:/devkitPro/nflib/lib\libnflib.a(nf_text.o)
                0x0200446c                NF_InitTextSys
                0x020044a4                NF_LoadTextFont
                0x02004720                NF_UnloadTextFont
                0x02004728                NF_CreateTextLayer
                0x020047bc                NF_DeleteTextLayer
                0x02004814                NF_WriteText
                0x02004b50                NF_UpdateTextLayers
                0x02004ba4                NF_ClearTextLayer
                0x02004c0c                NF_DefineTextColor
                0x02004cb0                NF_SetTextColor
 .text          0x02004ccc     0x19d4 C:/devkitPro/nflib/lib\libnflib.a(nf_tiledbg.o)
                0x02004ccc                NF_InitTiledBgBuffers
                0x02004d60                NF_ResetTiledBgBuffers
                0x02004dbc                NF_InitTiledBgSys
                0x02004edc                NF_LoadTiledBg
                0x02005184                NF_LoadTilesForBg
                0x0200541c                NF_UnloadTiledBg
                0x020054e4                NF_DeleteTiledBg
                0x02005698                NF_CreateTiledBg
                0x02005c8c                NF_GetTileMapAddress
                0x02005d44                NF_GetTileOfMap
                0x02005d7c                NF_SetTileOfMap
                0x02005dc0                NF_UpdateVramMap
                0x02005edc                NF_BgSetPalColor
                0x02005f8c                NF_BgEditPalColor
                0x02006030                NF_BgUpdatePalette
                0x020060f4                NF_BgGetPalColor
                0x02006190                NF_GetTilePal
                0x020061c4                NF_SetTilePal
                0x02006208                NF_LoadExBgPal
                0x020062f4                NF_UnloadExBgPal
                0x02006344                NF_VramExBgPal
                0x020063ec                NF_SetExBgPal
                0x020064d4                NF_SetTileHflip
                0x0200650c                NF_SetTileVflip
                0x02006544                NF_RotateTileGfx
 *fill*         0x020066a0       0x20 ff
 .text          0x020066c0     0x4000 C:/devkitPro/libnds/lib\libnds9.a(dldi_stub.o)
                0x020066c0                _io_dldi_stub
 .text          0x0200a6c0      0x114 C:/devkitPro/devkitARM/bin/../lib/gcc/arm-none-eabi/13.2.0\libgcc.a(_udivsi3.o)
                0x0200a6c0                __aeabi_uidiv
                0x0200a6c0                __udivsi3
                0x0200a7b4                __aeabi_uidivmod
 .text          0x0200a7d4      0x148 C:/devkitPro/devkitARM/bin/../lib/gcc/arm-none-eabi/13.2.0\libgcc.a(_divsi3.o)
                0x0200a7d4                __divsi3
                0x0200a7d4                __aeabi_idiv
                0x0200a8fc                __aeabi_idivmod
 .text          0x0200a91c        0x4 C:/devkitPro/devkitARM/bin/../lib/gcc/arm-none-eabi/13.2.0\libgcc.a(_dvmd_tls.o)
                0x0200a91c                __aeabi_idiv0
                0x0200a91c                __aeabi_ldiv0
 .text          0x0200a920       0xd4 C:/devkitPro/devkitARM/bin/../lib/gcc/arm-none-eabi/13.2.0\libgcc.a(_aeabi_ldivmod.o)
                0x0200a920                __aeabi_ldivmod
 .text          0x0200a9f4      0x1b0 C:/devkitPro/devkitARM/bin/../lib/gcc/arm-none-eabi/13.2.0\libgcc.a(libunwind.o)
                0x0200a9f4                __restore_core_regs
                0x0200a9f4                restore_core_regs
                0x0200aa10                __gnu_Unwind_Restore_VFP
                0x0200aa18                __gnu_Unwind_Save_VFP
                0x0200aa20                __gnu_Unwind_Restore_VFP_D
                0x0200aa28                __gnu_Unwind_Save_VFP_D
                0x0200aa30                __gnu_Unwind_Restore_VFP_D_16_to_31
                0x0200aa38                __gnu_Unwind_Save_VFP_D_16_to_31
                0x0200aa40                __gnu_Unwind_Restore_WMMXD
                0x0200aa84                __gnu_Unwind_Save_WMMXD
                0x0200aac8                __gnu_Unwind_Restore_WMMXC
                0x0200aadc                __gnu_Unwind_Save_WMMXC
                0x0200aaf0                ___Unwind_RaiseException
                0x0200aaf0                _Unwind_RaiseException
                0x0200ab14                _Unwind_Resume
                0x0200ab14                ___Unwind_Resume
                0x0200ab38                _Unwind_Resume_or_Rethrow
                0x0200ab38                ___Unwind_Resume_or_Rethrow
                0x0200ab5c                _Unwind_ForcedUnwind
                0x0200ab5c                ___Unwind_ForcedUnwind
                0x0200ab80                ___Unwind_Backtrace
                0x0200ab80                _Unwind_Backtrace
 .text          0x0200aba4       0x28 C:/devkitPro/devkitARM/bin/../lib/gcc/arm-none-eabi/13.2.0\libgcc.a(_clzdi2.o)
                0x0200aba4                __clzdi2
 .text          0x0200abcc       0x48 C:/devkitPro/devkitARM/bin/../lib/gcc/arm-none-eabi/13.2.0\libgcc.a(_clzsi2.o)
                0x0200abcc                __clzsi2
 .text          0x0200ac14      0x224 C:/devkitPro/devkitARM/bin/../lib/gcc/arm-none-eabi/13.2.0/../../../../arm-none-eabi/lib\libg.a(libc_a-strcmp.o)
                0x0200ac14                strcmp
 .text          0x0200ae38      0x424 C:/devkitPro/devkitARM/bin/../lib/gcc/arm-none-eabi/13.2.0\libgcc.a(_arm_addsubdf3.o)
                0x0200ae38                __aeabi_drsub
                0x0200ae40                __aeabi_dsub
                0x0200ae40                __subdf3
                0x0200ae44                __aeabi_dadd
                0x0200ae44                __adddf3
                0x0200b154                __floatunsidf
                0x0200b154                __aeabi_ui2d
                0x0200b178                __floatsidf
                0x0200b178                __aeabi_i2d
                0x0200b1a0                __aeabi_f2d
                0x0200b1a0                __extendsfdf2
                0x0200b1e8                __floatundidf
                0x0200b1e8                __aeabi_ul2d
                0x0200b1fc                __floatdidf
                0x0200b1fc                __aeabi_l2d
 .text          0x0200b25c      0x49c C:/devkitPro/devkitARM/bin/../lib/gcc/arm-none-eabi/13.2.0\libgcc.a(_arm_muldivdf3.o)
                0x0200b25c                __aeabi_dmul
                0x0200b25c                __muldf3
                0x0200b4ec                __divdf3
                0x0200b4ec                __aeabi_ddiv
 .text          0x0200b6f8      0x144 C:/devkitPro/devkitARM/bin/../lib/gcc/arm-none-eabi/13.2.0\libgcc.a(_arm_cmpdf2.o)
                0x0200b6f8                __gtdf2
                0x0200b6f8                __gedf2
                0x0200b700                __ltdf2
                0x0200b700                __ledf2
                0x0200b708                __nedf2
                0x0200b708                __eqdf2
                0x0200b708                __cmpdf2
                0x0200b790                __aeabi_cdrcmple
                0x0200b7ac                __aeabi_cdcmpeq
                0x0200b7ac                __aeabi_cdcmple
                0x0200b7c4                __aeabi_dcmpeq
                0x0200b7dc                __aeabi_dcmplt
                0x0200b7f4                __aeabi_dcmple
                0x0200b80c                __aeabi_dcmpge
                0x0200b824                __aeabi_dcmpgt
 .text          0x0200b83c       0x38 C:/devkitPro/devkitARM/bin/../lib/gcc/arm-none-eabi/13.2.0\libgcc.a(_arm_unorddf2.o)
                0x0200b83c                __unorddf2
                0x0200b83c                __aeabi_dcmpun
 .text          0x0200b874       0x5c C:/devkitPro/devkitARM/bin/../lib/gcc/arm-none-eabi/13.2.0\libgcc.a(_arm_fixdfsi.o)
                0x0200b874                __aeabi_d2iz
                0x0200b874                __fixdfsi
 .text          0x0200b8d0       0x3c C:/devkitPro/devkitARM/bin/../lib/gcc/arm-none-eabi/13.2.0\libgcc.a(_aeabi_uldivmod.o)
                0x0200b8d0                __aeabi_uldivmod
 *(EXCLUDE_FILE(*.twl* *.vectors* *.itcm*) .stub)
 *(EXCLUDE_FILE(*.twl* *.vectors* *.itcm*) .text.*)
 .text.__do_global_dtors_aux
                0x0200b90c       0x40 C:/devkitPro/devkitARM/bin/../lib/gcc/arm-none-eabi/13.2.0/crtbegin.o
 .text.frame_dummy
                0x0200b94c       0x30 C:/devkitPro/devkitARM/bin/../lib/gcc/arm-none-eabi/13.2.0/crtbegin.o
 .text.startup  0x0200b97c       0xe0 main.o
                0x0200b97c                main
 .text.nitroFSDirClose
                0x0200ba5c        0x4 C:/devkitPro/libnds/lib\libfilesystem.a(nitrofs.o)
 .text.nitroFSSeek
                0x0200ba60       0x78 C:/devkitPro/libnds/lib\libfilesystem.a(nitrofs.o)
 .text.nitroFSFstat
                0x0200bad8       0x10 C:/devkitPro/libnds/lib\libfilesystem.a(nitrofs.o)
 .text.nitroSubReadBlock
                0x0200bae8       0x54 C:/devkitPro/libnds/lib\libfilesystem.a(nitrofs.o)
 .text.nitroSubReadCard
                0x0200bb3c       0xb0 C:/devkitPro/libnds/lib\libfilesystem.a(nitrofs.o)
 .text.nitroFSClose
                0x0200bbec        0x4 C:/devkitPro/libnds/lib\libfilesystem.a(nitrofs.o)
 .text.nitroDirReset
                0x0200bbf0       0x9c C:/devkitPro/libnds/lib\libfilesystem.a(nitrofs.o)
 .text.nitroFSRead
                0x0200bc8c       0xbc C:/devkitPro/libnds/lib\libfilesystem.a(nitrofs.o)
 .text.nitroFSDirNext
                0x0200bd48      0x30c C:/devkitPro/libnds/lib\libfilesystem.a(nitrofs.o)
 .text.nitroFSDirOpen
                0x0200c054       0xe0 C:/devkitPro/libnds/lib\libfilesystem.a(nitrofs.o)
 .text.nitroFSChdir
                0x0200c134       0x30 C:/devkitPro/libnds/lib\libfilesystem.a(nitrofs.o)
 .text.nitroFSOpen
                0x0200c164       0xc4 C:/devkitPro/libnds/lib\libfilesystem.a(nitrofs.o)
 .text.nitroFSstat
                0x0200c228       0x68 C:/devkitPro/libnds/lib\libfilesystem.a(nitrofs.o)
 .text.nitroFSInit
                0x0200c290      0x12c C:/devkitPro/libnds/lib\libfilesystem.a(nitrofs.o)
                0x0200c290                nitroFSInit
 .text.fatMount.part.0
                0x0200c3bc       0xa0 C:/devkitPro/libnds/lib\libfat.a(libfat.o)
 .text.fatMount
                0x0200c45c       0x3c C:/devkitPro/libnds/lib\libfat.a(libfat.o)
                0x0200c45c                fatMount
 .text.fatInit  0x0200c498      0x130 C:/devkitPro/libnds/lib\libfat.a(libfat.o)
                0x0200c498                fatInit
 .text.fatInitDefault
                0x0200c5c8        0xc C:/devkitPro/libnds/lib\libfat.a(libfat.o)
                0x0200c5c8                fatInitDefault
 .text._FAT_check_position_for_next_cluster.part.0
                0x0200c5d4       0x68 C:/devkitPro/libnds/lib\libfat.a(fatfile.o)
 .text._FAT_syncToDisc.part.0
                0x0200c63c       0xd4 C:/devkitPro/libnds/lib\libfat.a(fatfile.o)
 .text._FAT_file_extend_r
                0x0200c710      0x208 C:/devkitPro/libnds/lib\libfat.a(fatfile.o)
 .text._FAT_open_r
                0x0200c918      0x2d4 C:/devkitPro/libnds/lib\libfat.a(fatfile.o)
                0x0200c918                _FAT_open_r
 .text._FAT_close_r
                0x0200cbec       0x74 C:/devkitPro/libnds/lib\libfat.a(fatfile.o)
                0x0200cbec                _FAT_close_r
 .text._FAT_read_r
                0x0200cc60      0x398 C:/devkitPro/libnds/lib\libfat.a(fatfile.o)
                0x0200cc60                _FAT_read_r
 .text._FAT_write_r
                0x0200cff8      0x53c C:/devkitPro/libnds/lib\libfat.a(fatfile.o)
                0x0200cff8                _FAT_write_r
 .text._FAT_seek_r
                0x0200d534      0x194 C:/devkitPro/libnds/lib\libfat.a(fatfile.o)
                0x0200d534                _FAT_seek_r
 .text._FAT_fstat_r
                0x0200d6c8       0x8c C:/devkitPro/libnds/lib\libfat.a(fatfile.o)
                0x0200d6c8                _FAT_fstat_r
 .text._FAT_ftruncate_r
                0x0200d754      0x16c C:/devkitPro/libnds/lib\libfat.a(fatfile.o)
                0x0200d754                _FAT_ftruncate_r
 .text._FAT_fsync_r
                0x0200d8c0       0x44 C:/devkitPro/libnds/lib\libfat.a(fatfile.o)
                0x0200d8c0                _FAT_fsync_r
 .text._FAT_cache_getPage
                0x0200d904       0xf0 C:/devkitPro/libnds/lib\libfat.a(cache.o)
 .text._FAT_cache_constructor
                0x0200d9f4       0x90 C:/devkitPro/libnds/lib\libfat.a(cache.o)
                0x0200d9f4                _FAT_cache_constructor
 .text._FAT_cache_readSectors
                0x0200da84       0x60 C:/devkitPro/libnds/lib\libfat.a(cache.o)
                0x0200da84                _FAT_cache_readSectors
 .text._FAT_cache_readPartialSector
                0x0200dae4       0x3c C:/devkitPro/libnds/lib\libfat.a(cache.o)
                0x0200dae4                _FAT_cache_readPartialSector
 .text._FAT_cache_readLittleEndianValue
                0x0200db20       0x70 C:/devkitPro/libnds/lib\libfat.a(cache.o)
                0x0200db20                _FAT_cache_readLittleEndianValue
 .text._FAT_cache_writePartialSector
                0x0200db90       0x4c C:/devkitPro/libnds/lib\libfat.a(cache.o)
                0x0200db90                _FAT_cache_writePartialSector
 .text._FAT_cache_writeLittleEndianValue
                0x0200dbdc       0x8c C:/devkitPro/libnds/lib\libfat.a(cache.o)
                0x0200dbdc                _FAT_cache_writeLittleEndianValue
 .text._FAT_cache_eraseWritePartialSector
                0x0200dc68       0x60 C:/devkitPro/libnds/lib\libfat.a(cache.o)
                0x0200dc68                _FAT_cache_eraseWritePartialSector
 .text._FAT_cache_writeSectors
                0x0200dcc8       0x80 C:/devkitPro/libnds/lib\libfat.a(cache.o)
                0x0200dcc8                _FAT_cache_writeSectors
 .text._FAT_cache_flush
                0x0200dd48       0x40 C:/devkitPro/libnds/lib\libfat.a(cache.o)
                0x0200dd48                _FAT_cache_flush
 .text._FAT_stat_r
                0x0200dd88       0x90 C:/devkitPro/libnds/lib\libfat.a(fatdir.o)
                0x0200dd88                _FAT_stat_r
 .text._FAT_link_r
                0x0200de18        0xc C:/devkitPro/libnds/lib\libfat.a(fatdir.o)
                0x0200de18                _FAT_link_r
 .text._FAT_unlink_r
                0x0200de24      0x184 C:/devkitPro/libnds/lib\libfat.a(fatdir.o)
                0x0200de24                _FAT_unlink_r
 .text._FAT_chdir_r
                0x0200dfa8       0x70 C:/devkitPro/libnds/lib\libfat.a(fatdir.o)
                0x0200dfa8                _FAT_chdir_r
 .text._FAT_rename_r
                0x0200e018      0x1c4 C:/devkitPro/libnds/lib\libfat.a(fatdir.o)
                0x0200e018                _FAT_rename_r
 .text._FAT_mkdir_r
                0x0200e1dc      0x244 C:/devkitPro/libnds/lib\libfat.a(fatdir.o)
                0x0200e1dc                _FAT_mkdir_r
 .text._FAT_statvfs_r
                0x0200e420       0x78 C:/devkitPro/libnds/lib\libfat.a(fatdir.o)
                0x0200e420                _FAT_statvfs_r
 .text._FAT_diropen_r
                0x0200e498       0xb0 C:/devkitPro/libnds/lib\libfat.a(fatdir.o)
                0x0200e498                _FAT_diropen_r
 .text._FAT_dirreset_r
                0x0200e548       0x4c C:/devkitPro/libnds/lib\libfat.a(fatdir.o)
                0x0200e548                _FAT_dirreset_r
 .text._FAT_dirnext_r
                0x0200e594       0x7c C:/devkitPro/libnds/lib\libfat.a(fatdir.o)
                0x0200e594                _FAT_dirnext_r
 .text._FAT_dirclose_r
                0x0200e610       0x20 C:/devkitPro/libnds/lib\libfat.a(fatdir.o)
                0x0200e610                _FAT_dirclose_r
 .text._FAT_directory_entryGetAlias
                0x0200e630       0xc8 C:/devkitPro/libnds/lib\libfat.a(directory.o)
 .text._FAT_directory_incrementDirEntryPosition
                0x0200e6f8       0x80 C:/devkitPro/libnds/lib\libfat.a(directory.o)
 .text._FAT_directory_mbsncasecmp
                0x0200e778       0xa8 C:/devkitPro/libnds/lib\libfat.a(directory.o)
 .text._FAT_directory_ucs2tombs.constprop.0
                0x0200e820       0x90 C:/devkitPro/libnds/lib\libfat.a(directory.o)
 .text._FAT_directory_entryGetCluster
                0x0200e8b0       0x20 C:/devkitPro/libnds/lib\libfat.a(directory.o)
                0x0200e8b0                _FAT_directory_entryGetCluster
 .text._FAT_directory_getNextEntry
                0x0200e8d0      0x23c C:/devkitPro/libnds/lib\libfat.a(directory.o)
                0x0200e8d0                _FAT_directory_getNextEntry
 .text._FAT_directory_entryExists
                0x0200eb0c       0x80 C:/devkitPro/libnds/lib\libfat.a(directory.o)
 .text._FAT_directory_getFirstEntry
                0x0200eb8c       0x20 C:/devkitPro/libnds/lib\libfat.a(directory.o)
                0x0200eb8c                _FAT_directory_getFirstEntry
 .text._FAT_directory_getRootEntry
                0x0200ebac       0x60 C:/devkitPro/libnds/lib\libfat.a(directory.o)
                0x0200ebac                _FAT_directory_getRootEntry
 .text._FAT_directory_entryFromPosition
                0x0200ec0c      0x150 C:/devkitPro/libnds/lib\libfat.a(directory.o)
                0x0200ec0c                _FAT_directory_entryFromPosition
 .text._FAT_directory_entryFromPath
                0x0200ed5c      0x248 C:/devkitPro/libnds/lib\libfat.a(directory.o)
                0x0200ed5c                _FAT_directory_entryFromPath
 .text._FAT_directory_removeEntry
                0x0200efa4       0xd8 C:/devkitPro/libnds/lib\libfat.a(directory.o)
                0x0200efa4                _FAT_directory_removeEntry
 .text._FAT_directory_addEntry
                0x0200f07c      0x808 C:/devkitPro/libnds/lib\libfat.a(directory.o)
                0x0200f07c                _FAT_directory_addEntry
 .text._FAT_directory_chdir
                0x0200f884       0x3c C:/devkitPro/libnds/lib\libfat.a(directory.o)
                0x0200f884                _FAT_directory_chdir
 .text._FAT_directory_entryStat
                0x0200f8c0       0xe4 C:/devkitPro/libnds/lib\libfat.a(directory.o)
                0x0200f8c0                _FAT_directory_entryStat
 .text.isValidMBR
                0x0200f9a4       0x5c C:/devkitPro/libnds/lib\libfat.a(partition.o)
 .text._FAT_updateFS_INFO
                0x0200fa00       0x54 C:/devkitPro/libnds/lib\libfat.a(partition.o)
 .text.FindFirstValidPartition_buf.part.0
                0x0200fa54      0x11c C:/devkitPro/libnds/lib\libfat.a(partition.o)
 .text._FAT_partition_getPartitionFromPath
                0x0200fb70       0x10 C:/devkitPro/libnds/lib\libfat.a(partition.o)
                0x0200fb70                _FAT_partition_getPartitionFromPath
 .text._FAT_partition_createFSinfo
                0x0200fb80       0x50 C:/devkitPro/libnds/lib\libfat.a(partition.o)
                0x0200fb80                _FAT_partition_createFSinfo
 .text._FAT_partition_readFSinfo.part.0
                0x0200fbd0       0x74 C:/devkitPro/libnds/lib\libfat.a(partition.o)
 .text._FAT_partition_constructor_buf
                0x0200fc44      0x2e8 C:/devkitPro/libnds/lib\libfat.a(partition.o)
                0x0200fc44                _FAT_partition_constructor_buf
 .text._FAT_partition_constructor
                0x0200ff2c       0x40 C:/devkitPro/libnds/lib\libfat.a(partition.o)
                0x0200ff2c                _FAT_partition_constructor
 .text._FAT_partition_readFSinfo
                0x0200ff6c       0x10 C:/devkitPro/libnds/lib\libfat.a(partition.o)
                0x0200ff6c                _FAT_partition_readFSinfo
 .text._FAT_lock_init
                0x0200ff7c        0x4 C:/devkitPro/libnds/lib\libfat.a(lock.o)
                0x0200ff7c                _FAT_lock_init
 .text._FAT_lock
                0x0200ff80        0x4 C:/devkitPro/libnds/lib\libfat.a(lock.o)
                0x0200ff80                _FAT_lock
 .text._FAT_unlock
                0x0200ff84        0x4 C:/devkitPro/libnds/lib\libfat.a(lock.o)
                0x0200ff84                _FAT_unlock
 .text._FAT_filetime_getTimeFromRTC
                0x0200ff88       0x44 C:/devkitPro/libnds/lib\libfat.a(filetime.o)
                0x0200ff88                _FAT_filetime_getTimeFromRTC
 .text._FAT_filetime_getDateFromRTC
                0x0200ffcc       0x44 C:/devkitPro/libnds/lib\libfat.a(filetime.o)
                0x0200ffcc                _FAT_filetime_getDateFromRTC
 .text._FAT_filetime_to_time_t
                0x02010010       0x38 C:/devkitPro/libnds/lib\libfat.a(filetime.o)
                0x02010010                _FAT_filetime_to_time_t
 .text._FAT_fat_writeFatEntry.part.0.isra.0
                0x02010048      0x12c C:/devkitPro/libnds/lib\libfat.a(file_allocation_table.o)
 .text._FAT_fat_nextCluster
                0x02010174      0x108 C:/devkitPro/libnds/lib\libfat.a(file_allocation_table.o)
                0x02010174                _FAT_fat_nextCluster
 .text._FAT_fat_linkFreeCluster
                0x0201027c       0xac C:/devkitPro/libnds/lib\libfat.a(file_allocation_table.o)
                0x0201027c                _FAT_fat_linkFreeCluster
 .text._FAT_fat_linkFreeClusterCleared
                0x02010328       0x68 C:/devkitPro/libnds/lib\libfat.a(file_allocation_table.o)
                0x02010328                _FAT_fat_linkFreeClusterCleared
 .text._FAT_fat_clearLinks
                0x02010390       0x7c C:/devkitPro/libnds/lib\libfat.a(file_allocation_table.o)
                0x02010390                _FAT_fat_clearLinks
 .text._FAT_fat_trimChain
                0x0201040c       0x80 C:/devkitPro/libnds/lib\libfat.a(file_allocation_table.o)
                0x0201040c                _FAT_fat_trimChain
 .text._FAT_fat_lastCluster
                0x0201048c       0x34 C:/devkitPro/libnds/lib\libfat.a(file_allocation_table.o)
                0x0201048c                _FAT_fat_lastCluster
 .text._FAT_fat_freeClusterCount
                0x020104c0       0x2c C:/devkitPro/libnds/lib\libfat.a(file_allocation_table.o)
                0x020104c0                _FAT_fat_freeClusterCount
 .text.setBrightness
                0x020104ec       0x40 C:/devkitPro/libnds/lib\libnds9.a(video.o)
                0x020104ec                setBrightness
 .text.vramDefault
                0x0201052c       0xd0 C:/devkitPro/libnds/lib\libnds9.a(video.o)
                0x0201052c                vramDefault
 .text.touchRead
                0x020105fc       0x24 C:/devkitPro/libnds/lib\libnds9.a(touch.o)
                0x020105fc                touchRead
 .text.newRow   0x02010620       0xa8 C:/devkitPro/libnds/lib\libnds9.a(console.o)
 .text.consolePrintChar
                0x020106c8       0xe0 C:/devkitPro/libnds/lib\libnds9.a(console.o)
                0x020106c8                consolePrintChar
 .text.con_write
                0x020107a8      0x36c C:/devkitPro/libnds/lib\libnds9.a(console.o)
                0x020107a8                con_write
 .text.consoleLoadFont
                0x02010b14      0x2a0 C:/devkitPro/libnds/lib\libnds9.a(console.o)
                0x02010b14                consoleLoadFont
 .text.consoleInit
                0x02010db4      0x18c C:/devkitPro/libnds/lib\libnds9.a(console.o)
                0x02010db4                consoleInit
 .text.consoleDemoInit
                0x02010f40       0x40 C:/devkitPro/libnds/lib\libnds9.a(console.o)
                0x02010f40                consoleDemoInit
 .text.consoleClear
                0x02010f80       0x10 C:/devkitPro/libnds/lib\libnds9.a(console.o)
                0x02010f80                consoleClear
 .text.oamInit  0x02010f90      0x114 C:/devkitPro/libnds/lib\libnds9.a(sprite.o)
                0x02010f90                oamInit
 .text.oamGfxPtrToOffset
                0x020110a4       0x34 C:/devkitPro/libnds/lib\libnds9.a(sprite.o)
                0x020110a4                oamGfxPtrToOffset
 .text.oamSet   0x020110d8      0x104 C:/devkitPro/libnds/lib\libnds9.a(sprite.o)
                0x020110d8                oamSet
 .text.oamUpdate
                0x020111dc       0x60 C:/devkitPro/libnds/lib\libnds9.a(sprite.o)
                0x020111dc                oamUpdate
 .text.oamRotateScale
                0x0201123c       0x4c C:/devkitPro/libnds/lib\libnds9.a(sprite.o)
                0x0201123c                oamRotateScale
 .text.scanKeys
                0x02011288       0x8c C:/devkitPro/libnds/lib\libnds9.a(keys.o)
                0x02011288                scanKeys
 .text.keysHeld
                0x02011314        0xc C:/devkitPro/libnds/lib\libnds9.a(keys.o)
                0x02011314                keysHeld
 .text.keysDown
                0x02011320       0x14 C:/devkitPro/libnds/lib\libnds9.a(keys.o)
                0x02011320                keysDown
 .text.dldiGetInternal
                0x02011334       0x34 C:/devkitPro/libnds/lib\libnds9.a(dldi.o)
                0x02011334                dldiGetInternal
 .text.get_io_dsisd
                0x02011368       0x24 C:/devkitPro/libnds/lib\libnds9.a(dldi.o)
                0x02011368                get_io_dsisd
 .text.__syscall_gettod_r
                0x0201138c       0x28 C:/devkitPro/libnds/lib\libnds9.a(initSystem.o)
                0x0201138c                __syscall_gettod_r
 .text.__syscall_exit
                0x020113b4        0x8 C:/devkitPro/libnds/lib\libnds9.a(initSystem.o)
                0x020113b4                __syscall_exit
 .text.initSystem
                0x020113bc      0x180 C:/devkitPro/libnds/lib\libnds9.a(initSystem.o)
                0x020113bc                initSystem
 .text.timerStart
                0x0201153c       0x40 C:/devkitPro/libnds/lib\libnds9.a(timers.o)
                0x0201153c                timerStart
 .text.timerElapsed
                0x0201157c       0x30 C:/devkitPro/libnds/lib\libnds9.a(timers.o)
                0x0201157c                timerElapsed
 .text.timerStop
                0x020115ac       0x3c C:/devkitPro/libnds/lib\libnds9.a(timers.o)
                0x020115ac                timerStop
 .text.irqDummy
                0x020115e8        0x4 C:/devkitPro/libnds/lib\libnds9.a(interrupts.o)
                0x020115e8                irqDummy
 .text.irqSet   0x020115ec       0x6c C:/devkitPro/libnds/lib\libnds9.a(interrupts.o)
                0x020115ec                irqSet
 .text.irqInit  0x02011658       0x50 C:/devkitPro/libnds/lib\libnds9.a(interrupts.o)
                0x02011658                irqInit
 .text.irqEnable
                0x020116a8       0x64 C:/devkitPro/libnds/lib\libnds9.a(interrupts.o)
                0x020116a8                irqEnable
 .text.systemErrorExit
                0x0201170c        0x4 C:/devkitPro/libnds/lib\libnds9.a(libnds_exit.arm.o)
                0x0201170c                systemErrorExit
 .text.__libnds_exit
                0x02011710       0x5c C:/devkitPro/libnds/lib\libnds9.a(libnds_exit.arm.o)
                0x02011710                __libnds_exit
 .text.cardPolledTransfer
                0x0201176c       0x54 C:/devkitPro/libnds/lib\libnds9.a(card.o)
                0x0201176c                cardPolledTransfer
 .text.cardParamCommand
                0x020117c0       0x34 C:/devkitPro/libnds/lib\libnds9.a(card.o)
                0x020117c0                cardParamCommand
 .text.fifo_queueBlock
                0x020117f4       0x44 C:/devkitPro/libnds/lib\libnds9.a(fifosystem.o)
 .text.fifo_waitBlock
                0x02011838       0x80 C:/devkitPro/libnds/lib\libnds9.a(fifosystem.o)
 .text.fifoInternalSend.part.0
                0x020118b8       0xd4 C:/devkitPro/libnds/lib\libnds9.a(fifosystem.o)
 .text.fifoInternalSendInterrupt
                0x0201198c       0xb0 C:/devkitPro/libnds/lib\libnds9.a(fifosystem.o)
 .text.fifoSetValue32Handler
                0x02011a3c       0xd4 C:/devkitPro/libnds/lib\libnds9.a(fifosystem.o)
                0x02011a3c                fifoSetValue32Handler
 .text.fifoSendValue32
                0x02011b10       0x4c C:/devkitPro/libnds/lib\libnds9.a(fifosystem.o)
                0x02011b10                fifoSendValue32
 .text.fifoSendDatamsg
                0x02011b5c       0x90 C:/devkitPro/libnds/lib\libnds9.a(fifosystem.o)
                0x02011b5c                fifoSendDatamsg
 .text.fifoGetValue32
                0x02011bec       0x70 C:/devkitPro/libnds/lib\libnds9.a(fifosystem.o)
                0x02011bec                fifoGetValue32
 .text.fifoGetDatamsg
                0x02011c5c       0xf4 C:/devkitPro/libnds/lib\libnds9.a(fifosystem.o)
                0x02011c5c                fifoGetDatamsg
 .text.fifoInternalRecvInterrupt
                0x02011d50      0x37c C:/devkitPro/libnds/lib\libnds9.a(fifosystem.o)
 .text.fifoSetDatamsgHandler
                0x020120cc       0x9c C:/devkitPro/libnds/lib\libnds9.a(fifosystem.o)
                0x020120cc                fifoSetDatamsgHandler
 .text.fifoCheckValue32
                0x02012168       0x24 C:/devkitPro/libnds/lib\libnds9.a(fifosystem.o)
                0x02012168                fifoCheckValue32
 .text.fifoInit
                0x0201218c      0x108 C:/devkitPro/libnds/lib\libnds9.a(fifosystem.o)
                0x0201218c                fifoInit
 .text.DC_FlushRange
                0x02012294       0x24 C:/devkitPro/libnds/lib\libnds9.a(dcache.o)
                0x02012294                DC_FlushRange
 .text.DC_InvalidateRange
                0x020122b8       0x2c C:/devkitPro/libnds/lib\libnds9.a(dcache.o)
                0x020122b8                DC_InvalidateRange
 .text.__libnds_mpu_setup
                0x020122e4      0x174 C:/devkitPro/libnds/lib\libnds9.a(mpu_setup.o)
                0x020122e4                __libnds_mpu_setup
 .text.memUncached
                0x02012458       0x20 C:/devkitPro/libnds/lib\libnds9.a(mpu_setup.o)
                0x02012458                memUncached
 .text.swiWaitForVBlank
                0x02012478        0x8 C:/devkitPro/libnds/lib\libnds9.a(IntrWait.o)
                0x02012478                swiWaitForVBlank
 .text.swiIntrWait
                0x02012480       0x70 C:/devkitPro/libnds/lib\libnds9.a(IntrWait.o)
                0x02012480                swiIntrWait
 .text.setCpuClock
                0x020124f0       0x50 C:/devkitPro/libnds/lib\libnds9.a(cpu_clock.o)
                0x020124f0                setCpuClock
 .text.swiDelay
                0x02012540        0x4 C:/devkitPro/libnds/lib\libnds9.a(biosCalls.o)
                0x02012540                swiDelay
 .text.swiSoftReset
                0x02012544       0x2c C:/devkitPro/libnds/lib\libnds9.a(swiSoftReset.o)
                0x02012544                swiSoftReset
 .text.checkIfText
                0x02012570       0x5c C:/devkitPro/libnds/lib\libnds9.a(background.o)
                0x02012570                checkIfText
 .text.bgUpdate
                0x020125cc       0xf4 C:/devkitPro/libnds/lib\libnds9.a(background.o)
                0x020125cc                bgUpdate
 .text.bgInit_call
                0x020126c0       0xc4 C:/devkitPro/libnds/lib\libnds9.a(background.o)
                0x020126c0                bgInit_call
 .text.bgInitSub_call
                0x02012784       0xcc C:/devkitPro/libnds/lib\libnds9.a(background.o)
                0x02012784                bgInitSub_call
 .text.sinLutLookup
                0x02012850       0x4c C:/devkitPro/libnds/lib\libnds9.a(trig.o)
                0x02012850                sinLutLookup
 .text.sinLerp  0x0201289c       0x40 C:/devkitPro/libnds/lib\libnds9.a(trig.o)
                0x0201289c                sinLerp
 .text.cosLerp  0x020128dc       0x4c C:/devkitPro/libnds/lib\libnds9.a(trig.o)
                0x020128dc                cosLerp
 .text.oamAllocReset
                0x02012928       0x1c C:/devkitPro/libnds/lib\libnds9.a(sprite_alloc.o)
                0x02012928                oamAllocReset
 .text.systemValueHandler
                0x02012944       0x48 C:/devkitPro/libnds/lib\libnds9.a(system.o)
                0x02012944                systemValueHandler
 .text.systemMsgHandler
                0x0201298c       0x60 C:/devkitPro/libnds/lib\libnds9.a(system.o)
                0x0201298c                systemMsgHandler
 .text.powerOn  0x020129ec       0x2c C:/devkitPro/libnds/lib\libnds9.a(system.o)
                0x020129ec                powerOn
 .text._ZdlPvj  0x02012a18       0x10 C:/devkitPro/devkitARM/bin/../lib/gcc/arm-none-eabi/13.2.0/../../../../arm-none-eabi/lib\libstdc++.a(del_ops.o)
                0x02012a18                operator delete(void*, unsigned int)
 .text._ZNSt7__cxx1112basic_stringIcSt11char_traitsIcESaIcEE9_M_createERjj
                0x02012a28       0x64 C:/devkitPro/devkitARM/bin/../lib/gcc/arm-none-eabi/13.2.0/../../../../arm-none-eabi/lib\libstdc++.a(string-inst.o)
                0x02012a28                std::__cxx11::basic_string<char, std::char_traits<char>, std::allocator<char> >::_M_create(unsigned int&, unsigned int)
 .text._ZNSt7__cxx1112basic_stringIcSt11char_traitsIcESaIcEE12_M_constructEjc
                0x02012a8c       0x88 C:/devkitPro/devkitARM/bin/../lib/gcc/arm-none-eabi/13.2.0/../../../../arm-none-eabi/lib\libstdc++.a(string-inst.o)
                0x02012a8c                std::__cxx11::basic_string<char, std::char_traits<char>, std::allocator<char> >::_M_construct(unsigned int, char)
 .text._ZNSt7__cxx1112basic_stringIcSt11char_traitsIcESaIcEE9_M_mutateEjjPKcj
                0x02012b14      0x100 C:/devkitPro/devkitARM/bin/../lib/gcc/arm-none-eabi/13.2.0/../../../../arm-none-eabi/lib\libstdc++.a(string-inst.o)
                0x02012b14                std::__cxx11::basic_string<char, std::char_traits<char>, std::allocator<char> >::_M_mutate(unsigned int, unsigned int, char const*, unsigned int)
 .text.unlikely._ZNSt7__cxx1112basic_stringIcSt11char_traitsIcESaIcEE15_M_replace_coldEPcjPKcjj
                0x02012c14      0x128 C:/devkitPro/devkitARM/bin/../lib/gcc/arm-none-eabi/13.2.0/../../../../arm-none-eabi/lib\libstdc++.a(string-inst.o)
                0x02012c14                std::__cxx11::basic_string<char, std::char_traits<char>, std::allocator<char> >::_M_replace_cold(char*, unsigned int, char const*, unsigned int, unsigned int)
 .text._ZNSt7__cxx1112basic_stringIcSt11char_traitsIcESaIcEE10_M_replaceEjjPKcj
                0x02012d3c      0x130 C:/devkitPro/devkitARM/bin/../lib/gcc/arm-none-eabi/13.2.0/../../../../arm-none-eabi/lib\libstdc++.a(string-inst.o)
                0x02012d3c                std::__cxx11::basic_string<char, std::char_traits<char>, std::allocator<char> >::_M_replace(unsigned int, unsigned int, char const*, unsigned int)
 .text._ZdlPv   0x02012e6c       0x10 C:/devkitPro/devkitARM/bin/../lib/gcc/arm-none-eabi/13.2.0/../../../../arm-none-eabi/lib\libstdc++.a(del_op.o)
                0x02012e6c                operator delete(void*)
 .text.__cxa_end_cleanup
                0x02012e7c       0x10 C:/devkitPro/devkitARM/bin/../lib/gcc/arm-none-eabi/13.2.0/../../../../arm-none-eabi/lib\libstdc++.a(eh_arm.o)
                0x02012e7c                __cxa_end_cleanup
 .text.__cxa_type_match
                0x02012e8c      0x140 C:/devkitPro/devkitARM/bin/../lib/gcc/arm-none-eabi/13.2.0/../../../../arm-none-eabi/lib\libstdc++.a(eh_arm.o)
                0x02012e8c                __cxa_type_match
 .text.__cxa_begin_cleanup
                0x02012fcc       0xbc C:/devkitPro/devkitARM/bin/../lib/gcc/arm-none-eabi/13.2.0/../../../../arm-none-eabi/lib\libstdc++.a(eh_arm.o)
                0x02012fcc                __cxa_begin_cleanup
 .text.__gnu_end_cleanup
                0x02013088       0xbc C:/devkitPro/devkitARM/bin/../lib/gcc/arm-none-eabi/13.2.0/../../../../arm-none-eabi/lib\libstdc++.a(eh_arm.o)
                0x02013088                __gnu_end_cleanup
 .text.__cxa_begin_catch
                0x02013144       0xd4 C:/devkitPro/devkitARM/bin/../lib/gcc/arm-none-eabi/13.2.0/../../../../arm-none-eabi/lib\libstdc++.a(eh_catch.o)
                0x02013144                __cxa_begin_catch
 .text.__cxa_end_catch
                0x02013218       0xe0 C:/devkitPro/devkitARM/bin/../lib/gcc/arm-none-eabi/13.2.0/../../../../arm-none-eabi/lib\libstdc++.a(eh_catch.o)
                0x02013218                __cxa_end_catch
 .text._ZNSt9exceptionD2Ev
                0x020132f8        0x4 C:/devkitPro/devkitARM/bin/../lib/gcc/arm-none-eabi/13.2.0/../../../../arm-none-eabi/lib\libstdc++.a(eh_exception.o)
                0x020132f8                std::exception::~exception()
                0x020132f8                std::exception::~exception()
 .text._ZNSt13bad_exceptionD2Ev
                0x020132fc        0x4 C:/devkitPro/devkitARM/bin/../lib/gcc/arm-none-eabi/13.2.0/../../../../arm-none-eabi/lib\libstdc++.a(eh_exception.o)
                0x020132fc                std::bad_exception::~bad_exception()
                0x020132fc                std::bad_exception::~bad_exception()
 .text._ZNKSt9exception4whatEv
                0x02013300        0xc C:/devkitPro/devkitARM/bin/../lib/gcc/arm-none-eabi/13.2.0/../../../../arm-none-eabi/lib\libstdc++.a(eh_exception.o)
                0x02013300                std::exception::what() const
                0x02013300                transaction clone for std::exception::what() const
 .text._ZNKSt13bad_exception4whatEv
                0x0201330c        0xc C:/devkitPro/devkitARM/bin/../lib/gcc/arm-none-eabi/13.2.0/../../../../arm-none-eabi/lib\libstdc++.a(eh_exception.o)
                0x0201330c                std::bad_exception::what() const
                0x0201330c                transaction clone for std::bad_exception::what() const
 .text._ZNSt13bad_exceptionD0Ev
                0x02013318       0x1c C:/devkitPro/devkitARM/bin/../lib/gcc/arm-none-eabi/13.2.0/../../../../arm-none-eabi/lib\libstdc++.a(eh_exception.o)
                0x02013318                std::bad_exception::~bad_exception()
 .text._ZL15eh_globals_dtorPv
                0x02013334       0x40 C:/devkitPro/devkitARM/bin/../lib/gcc/arm-none-eabi/13.2.0/../../../../arm-none-eabi/lib\libstdc++.a(eh_globals.o)
 .text.__cxa_get_globals_fast
                0x02013374       0x3c C:/devkitPro/devkitARM/bin/../lib/gcc/arm-none-eabi/13.2.0/../../../../arm-none-eabi/lib\libstdc++.a(eh_globals.o)
                0x02013374                __cxa_get_globals_fast
 .text.__cxa_get_globals
                0x020133b0       0x78 C:/devkitPro/devkitARM/bin/../lib/gcc/arm-none-eabi/13.2.0/../../../../arm-none-eabi/lib\libstdc++.a(eh_globals.o)
                0x020133b0                __cxa_get_globals
 .text.startup._GLOBAL__sub_I__ZN17__eh_globals_init7_S_initE
                0x02013428       0x44 C:/devkitPro/devkitARM/bin/../lib/gcc/arm-none-eabi/13.2.0/../../../../arm-none-eabi/lib\libstdc++.a(eh_globals.o)
 .text.exit._GLOBAL__sub_D__ZN17__eh_globals_init7_S_initE
                0x0201346c       0x38 C:/devkitPro/devkitARM/bin/../lib/gcc/arm-none-eabi/13.2.0/../../../../arm-none-eabi/lib\libstdc++.a(eh_globals.o)
 .text._ZL28read_encoded_value_with_basehjPKhPj
                0x020134a4      0x174 C:/devkitPro/devkitARM/bin/../lib/gcc/arm-none-eabi/13.2.0/../../../../arm-none-eabi/lib\libstdc++.a(eh_personality.o)
 .text._ZL21base_of_encoded_valuehP15_Unwind_Context
                0x02013618       0x7c C:/devkitPro/devkitARM/bin/../lib/gcc/arm-none-eabi/13.2.0/../../../../arm-none-eabi/lib\libstdc++.a(eh_personality.o)
 .text._ZL17parse_lsda_headerP15_Unwind_ContextPKhP16lsda_header_info
                0x02013694       0xd8 C:/devkitPro/devkitARM/bin/../lib/gcc/arm-none-eabi/13.2.0/../../../../arm-none-eabi/lib\libstdc++.a(eh_personality.o)
 .text.__gxx_personality_v0
                0x0201376c      0x6d0 C:/devkitPro/devkitARM/bin/../lib/gcc/arm-none-eabi/13.2.0/../../../../arm-none-eabi/lib\libstdc++.a(eh_personality.o)
                0x0201376c                __gxx_personality_v0
 .text._ZNK9__gnu_cxx24__concurrence_lock_error4whatEv
                0x02013e3c        0xc C:/devkitPro/devkitARM/bin/../lib/gcc/arm-none-eabi/13.2.0/../../../../arm-none-eabi/lib\libstdc++.a(eh_terminate.o)
                0x02013e3c                __gnu_cxx::__concurrence_lock_error::what() const
 .text._ZNK9__gnu_cxx26__concurrence_unlock_error4whatEv
                0x02013e48        0xc C:/devkitPro/devkitARM/bin/../lib/gcc/arm-none-eabi/13.2.0/../../../../arm-none-eabi/lib\libstdc++.a(eh_terminate.o)
                0x02013e48                __gnu_cxx::__concurrence_unlock_error::what() const
 .text._ZN9__gnu_cxx24__concurrence_lock_errorD2Ev
                0x02013e54       0x24 C:/devkitPro/devkitARM/bin/../lib/gcc/arm-none-eabi/13.2.0/../../../../arm-none-eabi/lib\libstdc++.a(eh_terminate.o)
                0x02013e54                __gnu_cxx::__concurrence_lock_error::~__concurrence_lock_error()
                0x02013e54                __gnu_cxx::__concurrence_lock_error::~__concurrence_lock_error()
 .text._ZN9__gnu_cxx24__concurrence_lock_errorD0Ev
                0x02013e78       0x30 C:/devkitPro/devkitARM/bin/../lib/gcc/arm-none-eabi/13.2.0/../../../../arm-none-eabi/lib\libstdc++.a(eh_terminate.o)
                0x02013e78                __gnu_cxx::__concurrence_lock_error::~__concurrence_lock_error()
 .text._ZN9__gnu_cxx26__concurrence_unlock_errorD2Ev
                0x02013ea8       0x24 C:/devkitPro/devkitARM/bin/../lib/gcc/arm-none-eabi/13.2.0/../../../../arm-none-eabi/lib\libstdc++.a(eh_terminate.o)
                0x02013ea8                __gnu_cxx::__concurrence_unlock_error::~__concurrence_unlock_error()
                0x02013ea8                __gnu_cxx::__concurrence_unlock_error::~__concurrence_unlock_error()
 .text._ZN9__gnu_cxx26__concurrence_unlock_errorD0Ev
                0x02013ecc       0x30 C:/devkitPro/devkitARM/bin/../lib/gcc/arm-none-eabi/13.2.0/../../../../arm-none-eabi/lib\libstdc++.a(eh_terminate.o)
                0x02013ecc                __gnu_cxx::__concurrence_unlock_error::~__concurrence_unlock_error()
 .text.unlikely._ZN9__gnu_cxx30__throw_concurrence_lock_errorEv
                0x02013efc       0x2c C:/devkitPro/devkitARM/bin/../lib/gcc/arm-none-eabi/13.2.0/../../../../arm-none-eabi/lib\libstdc++.a(eh_terminate.o)
                0x02013efc                __gnu_cxx::__throw_concurrence_lock_error()
 .text.unlikely._ZN9__gnu_cxx32__throw_concurrence_unlock_errorEv
                0x02013f28       0x2c C:/devkitPro/devkitARM/bin/../lib/gcc/arm-none-eabi/13.2.0/../../../../arm-none-eabi/lib\libstdc++.a(eh_terminate.o)
                0x02013f28                __gnu_cxx::__throw_concurrence_unlock_error()
 .text._ZN10__cxxabiv111__terminateEPFvvE
                0x02013f54       0x18 C:/devkitPro/devkitARM/bin/../lib/gcc/arm-none-eabi/13.2.0/../../../../arm-none-eabi/lib\libstdc++.a(eh_terminate.o)
                0x02013f54                __cxxabiv1::__terminate(void (*)())
 .text._ZSt13get_terminatev
                0x02013f6c       0x60 C:/devkitPro/devkitARM/bin/../lib/gcc/arm-none-eabi/13.2.0/../../../../arm-none-eabi/lib\libstdc++.a(eh_terminate.o)
                0x02013f6c                std::get_terminate()
 .text._ZSt9terminatev
                0x02013fcc        0xc C:/devkitPro/devkitARM/bin/../lib/gcc/arm-none-eabi/13.2.0/../../../../arm-none-eabi/lib\libstdc++.a(eh_terminate.o)
                0x02013fcc                std::terminate()
 .text._ZN10__cxxabiv112__unexpectedEPFvvE
                0x02013fd8       0x10 C:/devkitPro/devkitARM/bin/../lib/gcc/arm-none-eabi/13.2.0/../../../../arm-none-eabi/lib\libstdc++.a(eh_terminate.o)
                0x02013fd8                __cxxabiv1::__unexpected(void (*)())
 .text._ZSt14get_unexpectedv
                0x02013fe8       0x60 C:/devkitPro/devkitARM/bin/../lib/gcc/arm-none-eabi/13.2.0/../../../../arm-none-eabi/lib\libstdc++.a(eh_terminate.o)
                0x02013fe8                std::get_unexpected()
 .text._ZSt10unexpectedv
                0x02014048        0xc C:/devkitPro/devkitARM/bin/../lib/gcc/arm-none-eabi/13.2.0/../../../../arm-none-eabi/lib\libstdc++.a(eh_terminate.o)
                0x02014048                std::unexpected()
 .text.startup._GLOBAL__sub_I__ZN10__cxxabiv111__terminateEPFvvE
                0x02014054       0x20 C:/devkitPro/devkitARM/bin/../lib/gcc/arm-none-eabi/13.2.0/../../../../arm-none-eabi/lib\libstdc++.a(eh_terminate.o)
 .text._ZL23__gxx_exception_cleanup19_Unwind_Reason_CodeP21_Unwind_Control_Block
                0x02014074       0x80 C:/devkitPro/devkitARM/bin/../lib/gcc/arm-none-eabi/13.2.0/../../../../arm-none-eabi/lib\libstdc++.a(eh_throw.o)
 .text.__cxa_init_primary_exception
                0x020140f4       0x74 C:/devkitPro/devkitARM/bin/../lib/gcc/arm-none-eabi/13.2.0/../../../../arm-none-eabi/lib\libstdc++.a(eh_throw.o)
                0x020140f4                __cxa_init_primary_exception
 .text.__cxa_throw
                0x02014168       0x54 C:/devkitPro/devkitARM/bin/../lib/gcc/arm-none-eabi/13.2.0/../../../../arm-none-eabi/lib\libstdc++.a(eh_throw.o)
                0x02014168                __cxa_throw
 .text.__cxa_rethrow
                0x020141bc       0xb0 C:/devkitPro/devkitARM/bin/../lib/gcc/arm-none-eabi/13.2.0/../../../../arm-none-eabi/lib\libstdc++.a(eh_throw.o)
                0x020141bc                __cxa_rethrow
 .text._Znwj    0x0201426c       0x68 C:/devkitPro/devkitARM/bin/../lib/gcc/arm-none-eabi/13.2.0/../../../../arm-none-eabi/lib\libstdc++.a(new_op.o)
                0x0201426c                operator new(unsigned int)
 .text._ZN10__cxxabiv120__si_class_type_infoD2Ev
                0x020142d4       0x24 C:/devkitPro/devkitARM/bin/../lib/gcc/arm-none-eabi/13.2.0/../../../../arm-none-eabi/lib\libstdc++.a(si_class_type_info.o)
                0x020142d4                __cxxabiv1::__si_class_type_info::~__si_class_type_info()
                0x020142d4                __cxxabiv1::__si_class_type_info::~__si_class_type_info()
 .text._ZN10__cxxabiv120__si_class_type_infoD0Ev
                0x020142f8       0x30 C:/devkitPro/devkitARM/bin/../lib/gcc/arm-none-eabi/13.2.0/../../../../arm-none-eabi/lib\libstdc++.a(si_class_type_info.o)
                0x020142f8                __cxxabiv1::__si_class_type_info::~__si_class_type_info()
 .text._ZNK10__cxxabiv120__si_class_type_info12__do_dyncastEiNS_17__class_type_info10__sub_kindEPKS1_PKvS4_S6_RNS1_16__dyncast_resultE
                0x02014328      0x140 C:/devkitPro/devkitARM/bin/../lib/gcc/arm-none-eabi/13.2.0/../../../../arm-none-eabi/lib\libstdc++.a(si_class_type_info.o)
                0x02014328                __cxxabiv1::__si_class_type_info::__do_dyncast(int, __cxxabiv1::__class_type_info::__sub_kind, __cxxabiv1::__class_type_info const*, void const*, __cxxabiv1::__class_type_info const*, void const*, __cxxabiv1::__class_type_info::__dyncast_result&) const
 .text._ZNK10__cxxabiv120__si_class_type_info20__do_find_public_srcEiPKvPKNS_17__class_type_infoES2_
                0x02014468       0x8c C:/devkitPro/devkitARM/bin/../lib/gcc/arm-none-eabi/13.2.0/../../../../arm-none-eabi/lib\libstdc++.a(si_class_type_info.o)
                0x02014468                __cxxabiv1::__si_class_type_info::__do_find_public_src(int, void const*, __cxxabiv1::__class_type_info const*, void const*) const
 .text._ZNK10__cxxabiv120__si_class_type_info11__do_upcastEPKNS_17__class_type_infoEPKvRNS1_15__upcast_resultE
                0x020144f4       0x4c C:/devkitPro/devkitARM/bin/../lib/gcc/arm-none-eabi/13.2.0/../../../../arm-none-eabi/lib\libstdc++.a(si_class_type_info.o)
                0x020144f4                __cxxabiv1::__si_class_type_info::__do_upcast(__cxxabiv1::__class_type_info const*, void const*, __cxxabiv1::__class_type_info::__upcast_result&) const
 .text._ZNSt9type_infoD2Ev
                0x02014540        0x4 C:/devkitPro/devkitARM/bin/../lib/gcc/arm-none-eabi/13.2.0/../../../../arm-none-eabi/lib\libstdc++.a(tinfo.o)
                0x02014540                std::type_info::~type_info()
                0x02014540                std::type_info::~type_info()
 .text._ZNKSt9type_info14__is_pointer_pEv
                0x02014544        0x8 C:/devkitPro/devkitARM/bin/../lib/gcc/arm-none-eabi/13.2.0/../../../../arm-none-eabi/lib\libstdc++.a(tinfo.o)
                0x02014544                std::type_info::__is_pointer_p() const
                0x02014544                std::type_info::__is_function_p() const
 .text.unlikely._ZSt19__throw_logic_errorPKc
                0x0201454c       0x40 C:/devkitPro/devkitARM/bin/../lib/gcc/arm-none-eabi/13.2.0/../../../../arm-none-eabi/lib\libstdc++.a(functexcept.o)
                0x0201454c                std::__throw_logic_error(char const*)
 .text.unlikely._ZSt20__throw_length_errorPKc
                0x0201458c       0x40 C:/devkitPro/devkitARM/bin/../lib/gcc/arm-none-eabi/13.2.0/../../../../arm-none-eabi/lib\libstdc++.a(functexcept.o)
                0x0201458c                std::__throw_length_error(char const*)
 .text._ZN9__gnu_cxx18__exchange_and_addEPVii
                0x020145cc       0xec C:/devkitPro/devkitARM/bin/../lib/gcc/arm-none-eabi/13.2.0/../../../../arm-none-eabi/lib\libstdc++.a(atomicity.o)
                0x020145cc                __gnu_cxx::__exchange_and_add(int volatile*, int)
 .text._ZNKSt9bad_alloc4whatEv
                0x020146b8        0xc C:/devkitPro/devkitARM/bin/../lib/gcc/arm-none-eabi/13.2.0/../../../../arm-none-eabi/lib\libstdc++.a(bad_alloc.o)
                0x020146b8                std::bad_alloc::what() const
 .text._ZNSt9bad_allocD2Ev
                0x020146c4       0x24 C:/devkitPro/devkitARM/bin/../lib/gcc/arm-none-eabi/13.2.0/../../../../arm-none-eabi/lib\libstdc++.a(bad_alloc.o)
                0x020146c4                std::bad_alloc::~bad_alloc()
                0x020146c4                std::bad_alloc::~bad_alloc()
 .text._ZNSt9bad_allocD0Ev
                0x020146e8       0x30 C:/devkitPro/devkitARM/bin/../lib/gcc/arm-none-eabi/13.2.0/../../../../arm-none-eabi/lib\libstdc++.a(bad_alloc.o)
                0x020146e8                std::bad_alloc::~bad_alloc()
 .text._ZNK10__cxxabiv117__class_type_info11__do_upcastEPKS0_PPv
                0x02014718       0x64 C:/devkitPro/devkitARM/bin/../lib/gcc/arm-none-eabi/13.2.0/../../../../arm-none-eabi/lib\libstdc++.a(class_type_info.o)
                0x02014718                __cxxabiv1::__class_type_info::__do_upcast(__cxxabiv1::__class_type_info const*, void**) const
 .text._ZNK10__cxxabiv117__class_type_info20__do_find_public_srcEiPKvPKS0_S2_
                0x0201477c       0x14 C:/devkitPro/devkitARM/bin/../lib/gcc/arm-none-eabi/13.2.0/../../../../arm-none-eabi/lib\libstdc++.a(class_type_info.o)
                0x0201477c                __cxxabiv1::__class_type_info::__do_find_public_src(int, void const*, __cxxabiv1::__class_type_info const*, void const*) const
 .text._ZN10__cxxabiv117__class_type_infoD2Ev
                0x02014790       0x24 C:/devkitPro/devkitARM/bin/../lib/gcc/arm-none-eabi/13.2.0/../../../../arm-none-eabi/lib\libstdc++.a(class_type_info.o)
                0x02014790                __cxxabiv1::__class_type_info::~__class_type_info()
                0x02014790                __cxxabiv1::__class_type_info::~__class_type_info()
 .text._ZN10__cxxabiv117__class_type_infoD0Ev
                0x020147b4       0x30 C:/devkitPro/devkitARM/bin/../lib/gcc/arm-none-eabi/13.2.0/../../../../arm-none-eabi/lib\libstdc++.a(class_type_info.o)
                0x020147b4                __cxxabiv1::__class_type_info::~__class_type_info()
 .text._ZNK10__cxxabiv117__class_type_info11__do_upcastEPKS0_PKvRNS0_15__upcast_resultE
                0x020147e4       0x6c C:/devkitPro/devkitARM/bin/../lib/gcc/arm-none-eabi/13.2.0/../../../../arm-none-eabi/lib\libstdc++.a(class_type_info.o)
                0x020147e4                __cxxabiv1::__class_type_info::__do_upcast(__cxxabiv1::__class_type_info const*, void const*, __cxxabiv1::__class_type_info::__upcast_result&) const
 .text._ZNK10__cxxabiv117__class_type_info10__do_catchEPKSt9type_infoPPvj
                0x02014850       0x84 C:/devkitPro/devkitARM/bin/../lib/gcc/arm-none-eabi/13.2.0/../../../../arm-none-eabi/lib\libstdc++.a(class_type_info.o)
                0x02014850                __cxxabiv1::__class_type_info::__do_catch(std::type_info const*, void**, unsigned int) const
 .text._ZNK10__cxxabiv117__class_type_info12__do_dyncastEiNS0_10__sub_kindEPKS0_PKvS3_S5_RNS0_16__dyncast_resultE
                0x020148d4       0xdc C:/devkitPro/devkitARM/bin/../lib/gcc/arm-none-eabi/13.2.0/../../../../arm-none-eabi/lib\libstdc++.a(class_type_info.o)
                0x020148d4                __cxxabiv1::__class_type_info::__do_dyncast(int, __cxxabiv1::__class_type_info::__sub_kind, __cxxabiv1::__class_type_info const*, void const*, __cxxabiv1::__class_type_info const*, void const*, __cxxabiv1::__class_type_info::__dyncast_result&) const
 .text._ZN12_GLOBAL__N_14pool4freeEPv.constprop.0
                0x020149b0      0x114 C:/devkitPro/devkitARM/bin/../lib/gcc/arm-none-eabi/13.2.0/../../../../arm-none-eabi/lib\libstdc++.a(eh_alloc.o)
 .text._ZN12_GLOBAL__N_14pool8allocateEj.constprop.0
                0x02014ac4       0xd8 C:/devkitPro/devkitARM/bin/../lib/gcc/arm-none-eabi/13.2.0/../../../../arm-none-eabi/lib\libstdc++.a(eh_alloc.o)
 .text.__cxa_allocate_exception
                0x02014b9c       0x48 C:/devkitPro/devkitARM/bin/../lib/gcc/arm-none-eabi/13.2.0/../../../../arm-none-eabi/lib\libstdc++.a(eh_alloc.o)
                0x02014b9c                __cxa_allocate_exception
 .text.__cxa_free_exception
                0x02014be4       0x38 C:/devkitPro/devkitARM/bin/../lib/gcc/arm-none-eabi/13.2.0/../../../../arm-none-eabi/lib\libstdc++.a(eh_alloc.o)
                0x02014be4                __cxa_free_exception
 .text.startup._GLOBAL__sub_I__ZN9__gnu_cxx9__freeresEv
                0x02014c1c      0x1bc C:/devkitPro/devkitARM/bin/../lib/gcc/arm-none-eabi/13.2.0/../../../../arm-none-eabi/lib\libstdc++.a(eh_alloc.o)
 .text._ZN10__cxxabiv1L24__is_gxx_exception_classEPc
                0x02014dd8       0x70 C:/devkitPro/devkitARM/bin/../lib/gcc/arm-none-eabi/13.2.0/../../../../arm-none-eabi/lib\libstdc++.a(eh_call.o)
 .text.__cxa_call_terminate
                0x02014e48       0x2c C:/devkitPro/devkitARM/bin/../lib/gcc/arm-none-eabi/13.2.0/../../../../arm-none-eabi/lib\libstdc++.a(eh_call.o)
                0x02014e48                __cxa_call_terminate
 .text.unlikely.__cxa_call_unexpected
                0x02014e74      0x148 C:/devkitPro/devkitARM/bin/../lib/gcc/arm-none-eabi/13.2.0/../../../../arm-none-eabi/lib\libstdc++.a(eh_call.o)
                0x02014e74                __cxa_call_unexpected
 .text._ZNK9__gnu_cxx29__concurrence_broadcast_error4whatEv
                0x02014fbc        0xc C:/devkitPro/devkitARM/bin/../lib/gcc/arm-none-eabi/13.2.0/../../../../arm-none-eabi/lib\libstdc++.a(guard.o)
                0x02014fbc                __gnu_cxx::__concurrence_broadcast_error::what() const
 .text._ZNK9__gnu_cxx24__concurrence_wait_error4whatEv
                0x02014fc8        0xc C:/devkitPro/devkitARM/bin/../lib/gcc/arm-none-eabi/13.2.0/../../../../arm-none-eabi/lib\libstdc++.a(guard.o)
                0x02014fc8                __gnu_cxx::__concurrence_wait_error::what() const
 .text._ZN12_GLOBAL__N_1L4initEv
                0x02014fd4       0x3c C:/devkitPro/devkitARM/bin/../lib/gcc/arm-none-eabi/13.2.0/../../../../arm-none-eabi/lib\libstdc++.a(guard.o)
 .text._ZN12_GLOBAL__N_1L16init_static_condEv
                0x02015010       0x24 C:/devkitPro/devkitARM/bin/../lib/gcc/arm-none-eabi/13.2.0/../../../../arm-none-eabi/lib\libstdc++.a(guard.o)
 .text._ZN9__gnu_cxx24__concurrence_wait_errorD2Ev
                0x02015034       0x24 C:/devkitPro/devkitARM/bin/../lib/gcc/arm-none-eabi/13.2.0/../../../../arm-none-eabi/lib\libstdc++.a(guard.o)
                0x02015034                __gnu_cxx::__concurrence_wait_error::~__concurrence_wait_error()
                0x02015034                __gnu_cxx::__concurrence_wait_error::~__concurrence_wait_error()
 .text._ZN9__gnu_cxx24__concurrence_wait_errorD0Ev
                0x02015058       0x30 C:/devkitPro/devkitARM/bin/../lib/gcc/arm-none-eabi/13.2.0/../../../../arm-none-eabi/lib\libstdc++.a(guard.o)
                0x02015058                __gnu_cxx::__concurrence_wait_error::~__concurrence_wait_error()
 .text._ZN9__gnu_cxx29__concurrence_broadcast_errorD2Ev
                0x02015088       0x24 C:/devkitPro/devkitARM/bin/../lib/gcc/arm-none-eabi/13.2.0/../../../../arm-none-eabi/lib\libstdc++.a(guard.o)
                0x02015088                __gnu_cxx::__concurrence_broadcast_error::~__concurrence_broadcast_error()
                0x02015088                __gnu_cxx::__concurrence_broadcast_error::~__concurrence_broadcast_error()
 .text._ZN9__gnu_cxx29__concurrence_broadcast_errorD0Ev
                0x020150ac       0x30 C:/devkitPro/devkitARM/bin/../lib/gcc/arm-none-eabi/13.2.0/../../../../arm-none-eabi/lib\libstdc++.a(guard.o)
                0x020150ac                __gnu_cxx::__concurrence_broadcast_error::~__concurrence_broadcast_error()
 .text.unlikely._ZN9__gnu_cxx35__throw_concurrence_broadcast_errorEv
                0x020150dc       0x2c C:/devkitPro/devkitARM/bin/../lib/gcc/arm-none-eabi/13.2.0/../../../../arm-none-eabi/lib\libstdc++.a(guard.o)
                0x020150dc                __gnu_cxx::__throw_concurrence_broadcast_error()
 .text.__cxa_guard_acquire
                0x02015108      0x1ac C:/devkitPro/devkitARM/bin/../lib/gcc/arm-none-eabi/13.2.0/../../../../arm-none-eabi/lib\libstdc++.a(guard.o)
                0x02015108                __cxa_guard_acquire
 .text.__cxa_guard_release
                0x020152b4       0xbc C:/devkitPro/devkitARM/bin/../lib/gcc/arm-none-eabi/13.2.0/../../../../arm-none-eabi/lib\libstdc++.a(guard.o)
                0x020152b4                __cxa_guard_release
 .text._ZN9__gnu_cxx20recursive_init_errorD2Ev
                0x02015370       0x24 C:/devkitPro/devkitARM/bin/../lib/gcc/arm-none-eabi/13.2.0/../../../../arm-none-eabi/lib\libstdc++.a(guard_error.o)
                0x02015370                __gnu_cxx::recursive_init_error::~recursive_init_error()
                0x02015370                __gnu_cxx::recursive_init_error::~recursive_init_error()
 .text._ZN9__gnu_cxx20recursive_init_errorD0Ev
                0x02015394       0x30 C:/devkitPro/devkitARM/bin/../lib/gcc/arm-none-eabi/13.2.0/../../../../arm-none-eabi/lib\libstdc++.a(guard_error.o)
                0x02015394                __gnu_cxx::recursive_init_error::~recursive_init_error()
 .text._ZN9__gnu_cxx20recursive_init_errorC2Ev
                0x020153c4       0x10 C:/devkitPro/devkitARM/bin/../lib/gcc/arm-none-eabi/13.2.0/../../../../arm-none-eabi/lib\libstdc++.a(guard_error.o)
                0x020153c4                __gnu_cxx::recursive_init_error::recursive_init_error()
                0x020153c4                __gnu_cxx::recursive_init_error::recursive_init_error()
 .text._ZSt15get_new_handlerv
                0x020153d4       0x60 C:/devkitPro/devkitARM/bin/../lib/gcc/arm-none-eabi/13.2.0/../../../../arm-none-eabi/lib\libstdc++.a(new_handler.o)
                0x020153d4                std::get_new_handler()
 .text.startup._GLOBAL__sub_I__ZSt7nothrow
                0x02015434       0x20 C:/devkitPro/devkitARM/bin/../lib/gcc/arm-none-eabi/13.2.0/../../../../arm-none-eabi/lib\libstdc++.a(new_handler.o)
 .text._ZNKSt11logic_error4whatEv
                0x02015454        0x8 C:/devkitPro/devkitARM/bin/../lib/gcc/arm-none-eabi/13.2.0/../../../../arm-none-eabi/lib\libstdc++.a(stdexcept.o)
                0x02015454                std::logic_error::what() const
                0x02015454                std::runtime_error::what() const
 .text._ZNSt11logic_errorD2Ev
                0x0201545c       0x8c C:/devkitPro/devkitARM/bin/../lib/gcc/arm-none-eabi/13.2.0/../../../../arm-none-eabi/lib\libstdc++.a(stdexcept.o)
                0x0201545c                std::logic_error::~logic_error()
                0x0201545c                std::logic_error::~logic_error()
 .text._ZNSt12length_errorD2Ev
                0x020154e8       0x8c C:/devkitPro/devkitARM/bin/../lib/gcc/arm-none-eabi/13.2.0/../../../../arm-none-eabi/lib\libstdc++.a(stdexcept.o)
                0x020154e8                std::length_error::~length_error()
                0x020154e8                std::length_error::~length_error()
 .text._ZNSt11logic_errorD0Ev
                0x02015574       0x94 C:/devkitPro/devkitARM/bin/../lib/gcc/arm-none-eabi/13.2.0/../../../../arm-none-eabi/lib\libstdc++.a(stdexcept.o)
                0x02015574                std::logic_error::~logic_error()
 .text._ZNSt12length_errorD0Ev
                0x02015608       0x94 C:/devkitPro/devkitARM/bin/../lib/gcc/arm-none-eabi/13.2.0/../../../../arm-none-eabi/lib\libstdc++.a(stdexcept.o)
                0x02015608                std::length_error::~length_error()
 .text._ZNSt11logic_errorC2EPKc
                0x0201569c       0xc8 C:/devkitPro/devkitARM/bin/../lib/gcc/arm-none-eabi/13.2.0/../../../../arm-none-eabi/lib\libstdc++.a(cow-stdexcept.o)
                0x0201569c                std::logic_error::logic_error(char const*)
                0x0201569c                std::logic_error::logic_error(char const*)
 .text._ZNSt12length_errorC2EPKc
                0x02015764       0x24 C:/devkitPro/devkitARM/bin/../lib/gcc/arm-none-eabi/13.2.0/../../../../arm-none-eabi/lib\libstdc++.a(cow-stdexcept.o)
                0x02015764                std::length_error::length_error(char const*)
                0x02015764                std::length_error::length_error(char const*)
 .text._ZNSs4_Rep9_S_createEjjRKSaIcE
                0x02015788       0x88 C:/devkitPro/devkitARM/bin/../lib/gcc/arm-none-eabi/13.2.0/../../../../arm-none-eabi/lib\libstdc++.a(cow-string-inst.o)
                0x02015788                std::string::_Rep::_S_create(unsigned int, unsigned int, std::allocator<char> const&)
 .text._ZNSs4_Rep10_M_destroyERKSaIcE
                0x02015810       0x10 C:/devkitPro/devkitARM/bin/../lib/gcc/arm-none-eabi/13.2.0/../../../../arm-none-eabi/lib\libstdc++.a(cow-string-inst.o)
                0x02015810                std::string::_Rep::_M_destroy(std::allocator<char> const&)
 .text.__muldi3
                0x02015820       0x18 C:/devkitPro/devkitARM/bin/../lib/gcc/arm-none-eabi/13.2.0\libgcc.a(_muldi3.o)
                0x02015820                __muldi3
                0x02015820                __aeabi_lmul
 .text.__udivmoddi4
                0x02015838      0x128 C:/devkitPro/devkitARM/bin/../lib/gcc/arm-none-eabi/13.2.0\libgcc.a(_udivmoddi4.o)
                0x02015838                __udivmoddi4
 .text.selfrel_offset31
                0x02015960       0x18 C:/devkitPro/devkitARM/bin/../lib/gcc/arm-none-eabi/13.2.0\libgcc.a(unwind-arm.o)
 .text.search_EIT_table
                0x02015978       0x98 C:/devkitPro/devkitARM/bin/../lib/gcc/arm-none-eabi/13.2.0\libgcc.a(unwind-arm.o)
 .text.__gnu_unwind_get_pr_addr
                0x02015a10       0x40 C:/devkitPro/devkitARM/bin/../lib/gcc/arm-none-eabi/13.2.0\libgcc.a(unwind-arm.o)
 .text.get_eit_entry
                0x02015a50      0x118 C:/devkitPro/devkitARM/bin/../lib/gcc/arm-none-eabi/13.2.0\libgcc.a(unwind-arm.o)
 .text.restore_non_core_regs
                0x02015b68       0x90 C:/devkitPro/devkitARM/bin/../lib/gcc/arm-none-eabi/13.2.0\libgcc.a(unwind-arm.o)
 .text._Unwind_decode_typeinfo_ptr.constprop.0
                0x02015bf8       0x14 C:/devkitPro/devkitARM/bin/../lib/gcc/arm-none-eabi/13.2.0\libgcc.a(unwind-arm.o)
 .text._Unwind_DebugHook
                0x02015c0c        0x4 C:/devkitPro/devkitARM/bin/../lib/gcc/arm-none-eabi/13.2.0\libgcc.a(unwind-arm.o)
 .text.unwind_phase2
                0x02015c10       0x68 C:/devkitPro/devkitARM/bin/../lib/gcc/arm-none-eabi/13.2.0\libgcc.a(unwind-arm.o)
 .text.unwind_phase2_forced
                0x02015c78      0x154 C:/devkitPro/devkitARM/bin/../lib/gcc/arm-none-eabi/13.2.0\libgcc.a(unwind-arm.o)
 .text.__gnu_Unwind_RaiseException
                0x02015dcc       0xac C:/devkitPro/devkitARM/bin/../lib/gcc/arm-none-eabi/13.2.0\libgcc.a(unwind-arm.o)
                0x02015dcc                __gnu_Unwind_RaiseException
 .text.__gnu_Unwind_ForcedUnwind
                0x02015e78       0x28 C:/devkitPro/devkitARM/bin/../lib/gcc/arm-none-eabi/13.2.0\libgcc.a(unwind-arm.o)
                0x02015e78                __gnu_Unwind_ForcedUnwind
 .text.__gnu_Unwind_Resume
                0x02015ea0       0x78 C:/devkitPro/devkitARM/bin/../lib/gcc/arm-none-eabi/13.2.0\libgcc.a(unwind-arm.o)
                0x02015ea0                __gnu_Unwind_Resume
 .text.__gnu_Unwind_Resume_or_Rethrow
                0x02015f18       0x1c C:/devkitPro/devkitARM/bin/../lib/gcc/arm-none-eabi/13.2.0\libgcc.a(unwind-arm.o)
                0x02015f18                __gnu_Unwind_Resume_or_Rethrow
 .text._Unwind_Complete
                0x02015f34        0x4 C:/devkitPro/devkitARM/bin/../lib/gcc/arm-none-eabi/13.2.0\libgcc.a(unwind-arm.o)
                0x02015f34                _Unwind_Complete
 .text._Unwind_DeleteException
                0x02015f38       0x18 C:/devkitPro/devkitARM/bin/../lib/gcc/arm-none-eabi/13.2.0\libgcc.a(unwind-arm.o)
                0x02015f38                _Unwind_DeleteException
 .text._Unwind_VRS_Get
                0x02015f50       0x6c C:/devkitPro/devkitARM/bin/../lib/gcc/arm-none-eabi/13.2.0\libgcc.a(unwind-arm.o)
                0x02015f50                _Unwind_VRS_Get
 .text._Unwind_GetGR
                0x02015fbc       0x30 C:/devkitPro/devkitARM/bin/../lib/gcc/arm-none-eabi/13.2.0\libgcc.a(unwind-arm.o)
 .text._Unwind_VRS_Set
                0x02015fec       0x6c C:/devkitPro/devkitARM/bin/../lib/gcc/arm-none-eabi/13.2.0\libgcc.a(unwind-arm.o)
                0x02015fec                _Unwind_VRS_Set
 .text._Unwind_SetGR
                0x02016058       0x30 C:/devkitPro/devkitARM/bin/../lib/gcc/arm-none-eabi/13.2.0\libgcc.a(unwind-arm.o)
 .text.__gnu_Unwind_Backtrace
                0x02016088       0xcc C:/devkitPro/devkitARM/bin/../lib/gcc/arm-none-eabi/13.2.0\libgcc.a(unwind-arm.o)
                0x02016088                __gnu_Unwind_Backtrace
 .text.__gnu_unwind_pr_common
                0x02016154      0x41c C:/devkitPro/devkitARM/bin/../lib/gcc/arm-none-eabi/13.2.0\libgcc.a(unwind-arm.o)
 .text.__aeabi_unwind_cpp_pr0
                0x02016570        0x8 C:/devkitPro/devkitARM/bin/../lib/gcc/arm-none-eabi/13.2.0\libgcc.a(unwind-arm.o)
                0x02016570                __aeabi_unwind_cpp_pr0
 .text.__aeabi_unwind_cpp_pr1
                0x02016578        0x8 C:/devkitPro/devkitARM/bin/../lib/gcc/arm-none-eabi/13.2.0\libgcc.a(unwind-arm.o)
                0x02016578                __aeabi_unwind_cpp_pr1
 .text.__aeabi_unwind_cpp_pr2
                0x02016580        0x8 C:/devkitPro/devkitARM/bin/../lib/gcc/arm-none-eabi/13.2.0\libgcc.a(unwind-arm.o)
                0x02016580                __aeabi_unwind_cpp_pr2
 .text._Unwind_VRS_Pop
                0x02016588      0x42c C:/devkitPro/devkitARM/bin/../lib/gcc/arm-none-eabi/13.2.0\libgcc.a(unwind-arm.o)
                0x02016588                _Unwind_VRS_Pop
 .text.next_unwind_byte
                0x020169b4       0x60 C:/devkitPro/devkitARM/bin/../lib/gcc/arm-none-eabi/13.2.0\libgcc.a(pr-support.o)
 .text._Unwind_GetGR.constprop.0
                0x02016a14       0x30 C:/devkitPro/devkitARM/bin/../lib/gcc/arm-none-eabi/13.2.0\libgcc.a(pr-support.o)
 .text.unwind_UCB_from_context
                0x02016a44        0x4 C:/devkitPro/devkitARM/bin/../lib/gcc/arm-none-eabi/13.2.0\libgcc.a(pr-support.o)
 .text.__gnu_unwind_execute
                0x02016a48      0x470 C:/devkitPro/devkitARM/bin/../lib/gcc/arm-none-eabi/13.2.0\libgcc.a(pr-support.o)
                0x02016a48                __gnu_unwind_execute
 .text.__gnu_unwind_frame
                0x02016eb8       0x4c C:/devkitPro/devkitARM/bin/../lib/gcc/arm-none-eabi/13.2.0\libgcc.a(pr-support.o)
                0x02016eb8                __gnu_unwind_frame
 .text._Unwind_GetRegionStart
                0x02016f04       0x14 C:/devkitPro/devkitARM/bin/../lib/gcc/arm-none-eabi/13.2.0\libgcc.a(pr-support.o)
                0x02016f04                _Unwind_GetRegionStart
 .text._Unwind_GetLanguageSpecificData
                0x02016f18       0x20 C:/devkitPro/devkitARM/bin/../lib/gcc/arm-none-eabi/13.2.0\libgcc.a(pr-support.o)
                0x02016f18                _Unwind_GetLanguageSpecificData
 .text.unlikely._Unwind_GetDataRelBase
                0x02016f38        0x8 C:/devkitPro/devkitARM/bin/../lib/gcc/arm-none-eabi/13.2.0\libgcc.a(pr-support.o)
                0x02016f38                _Unwind_GetDataRelBase
 .text.unlikely._Unwind_GetTextRelBase
                0x02016f40        0x8 C:/devkitPro/devkitARM/bin/../lib/gcc/arm-none-eabi/13.2.0\libgcc.a(pr-support.o)
                0x02016f40                _Unwind_GetTextRelBase
 .text.towlower
                0x02016f48       0x14 C:/devkitPro/devkitARM/bin/../lib/gcc/arm-none-eabi/13.2.0/../../../../arm-none-eabi/lib\libg.a(libc_a-towlower.o)
                0x02016f48                towlower
 .text._mbrtowc_r
                0x02016f5c       0xc0 C:/devkitPro/devkitARM/bin/../lib/gcc/arm-none-eabi/13.2.0/../../../../arm-none-eabi/lib\libg.a(libc_a-mbrtowc.o)
                0x02016f5c                _mbrtowc_r
 .text.mbrtowc  0x0201701c       0xc4 C:/devkitPro/devkitARM/bin/../lib/gcc/arm-none-eabi/13.2.0/../../../../arm-none-eabi/lib\libg.a(libc_a-mbrtowc.o)
                0x0201701c                mbrtowc
 .text._wcrtomb_r
                0x020170e0       0xac C:/devkitPro/devkitARM/bin/../lib/gcc/arm-none-eabi/13.2.0/../../../../arm-none-eabi/lib\libg.a(libc_a-wcrtomb.o)
                0x020170e0                _wcrtomb_r
 .text.wcrtomb  0x0201718c       0xb4 C:/devkitPro/devkitARM/bin/../lib/gcc/arm-none-eabi/13.2.0/../../../../arm-none-eabi/lib\libg.a(libc_a-wcrtomb.o)
                0x0201718c                wcrtomb
 .text.towupper
                0x02017240       0x14 C:/devkitPro/devkitARM/bin/../lib/gcc/arm-none-eabi/13.2.0/../../../../arm-none-eabi/lib\libg.a(libc_a-towupper.o)
                0x02017240                towupper
 .text.mbsrtowcs
                0x02017254       0x3c C:/devkitPro/devkitARM/bin/../lib/gcc/arm-none-eabi/13.2.0/../../../../arm-none-eabi/lib\libg.a(libc_a-mbsrtowcs.o)
                0x02017254                mbsrtowcs
 .text.wctob    0x02017290       0x88 C:/devkitPro/devkitARM/bin/../lib/gcc/arm-none-eabi/13.2.0/../../../../arm-none-eabi/lib\libg.a(libc_a-wctob.o)
                0x02017290                wctob
 .text.rewind   0x02017318       0x30 C:/devkitPro/devkitARM/bin/../lib/gcc/arm-none-eabi/13.2.0/../../../../arm-none-eabi/lib\libg.a(libc_a-rewind.o)
                0x02017318                rewind
 .text.towctrans
                0x02017348       0x48 C:/devkitPro/devkitARM/bin/../lib/gcc/arm-none-eabi/13.2.0/../../../../arm-none-eabi/lib\libg.a(libc_a-towctrans.o)
                0x02017348                towctrans
 .text.snprintf
                0x02017390       0xcc C:/devkitPro/devkitARM/bin/../lib/gcc/arm-none-eabi/13.2.0/../../../../arm-none-eabi/lib\libg.a(libc_a-snprintf.o)
                0x02017390                snprintf
 .text.abort    0x0201745c       0x14 C:/devkitPro/devkitARM/bin/../lib/gcc/arm-none-eabi/13.2.0/../../../../arm-none-eabi/lib\libg.a(libc_a-abort.o)
                0x0201745c                abort
 .text.siscanf  0x02017470       0x74 C:/devkitPro/devkitARM/bin/../lib/gcc/arm-none-eabi/13.2.0/../../../../arm-none-eabi/lib\libg.a(libc_a-siscanf.o)
                0x02017470                siscanf
 .text.calloc   0x020174e4       0x24 C:/devkitPro/devkitARM/bin/../lib/gcc/arm-none-eabi/13.2.0/../../../../arm-none-eabi/lib\libg.a(libc_a-calloc.o)
                0x020174e4                calloc
 .text._calloc_r
                0x02017508       0xd0 C:/devkitPro/devkitARM/bin/../lib/gcc/arm-none-eabi/13.2.0/../../../../arm-none-eabi/lib\libg.a(libc_a-callocr.o)
                0x02017508                _calloc_r
 .text.setvbuf  0x020175d8      0x25c C:/devkitPro/devkitARM/bin/../lib/gcc/arm-none-eabi/13.2.0/../../../../arm-none-eabi/lib\libg.a(libc_a-setvbuf.o)
                0x020175d8                setvbuf
 .text.get_arg  0x02017834       0x54 C:/devkitPro/devkitARM/bin/../lib/gcc/arm-none-eabi/13.2.0/../../../../arm-none-eabi/lib\libg.a(libc_a-svfiscanf.o)
 .text._sungetc_r
                0x02017888       0xe4 C:/devkitPro/devkitARM/bin/../lib/gcc/arm-none-eabi/13.2.0/../../../../arm-none-eabi/lib\libg.a(libc_a-svfiscanf.o)
                0x02017888                _sungetc_r
 .text.__ssrefill_r
                0x0201796c       0x68 C:/devkitPro/devkitARM/bin/../lib/gcc/arm-none-eabi/13.2.0/../../../../arm-none-eabi/lib\libg.a(libc_a-svfiscanf.o)
                0x0201796c                __ssrefill_r
 .text._sfread_r
                0x020179d4       0xc8 C:/devkitPro/devkitARM/bin/../lib/gcc/arm-none-eabi/13.2.0/../../../../arm-none-eabi/lib\libg.a(libc_a-svfiscanf.o)
                0x020179d4                _sfread_r
 .text.__ssvfiscanf_r
                0x02017a9c     0x22dc C:/devkitPro/devkitARM/bin/../lib/gcc/arm-none-eabi/13.2.0/../../../../arm-none-eabi/lib\libg.a(libc_a-svfiscanf.o)
                0x02017a9c                __ssvfiscanf_r
 .text._malloc_trim_r
                0x02019d78      0x100 C:/devkitPro/devkitARM/bin/../lib/gcc/arm-none-eabi/13.2.0/../../../../arm-none-eabi/lib\libg.a(libc_a-freer.o)
                0x02019d78                _malloc_trim_r
 .text._free_r  0x02019e78      0x2e8 C:/devkitPro/devkitARM/bin/../lib/gcc/arm-none-eabi/13.2.0/../../../../arm-none-eabi/lib\libg.a(libc_a-freer.o)
                0x02019e78                _free_r
 .text.iprintf  0x0201a160       0x34 C:/devkitPro/devkitARM/bin/../lib/gcc/arm-none-eabi/13.2.0/../../../../arm-none-eabi/lib\libg.a(libc_a-iprintf.o)
                0x0201a160                iprintf
 .text.strchr   0x0201a194      0x13c C:/devkitPro/devkitARM/bin/../lib/gcc/arm-none-eabi/13.2.0/../../../../arm-none-eabi/lib\libg.a(libc_a-strchr.o)
                0x0201a194                strchr
 .text.memcmp   0x0201a2d0       0xe0 C:/devkitPro/devkitARM/bin/../lib/gcc/arm-none-eabi/13.2.0/../../../../arm-none-eabi/lib\libg.a(libc_a-memcmp.o)
                0x0201a2d0                memcmp
 .text._fclose_r
                0x0201a3b0      0x150 C:/devkitPro/devkitARM/bin/../lib/gcc/arm-none-eabi/13.2.0/../../../../arm-none-eabi/lib\libg.a(libc_a-fclose.o)
                0x0201a3b0                _fclose_r
 .text.fclose   0x0201a500       0x18 C:/devkitPro/devkitARM/bin/../lib/gcc/arm-none-eabi/13.2.0/../../../../arm-none-eabi/lib\libg.a(libc_a-fclose.o)
                0x0201a500                fclose
 .text.get_arg  0x0201a518      0x654 C:/devkitPro/devkitARM/bin/../lib/gcc/arm-none-eabi/13.2.0/../../../../arm-none-eabi/lib\libg.a(libc_a-svfprintf.o)
 .text._svfprintf_r
                0x0201ab6c     0x3518 C:/devkitPro/devkitARM/bin/../lib/gcc/arm-none-eabi/13.2.0/../../../../arm-none-eabi/lib\libg.a(libc_a-svfprintf.o)
                0x0201ab6c                _svfprintf_r
 .text.malloc   0x0201e084       0x1c C:/devkitPro/devkitARM/bin/../lib/gcc/arm-none-eabi/13.2.0/../../../../arm-none-eabi/lib\libg.a(libc_a-malloc.o)
                0x0201e084                malloc
 .text.free     0x0201e0a0       0x1c C:/devkitPro/devkitARM/bin/../lib/gcc/arm-none-eabi/13.2.0/../../../../arm-none-eabi/lib\libg.a(libc_a-malloc.o)
                0x0201e0a0                free
 .text._malloc_r
                0x0201e0bc      0x7a4 C:/devkitPro/devkitARM/bin/../lib/gcc/arm-none-eabi/13.2.0/../../../../arm-none-eabi/lib\libg.a(libc_a-mallocr.o)
                0x0201e0bc                _malloc_r
 .text.getenv   0x0201e860       0x28 C:/devkitPro/devkitARM/bin/../lib/gcc/arm-none-eabi/13.2.0/../../../../arm-none-eabi/lib\libg.a(libc_a-getenv.o)
                0x0201e860                getenv
 .text.memmove  0x0201e888      0x154 C:/devkitPro/devkitARM/bin/../lib/gcc/arm-none-eabi/13.2.0/../../../../arm-none-eabi/lib\libg.a(libc_a-memmove.o)
                0x0201e888                memmove
 .text._findenv_r
                0x0201e9dc       0xd0 C:/devkitPro/devkitARM/bin/../lib/gcc/arm-none-eabi/13.2.0/../../../../arm-none-eabi/lib\libg.a(libc_a-getenv_r.o)
                0x0201e9dc                _findenv_r
 .text._getenv_r
                0x0201eaac       0x1c C:/devkitPro/devkitARM/bin/../lib/gcc/arm-none-eabi/13.2.0/../../../../arm-none-eabi/lib\libg.a(libc_a-getenv_r.o)
                0x0201eaac                _getenv_r
 .text.memset   0x0201eac8       0xfc C:/devkitPro/devkitARM/bin/../lib/gcc/arm-none-eabi/13.2.0/../../../../arm-none-eabi/lib\libg.a(libc_a-memset.o)
                0x0201eac8                memset
 .text.__malloc_lock
                0x0201ebc4       0x18 C:/devkitPro/devkitARM/bin/../lib/gcc/arm-none-eabi/13.2.0/../../../../arm-none-eabi/lib\libg.a(libc_a-mlock.o)
                0x0201ebc4                __malloc_lock
 .text.__malloc_unlock
                0x0201ebdc       0x18 C:/devkitPro/devkitARM/bin/../lib/gcc/arm-none-eabi/13.2.0/../../../../arm-none-eabi/lib\libg.a(libc_a-mlock.o)
                0x0201ebdc                __malloc_unlock
 .text._raise_r
                0x0201ebf4       0x94 C:/devkitPro/devkitARM/bin/../lib/gcc/arm-none-eabi/13.2.0/../../../../arm-none-eabi/lib\libg.a(libc_a-signal.o)
                0x0201ebf4                _raise_r
 .text.raise    0x0201ec88       0x18 C:/devkitPro/devkitARM/bin/../lib/gcc/arm-none-eabi/13.2.0/../../../../arm-none-eabi/lib\libg.a(libc_a-signal.o)
                0x0201ec88                raise
 .text.strlen   0x0201eca0       0x94 C:/devkitPro/devkitARM/bin/../lib/gcc/arm-none-eabi/13.2.0/../../../../arm-none-eabi/lib\libg.a(libc_a-strlen.o)
                0x0201eca0                strlen
 .text._fopen_r
                0x0201ed34      0x138 C:/devkitPro/devkitARM/bin/../lib/gcc/arm-none-eabi/13.2.0/../../../../arm-none-eabi/lib\libg.a(libc_a-fopen.o)
                0x0201ed34                _fopen_r
 .text.fopen    0x0201ee6c       0x20 C:/devkitPro/devkitARM/bin/../lib/gcc/arm-none-eabi/13.2.0/../../../../arm-none-eabi/lib\libg.a(libc_a-fopen.o)
                0x0201ee6c                fopen
 .text.__sflush_r
                0x0201ee8c      0x248 C:/devkitPro/devkitARM/bin/../lib/gcc/arm-none-eabi/13.2.0/../../../../arm-none-eabi/lib\libg.a(libc_a-fflush.o)
                0x0201ee8c                __sflush_r
 .text._fflush_r
                0x0201f0d4       0x9c C:/devkitPro/devkitARM/bin/../lib/gcc/arm-none-eabi/13.2.0/../../../../arm-none-eabi/lib\libg.a(libc_a-fflush.o)
                0x0201f0d4                _fflush_r
 .text.strpbrk  0x0201f170       0x7c C:/devkitPro/devkitARM/bin/../lib/gcc/arm-none-eabi/13.2.0/../../../../arm-none-eabi/lib\libg.a(libc_a-strpbrk.o)
                0x0201f170                strpbrk
 .text.strdup   0x0201f1ec       0x1c C:/devkitPro/devkitARM/bin/../lib/gcc/arm-none-eabi/13.2.0/../../../../arm-none-eabi/lib\libg.a(libc_a-strdup.o)
                0x0201f1ec                strdup
 .text.strcasecmp
                0x0201f208       0x70 C:/devkitPro/devkitARM/bin/../lib/gcc/arm-none-eabi/13.2.0/../../../../arm-none-eabi/lib\libg.a(libc_a-strcasecmp.o)
                0x0201f208                strcasecmp
 .text.strrchr  0x0201f278       0x58 C:/devkitPro/devkitARM/bin/../lib/gcc/arm-none-eabi/13.2.0/../../../../arm-none-eabi/lib\libg.a(libc_a-strrchr.o)
                0x0201f278                strrchr
 .text.strncasecmp
                0x0201f2d0       0x8c C:/devkitPro/devkitARM/bin/../lib/gcc/arm-none-eabi/13.2.0/../../../../arm-none-eabi/lib\libg.a(libc_a-strncasecmp.o)
                0x0201f2d0                strncasecmp
 .text._strdup_r
                0x0201f35c       0x44 C:/devkitPro/devkitARM/bin/../lib/gcc/arm-none-eabi/13.2.0/../../../../arm-none-eabi/lib\libg.a(libc_a-strdup_r.o)
                0x0201f35c                _strdup_r
 .text.ftell    0x0201f3a0       0x30 C:/devkitPro/devkitARM/bin/../lib/gcc/arm-none-eabi/13.2.0/../../../../arm-none-eabi/lib\libg.a(libc_a-ftell.o)
                0x0201f3a0                ftell
 .text.strncmp  0x0201f3d0       0xec C:/devkitPro/devkitARM/bin/../lib/gcc/arm-none-eabi/13.2.0/../../../../arm-none-eabi/lib\libg.a(libc_a-strncmp.o)
                0x0201f3d0                strncmp
 .text._fwalk_sglue
                0x0201f4bc       0x78 C:/devkitPro/devkitARM/bin/../lib/gcc/arm-none-eabi/13.2.0/../../../../arm-none-eabi/lib\libg.a(libc_a-fwalk.o)
                0x0201f4bc                _fwalk_sglue
 .text._fread_r
                0x0201f534      0x33c C:/devkitPro/devkitARM/bin/../lib/gcc/arm-none-eabi/13.2.0/../../../../arm-none-eabi/lib\libg.a(libc_a-fread.o)
                0x0201f534                _fread_r
 .text.fread    0x0201f870       0x3c C:/devkitPro/devkitARM/bin/../lib/gcc/arm-none-eabi/13.2.0/../../../../arm-none-eabi/lib\libg.a(libc_a-fread.o)
                0x0201f870                fread
 .text.strncpy  0x0201f8ac       0xd0 C:/devkitPro/devkitARM/bin/../lib/gcc/arm-none-eabi/13.2.0/../../../../arm-none-eabi/lib\libg.a(libc_a-strncpy.o)
                0x0201f8ac                strncpy
 .text.stdio_exit_handler
                0x0201f97c       0x28 C:/devkitPro/devkitARM/bin/../lib/gcc/arm-none-eabi/13.2.0/../../../../arm-none-eabi/lib\libg.a(libc_a-findfp.o)
 .text.cleanup_stdio
                0x0201f9a4       0x54 C:/devkitPro/devkitARM/bin/../lib/gcc/arm-none-eabi/13.2.0/../../../../arm-none-eabi/lib\libg.a(libc_a-findfp.o)
 .text.global_stdio_init.part.0
                0x0201f9f8      0x158 C:/devkitPro/devkitARM/bin/../lib/gcc/arm-none-eabi/13.2.0/../../../../arm-none-eabi/lib\libg.a(libc_a-findfp.o)
 .text.__sfp    0x0201fb50      0x138 C:/devkitPro/devkitARM/bin/../lib/gcc/arm-none-eabi/13.2.0/../../../../arm-none-eabi/lib\libg.a(libc_a-findfp.o)
                0x0201fb50                __sfp
 .text.__sinit  0x0201fc88       0x64 C:/devkitPro/devkitARM/bin/../lib/gcc/arm-none-eabi/13.2.0/../../../../arm-none-eabi/lib\libg.a(libc_a-findfp.o)
                0x0201fc88                __sinit
 .text.__sfp_lock_acquire
                0x0201fcec       0x18 C:/devkitPro/devkitARM/bin/../lib/gcc/arm-none-eabi/13.2.0/../../../../arm-none-eabi/lib\libg.a(libc_a-findfp.o)
                0x0201fcec                __sfp_lock_acquire
 .text.__sfp_lock_release
                0x0201fd04       0x18 C:/devkitPro/devkitARM/bin/../lib/gcc/arm-none-eabi/13.2.0/../../../../arm-none-eabi/lib\libg.a(libc_a-findfp.o)
                0x0201fd04                __sfp_lock_release
 .text.localtime_r
                0x0201fd1c      0x374 C:/devkitPro/devkitARM/bin/../lib/gcc/arm-none-eabi/13.2.0/../../../../arm-none-eabi/lib\libg.a(libc_a-lcltime_r.o)
                0x0201fd1c                localtime_r
 .text.strnlen  0x02020090       0x48 C:/devkitPro/devkitARM/bin/../lib/gcc/arm-none-eabi/13.2.0/../../../../arm-none-eabi/lib\libg.a(libc_a-strnlen.o)
                0x02020090                strnlen
 .text._tzset_unlocked
                0x020200d8       0x14 C:/devkitPro/devkitARM/bin/../lib/gcc/arm-none-eabi/13.2.0/../../../../arm-none-eabi/lib\libg.a(libc_a-tzset.o)
                0x020200d8                _tzset_unlocked
 .text.validate_structure
                0x020200ec      0x2e0 C:/devkitPro/devkitARM/bin/../lib/gcc/arm-none-eabi/13.2.0/../../../../arm-none-eabi/lib\libg.a(libc_a-mktime.o)
 .text.mktime   0x020203cc      0x4cc C:/devkitPro/devkitARM/bin/../lib/gcc/arm-none-eabi/13.2.0/../../../../arm-none-eabi/lib\libg.a(libc_a-mktime.o)
                0x020203cc                mktime
 .text.access   0x02020898       0x54 C:/devkitPro/devkitARM/bin/../lib/gcc/arm-none-eabi/13.2.0/../../../../arm-none-eabi/lib\libg.a(libc_a-access.o)
                0x02020898                access
 .text._fseek_r
                0x020208ec       0x20 C:/devkitPro/devkitARM/bin/../lib/gcc/arm-none-eabi/13.2.0/../../../../arm-none-eabi/lib\libg.a(libc_a-fseek.o)
                0x020208ec                _fseek_r
 .text.fseek    0x0202090c       0x38 C:/devkitPro/devkitARM/bin/../lib/gcc/arm-none-eabi/13.2.0/../../../../arm-none-eabi/lib\libg.a(libc_a-fseek.o)
                0x0202090c                fseek
 .text._tzset_unlocked_r
                0x02020944      0x688 C:/devkitPro/devkitARM/bin/../lib/gcc/arm-none-eabi/13.2.0/../../../../arm-none-eabi/lib\libg.a(libc_a-tzset_r.o)
                0x02020944                _tzset_unlocked_r
 .text._strtol_l.part.0
                0x02020fcc      0x1b4 C:/devkitPro/devkitARM/bin/../lib/gcc/arm-none-eabi/13.2.0/../../../../arm-none-eabi/lib\libg.a(libc_a-strtol.o)
 .text._strtol_r
                0x02021180       0x64 C:/devkitPro/devkitARM/bin/../lib/gcc/arm-none-eabi/13.2.0/../../../../arm-none-eabi/lib\libg.a(libc_a-strtol.o)
                0x02021180                _strtol_r
 .text.realloc  0x020211e4       0x24 C:/devkitPro/devkitARM/bin/../lib/gcc/arm-none-eabi/13.2.0/../../../../arm-none-eabi/lib\libg.a(libc_a-realloc.o)
                0x020211e4                realloc
 .text.__gettzinfo
                0x02021208        0xc C:/devkitPro/devkitARM/bin/../lib/gcc/arm-none-eabi/13.2.0/../../../../arm-none-eabi/lib\libg.a(libc_a-gettzinfo.o)
                0x02021208                __gettzinfo
 .text._strtoul_l.isra.0
                0x02021214      0x1dc C:/devkitPro/devkitARM/bin/../lib/gcc/arm-none-eabi/13.2.0/../../../../arm-none-eabi/lib\libg.a(libc_a-strtoul.o)
 .text._strtoul_r
                0x020213f0       0x30 C:/devkitPro/devkitARM/bin/../lib/gcc/arm-none-eabi/13.2.0/../../../../arm-none-eabi/lib\libg.a(libc_a-strtoul.o)
                0x020213f0                _strtoul_r
 .text.strtoul  0x02021420       0x34 C:/devkitPro/devkitARM/bin/../lib/gcc/arm-none-eabi/13.2.0/../../../../arm-none-eabi/lib\libg.a(libc_a-strtoul.o)